Archive member included to satisfy reference by file (symbol)

c:/program files (x86)/embitz/1.11/share/em_armgcc/bin/../lib/gcc/arm-none-eabi/5.4.1/../../../../arm-none-eabi/lib/armv6-m\libstdc++_s.a(guard.o)
                              .objs\pokitto\pokitto_libs\usbdevice\usbdevice\usbdevice.o (__cxa_guard_acquire)
c:/program files (x86)/embitz/1.11/share/em_armgcc/bin/../lib/gcc/arm-none-eabi/5.4.1/../../../../arm-none-eabi/lib/armv6-m\libm.a(lib_a-s_floor.o)
                              .objs\pokitto\mbed-pokitto\targets\hal\target_nxp\target_lpc11u6x\spi_api.o (floor)
c:/program files (x86)/embitz/1.11/share/em_armgcc/bin/../lib/gcc/arm-none-eabi/5.4.1/../../../../arm-none-eabi/lib/armv6-m\libc_n.a(lib_a-abs.o)
                              .objs\pokitto\mbed-pokitto\targets\hal\target_nxp\target_lpc11u6x\serial_api.o (abs)
c:/program files (x86)/embitz/1.11/share/em_armgcc/bin/../lib/gcc/arm-none-eabi/5.4.1/../../../../arm-none-eabi/lib/armv6-m\libc_n.a(lib_a-errno.o)
                              .objs\pokitto\mbed-pokitto\common\retarget.o (__errno)
c:/program files (x86)/embitz/1.11/share/em_armgcc/bin/../lib/gcc/arm-none-eabi/5.4.1/../../../../arm-none-eabi/lib/armv6-m\libc_n.a(lib_a-fclose.o)
                              .objs\pokitto\mbed-pokitto\common\stream.o (fclose)
c:/program files (x86)/embitz/1.11/share/em_armgcc/bin/../lib/gcc/arm-none-eabi/5.4.1/../../../../arm-none-eabi/lib/armv6-m\libc_n.a(lib_a-fflush.o)
                              c:/program files (x86)/embitz/1.11/share/em_armgcc/bin/../lib/gcc/arm-none-eabi/5.4.1/../../../../arm-none-eabi/lib/armv6-m\libc_n.a(lib_a-fclose.o) (__sflush_r)
c:/program files (x86)/embitz/1.11/share/em_armgcc/bin/../lib/gcc/arm-none-eabi/5.4.1/../../../../arm-none-eabi/lib/armv6-m\libc_n.a(lib_a-fgetc.o)
                              .objs\pokitto\mbed-pokitto\common\retarget.o (fgetc)
c:/program files (x86)/embitz/1.11/share/em_armgcc/bin/../lib/gcc/arm-none-eabi/5.4.1/../../../../arm-none-eabi/lib/armv6-m\libc_n.a(lib_a-fgets.o)
                              .objs\pokitto\mbed-pokitto\common\retarget.o (fgets)
c:/program files (x86)/embitz/1.11/share/em_armgcc/bin/../lib/gcc/arm-none-eabi/5.4.1/../../../../arm-none-eabi/lib/armv6-m\libc_n.a(lib_a-findfp.o)
                              c:/program files (x86)/embitz/1.11/share/em_armgcc/bin/../lib/gcc/arm-none-eabi/5.4.1/../../../../arm-none-eabi/lib/armv6-m\libc_n.a(lib_a-fclose.o) (__sinit)
c:/program files (x86)/embitz/1.11/share/em_armgcc/bin/../lib/gcc/arm-none-eabi/5.4.1/../../../../arm-none-eabi/lib/armv6-m\libc_n.a(lib_a-fopen.o)
                              .objs\pokitto\mbed-pokitto\common\stream.o (fopen)
c:/program files (x86)/embitz/1.11/share/em_armgcc/bin/../lib/gcc/arm-none-eabi/5.4.1/../../../../arm-none-eabi/lib/armv6-m\libc_n.a(lib_a-fputc.o)
                              .objs\pokitto\mbed-pokitto\common\stream.o (fputc)
c:/program files (x86)/embitz/1.11/share/em_armgcc/bin/../lib/gcc/arm-none-eabi/5.4.1/../../../../arm-none-eabi/lib/armv6-m\libc_n.a(lib_a-fputs.o)
                              .objs\pokitto\mbed-pokitto\common\stream.o (fputs)
c:/program files (x86)/embitz/1.11/share/em_armgcc/bin/../lib/gcc/arm-none-eabi/5.4.1/../../../../arm-none-eabi/lib/armv6-m\libc_n.a(lib_a-fseek.o)
                              c:/program files (x86)/embitz/1.11/share/em_armgcc/bin/../lib/gcc/arm-none-eabi/5.4.1/../../../../arm-none-eabi/lib/armv6-m\libc_n.a(lib_a-fopen.o) (_fseek_r)
c:/program files (x86)/embitz/1.11/share/em_armgcc/bin/../lib/gcc/arm-none-eabi/5.4.1/../../../../arm-none-eabi/lib/armv6-m\libc_n.a(lib_a-fseeko.o)
                              c:/program files (x86)/embitz/1.11/share/em_armgcc/bin/../lib/gcc/arm-none-eabi/5.4.1/../../../../arm-none-eabi/lib/armv6-m\libc_n.a(lib_a-fseek.o) (_fseeko_r)
c:/program files (x86)/embitz/1.11/share/em_armgcc/bin/../lib/gcc/arm-none-eabi/5.4.1/../../../../arm-none-eabi/lib/armv6-m\libc_n.a(lib_a-fwalk.o)
                              c:/program files (x86)/embitz/1.11/share/em_armgcc/bin/../lib/gcc/arm-none-eabi/5.4.1/../../../../arm-none-eabi/lib/armv6-m\libc_n.a(lib_a-findfp.o) (_fwalk)
c:/program files (x86)/embitz/1.11/share/em_armgcc/bin/../lib/gcc/arm-none-eabi/5.4.1/../../../../arm-none-eabi/lib/armv6-m\libc_n.a(lib_a-impure.o)
                              c:/program files (x86)/embitz/1.11/share/em_armgcc/bin/../lib/gcc/arm-none-eabi/5.4.1/../../../../arm-none-eabi/lib/armv6-m\libc_n.a(lib_a-fflush.o) (_global_impure_ptr)
c:/program files (x86)/embitz/1.11/share/em_armgcc/bin/../lib/gcc/arm-none-eabi/5.4.1/../../../../arm-none-eabi/lib/armv6-m\libc_n.a(lib_a-init.o)
                              c:/program files (x86)/embitz/1.11/share/em_armgcc/bin/../lib/gcc/arm-none-eabi/5.4.1/../../../../arm-none-eabi/lib/armv6-m/crt0.o (__libc_init_array)
c:/program files (x86)/embitz/1.11/share/em_armgcc/bin/../lib/gcc/arm-none-eabi/5.4.1/../../../../arm-none-eabi/lib/armv6-m\libc_n.a(lib_a-lcltime.o)
[...]
Memory Configuration

Name             Origin             Length             Attributes
MFlash256        0x00000000         0x00040000         xr
Ram0_32          0x10000100         0x00007f00         xrw
Ram1_2           0x20000000         0x00000800         xrw
Ram2USB_2        0x20004000         0x00000800         xrw
*default*        0x00000000         0xffffffff

Linker script and memory map

LOAD c:/program files (x86)/embitz/1.11/share/em_armgcc/bin/../lib/gcc/arm-none-eabi/5.4.1/armv6-m/crti.o
LOAD c:/program files (x86)/embitz/1.11/share/em_armgcc/bin/../lib/gcc/arm-none-eabi/5.4.1/armv6-m/crtbegin.o
LOAD c:/program files (x86)/embitz/1.11/share/em_armgcc/bin/../lib/gcc/arm-none-eabi/5.4.1/../../../../arm-none-eabi/lib/armv6-m/crt0.o
                0x00040000                __top_MFlash256 = 0x40000
                0x10008000                __top_Ram0_32 = 0x10008000
                0x20000800                __top_Ram1_2 = 0x20000800
                0x20004800                __top_Ram2USB_2 = 0x20004800

.text           0x00000000    0x30420
 FILL mask 0xff
                0x00000000                __vectors_start__ = ABSOLUTE (.)
 *(.isr_vector)
 .isr_vector    0x00000000       0xc0 .objs\pokitto\mbed-pokitto\targets\cmsis\target_nxp\target_lpc11u6x\toolchain_gcc_arm\target_lpc11u68\startup_lpc11u68.o
                0x00000000                g_pfnVectors
                0x000000c0                . = ALIGN (0x4)
                0x000000c0                __section_table_start = .
                0x000000c0                __data_section_table = .
                0x000000c0        0x4 LONG 0x3065c LOADADDR (.data)
                0x000000c4        0x4 LONG 0x10000100 ADDR (.data)
                0x000000c8        0x4 LONG 0x184 SIZEOF (.data)
                0x000000cc        0x4 LONG 0x3065c LOADADDR (.data_RAM2)
                0x000000d0        0x4 LONG 0x20000000 ADDR (.data_RAM2)
                0x000000d4        0x4 LONG 0x0 SIZEOF (.data_RAM2)
                0x000000d8        0x4 LONG 0x3065c LOADADDR (.data_RAM3)
                0x000000dc        0x4 LONG 0x20004000 ADDR (.data_RAM3)
                0x000000e0        0x4 LONG 0x0 SIZEOF (.data_RAM3)
                0x000000e4                __data_section_table_end = .
                0x000000e4                __bss_section_table = .
                0x000000e4        0x4 LONG 0x10000284 ADDR (.bss)
                0x000000e8        0x4 LONG 0x6eb0 SIZEOF (.bss)
                0x000000ec        0x4 LONG 0x20000000 ADDR (.bss_RAM2)
                0x000000f0        0x4 LONG 0x0 SIZEOF (.bss_RAM2)
                0x000000f4        0x4 LONG 0x20004000 ADDR (.bss_RAM3)
                0x000000f8        0x4 LONG 0x0 SIZEOF (.bss_RAM3)
                0x000000fc                __bss_section_table_end = .
                0x000000fc                __section_table_end = .
 *(.after_vectors*)
 .after_vectors
                0x000000fc       0x54 .objs\pokitto\mbed-pokitto\targets\cmsis\target_nxp\target_lpc11u6x\toolchain_gcc_arm\target_lpc11u68\startup_lpc11u68.o
                0x000000fc                ResetISR
 *(.text*)
 .text          0x00000150       0x60 c:/program files (x86)/embitz/1.11/share/em_armgcc/bin/../lib/gcc/arm-none-eabi/5.4.1/armv6-m/crtbegin.o
 .text._Z8xmit_spih
                0x000001b0       0x10 .objs\pokitto\libpff\mmc.o
                0x000001b0                xmit_spi(unsigned char)
 .text._Z7rcv_spiv
                0x000001c0       0x14 .objs\pokitto\libpff\mmc.o
                0x000001c0                rcv_spi()
 .text._ZL8send_cmdhm
                0x000001d4       0x7e .objs\pokitto\libpff\mmc.o
 *fill*         0x00000252        0x2 ff
 .text._Z15disk_initializev
                0x00000254      0x11c .objs\pokitto\libpff\mmc.o
                0x00000254                disk_initialize()
 .text._Z10disk_readpPhmtt
                0x00000370       0xa4 .objs\pokitto\libpff\mmc.o
                0x00000370                disk_readp(unsigned char*, unsigned long, unsigned short, unsigned short)
 .text._ZL10clust2sectm
                0x00000414       0x20 .objs\pokitto\libpff\pff.o
 .text._ZL10dir_rewindP5_DIR_
                0x00000434       0x44 .objs\pokitto\libpff\pff.o
 .text._ZL7get_fatm
                0x00000478       0xc4 .objs\pokitto\libpff\pff.o
 .text._ZL8dir_nextP5_DIR_
                0x0000053c       0x60 .objs\pokitto\libpff\pff.o
 .text._ZL11follow_pathP5_DIR_PKc
                0x0000059c      0x134 .objs\pokitto\libpff\pff.o
 .text._Z7pf_openPKc
                0x000006d0       0x60 .objs\pokitto\libpff\pff.o
                0x000006d0                pf_open(char const*)
 .text._Z7pf_readPvtPt
                0x00000730       0xc4 .objs\pokitto\libpff\pff.o
                0x00000730                pf_read(void*, unsigned short, unsigned short*)
 .text._Z8pf_lseekm
                0x000007f4       0xac .objs\pokitto\libpff\pff.o
                0x000007f4                pf_lseek(unsigned long)
 .text._Z10pf_opendirP5_DIR_PKc
                0x000008a0       0x5c .objs\pokitto\libpff\pff.o
                0x000008a0                pf_opendir(_DIR_*, char const*)
 .text.mbed_assert_internal
                0x000008fc       0x14 .objs\pokitto\mbed-pokitto\common\assert.o
                0x000008fc                mbed_assert_internal
 .text.error    0x00000910        0x6 .objs\pokitto\mbed-pokitto\common\error.o
                0x00000910                error
 *fill*         0x00000916        0x2 ff
 .text._ZN4mbed8FileBaseD2Ev
                0x00000918       0x34 .objs\pokitto\mbed-pokitto\common\filebase.o
                0x00000918                mbed::FileBase::~FileBase()
                0x00000918                mbed::FileBase::~FileBase()
 .text._ZN4mbed8FileBaseD0Ev
                0x0000094c       0x12 .objs\pokitto\mbed-pokitto\common\filebase.o
                0x0000094c                mbed::FileBase::~FileBase()
 *fill*         0x0000095e        0x2 ff
 .text._ZN4mbed8FileBaseC2EPKcNS_8PathTypeE
                0x00000960       0x24 .objs\pokitto\mbed-pokitto\common\filebase.o
                0x00000960                mbed::FileBase::FileBase(char const*, mbed::PathType)
                0x00000960                mbed::FileBase::FileBase(char const*, mbed::PathType)
 .text._ZN4mbed8FileBase6lookupEPKcj
                0x00000984       0x38 .objs\pokitto\mbed-pokitto\common\filebase.o
                0x00000984                mbed::FileBase::lookup(char const*, unsigned int)
 .text._ZN4mbed8FileBase11getPathTypeEv
                0x000009bc        0x4 .objs\pokitto\mbed-pokitto\common\filebase.o
                0x000009bc                mbed::FileBase::getPathType()
 .text._ZN4mbed10FileHandle4flenEv
                0x000009c0       0x32 .objs\pokitto\mbed-pokitto\common\filelike.o
                0x000009c0                mbed::FileHandle::flen()
 *fill*         0x000009f2        0x2 ff
 .text._ZN4mbed8FileLikeC2EPKc
                0x000009f4       0x28 .objs\pokitto\mbed-pokitto\common\filelike.o
                0x000009f4                mbed::FileLike::FileLike(char const*)
                0x000009f4                mbed::FileLike::FileLike(char const*)
 .text._ZN4mbed8FileLikeD2Ev
                0x00000a1c       0x24 .objs\pokitto\mbed-pokitto\common\filelike.o
                0x00000a1c                mbed::FileLike::~FileLike()
                0x00000a1c                mbed::FileLike::~FileLike()
 .text._ZN4mbed8FilePathC2EPKc
                0x00000a40       0x40 .objs\pokitto\mbed-pokitto\common\filepath.o
                0x00000a40                mbed::FilePath::FilePath(char const*)
                0x00000a40                mbed::FilePath::FilePath(char const*)
 .text._ZN4mbed8FilePath8fileNameEv
                0x00000a80        0x4 .objs\pokitto\mbed-pokitto\common\filepath.o
                0x00000a80                mbed::FilePath::fileName()
 .text._ZN4mbed8FilePath12isFileSystemEv
                0x00000a84       0x16 .objs\pokitto\mbed-pokitto\common\filepath.o
                0x00000a84                mbed::FilePath::isFileSystem()
 .text._ZN4mbed8FilePath10fileSystemEv
                0x00000a9a       0x12 .objs\pokitto\mbed-pokitto\common\filepath.o
                0x00000a9a                mbed::FilePath::fileSystem()
 .text._ZN4mbed8FilePath6isFileEv
                0x00000aac       0x14 .objs\pokitto\mbed-pokitto\common\filepath.o
                0x00000aac                mbed::FilePath::isFile()
 .text._ZN4mbed8FilePath4fileEv
                0x00000ac0       0x18 .objs\pokitto\mbed-pokitto\common\filepath.o
                0x00000ac0                mbed::FilePath::file()
 .text._ZN4mbed8FilePath6existsEv
                0x00000ad8        0xa .objs\pokitto\mbed-pokitto\common\filepath.o
                0x00000ad8                mbed::FilePath::exists()
 .text._gpio_init_in
                0x00000ae2       0x22 .objs\pokitto\mbed-pokitto\common\gpio.o
 .text.gpio_init_in
                0x00000b04        0xa .objs\pokitto\mbed-pokitto\common\gpio.o
                0x00000b04                gpio_init_in
 *fill*         0x00000b0e        0x2 ff
 .text._ZN4mbed11InterruptInD2Ev
                0x00000b10       0x18 .objs\pokitto\mbed-pokitto\common\interruptin.o
                0x00000b10                mbed::InterruptIn::~InterruptIn()
                0x00000b10                mbed::InterruptIn::~InterruptIn()
 .text._ZN4mbed11InterruptInD0Ev
                0x00000b28       0x12 .objs\pokitto\mbed-pokitto\common\interruptin.o
                0x00000b28                mbed::InterruptIn::~InterruptIn()
 *fill*         0x00000b3a        0x2 ff
 .text._ZN4mbed11InterruptInC2E7PinName
                0x00000b3c       0x48 .objs\pokitto\mbed-pokitto\common\interruptin.o
                0x00000b3c                mbed::InterruptIn::InterruptIn(PinName)
                0x00000b3c                mbed::InterruptIn::InterruptIn(PinName)
 .text._ZN4mbed11InterruptIn4riseEPFvvE
                0x00000b84       0x1e .objs\pokitto\mbed-pokitto\common\interruptin.o
                0x00000b84                mbed::InterruptIn::rise(void (*)())
 .text._ZN4mbed11InterruptIn4fallEPFvvE
                0x00000ba2       0x1c .objs\pokitto\mbed-pokitto\common\interruptin.o
                0x00000ba2                mbed::InterruptIn::fall(void (*)())
 .text._ZN4mbed19FunctionPointerArg1IvvE4callEv
                0x00000bbe       0x20 .objs\pokitto\mbed-pokitto\common\interruptin.o
                0x00000bbe                mbed::FunctionPointerArg1<void, void>::call()
 .text._ZN4mbed11InterruptIn12_irq_handlerEm14gpio_irq_event
                0x00000bde       0x16 .objs\pokitto\mbed-pokitto\common\interruptin.o
                0x00000bde                mbed::InterruptIn::_irq_handler(unsigned long, gpio_irq_event)
 .text.pinmap_pinout
                0x00000bf4       0x34 .objs\pokitto\mbed-pokitto\common\pinmap_common.o
                0x00000bf4                pinmap_pinout
 .text.pinmap_merge
                0x00000c28       0x28 .objs\pokitto\mbed-pokitto\common\pinmap_common.o
                0x00000c28                pinmap_merge
 .text.pinmap_find_peripheral
                0x00000c50       0x16 .objs\pokitto\mbed-pokitto\common\pinmap_common.o
                0x00000c50                pinmap_find_peripheral
 *fill*         0x00000c66        0x2 ff
 .text.pinmap_peripheral
                0x00000c68       0x20 .objs\pokitto\mbed-pokitto\common\pinmap_common.o
                0x00000c68                pinmap_peripheral
 .text._ZL11init_serialv
                0x00000c88       0x28 .objs\pokitto\mbed-pokitto\common\retarget.o
 .text._ZN4mbed10FileHandleD2Ev
                0x00000cb0       0x2c .objs\pokitto\mbed-pokitto\common\retarget.o
                0x00000cb0                mbed::FileHandle::~FileHandle()
                0x00000cb0                mbed::FileHandle::~FileHandle()
 .text._open    0x00000cdc       0xd8 .objs\pokitto\mbed-pokitto\common\retarget.o
                0x00000cdc                _open
 .text._close   0x00000db4       0x2c .objs\pokitto\mbed-pokitto\common\retarget.o
                0x00000db4                _close
 .text._write   0x00000de0       0x54 .objs\pokitto\mbed-pokitto\common\retarget.o
                0x00000de0                _write
 .text._read    0x00000e34       0x48 .objs\pokitto\mbed-pokitto\common\retarget.o
                0x00000e34                _read
 .text._isatty  0x00000e7c       0x28 .objs\pokitto\mbed-pokitto\common\retarget.o
                0x00000e7c                _isatty
 .text._lseek   0x00000ea4       0x28 .objs\pokitto\mbed-pokitto\common\retarget.o
                0x00000ea4                _lseek
 .text._fstat   0x00000ecc       0x1e .objs\pokitto\mbed-pokitto\common\retarget.o
                0x00000ecc                _fstat
 .text.__cxa_pure_virtual
                0x00000eea        0x2 .objs\pokitto\mbed-pokitto\common\retarget.o
                0x00000eea                __cxa_pure_virtual
 .text.mbed_main
                0x00000eec        0x2 .objs\pokitto\mbed-pokitto\common\retarget.o
                0x00000eec                mbed_main
 .text.mbed_sdk_init
                0x00000eee        0x2 .objs\pokitto\mbed-pokitto\common\retarget.o
                0x00000eee                mbed_sdk_init
 .text.__wrap_main
                0x00000ef0       0x10 .objs\pokitto\mbed-pokitto\common\retarget.o
                0x00000ef0                __wrap_main
 .text._ZN4mbed26mbed_set_unbuffered_streamEP7__sFILE
                0x00000f00        0xa .objs\pokitto\mbed-pokitto\common\retarget.o
                0x00000f00                mbed::mbed_set_unbuffered_stream(__sFILE*)
 .text._ZN4mbed9mbed_getcEP7__sFILE
                0x00000f0a        0x8 .objs\pokitto\mbed-pokitto\common\retarget.o
                0x00000f0a                mbed::mbed_getc(__sFILE*)
 .text._ZN4mbed3SPID2Ev
                0x00000f12        0x2 .objs\pokitto\mbed-pokitto\common\spi.o
                0x00000f12                mbed::SPI::~SPI()
                0x00000f12                mbed::SPI::~SPI()
 .text._ZN4mbed3SPID0Ev
                0x00000f14        0xc .objs\pokitto\mbed-pokitto\common\spi.o
                0x00000f14                mbed::SPI::~SPI()
 .text._ZN4mbed3SPIC2E7PinNameS1_S1_S1_
                0x00000f20       0x48 .objs\pokitto\mbed-pokitto\common\spi.o
                0x00000f20                mbed::SPI::SPI(PinName, PinName, PinName, PinName)
                0x00000f20                mbed::SPI::SPI(PinName, PinName, PinName, PinName)
 .text._ZN4mbed3SPI6aquireEv
                0x00000f68       0x2c .objs\pokitto\mbed-pokitto\common\spi.o
                0x00000f68                mbed::SPI::aquire()
 .text._ZN4mbed3SPI6formatEii
                0x00000f94       0x18 .objs\pokitto\mbed-pokitto\common\spi.o
                0x00000f94                mbed::SPI::format(int, int)
 .text._ZN4mbed3SPI9frequencyEi
                0x00000fac       0x14 .objs\pokitto\mbed-pokitto\common\spi.o
                0x00000fac                mbed::SPI::frequency(int)
 .text._ZN4mbed3SPI5writeEi
                0x00000fc0       0x14 .objs\pokitto\mbed-pokitto\common\spi.o
                0x00000fc0                mbed::SPI::write(int)
 .text._ZN4mbed6Stream5writeEPKvj
                0x00000fd4       0x26 .objs\pokitto\mbed-pokitto\common\stream.o
                0x00000fd4                mbed::Stream::write(void const*, unsigned int)
 .text._ZN4mbed6Stream4readEPvj
                0x00000ffa       0x24 .objs\pokitto\mbed-pokitto\common\stream.o
                0x00000ffa                mbed::Stream::read(void*, unsigned int)
 .text._ZN4mbed6Stream5lseekEli
                0x0000101e        0x4 .objs\pokitto\mbed-pokitto\common\stream.o
                0x0000101e                mbed::Stream::lseek(long, int)
 .text._ZN4mbed6Stream5fsyncEv
                0x00001022        0x4 .objs\pokitto\mbed-pokitto\common\stream.o
                0x00001022                mbed::Stream::isatty()
                0x00001022                mbed::Stream::fsync()
                0x00001022                mbed::Stream::close()
 .text._ZN4mbed6Stream4flenEv
                0x00001026        0x4 .objs\pokitto\mbed-pokitto\common\stream.o
                0x00001026                mbed::Stream::flen()
 *fill*         0x0000102a        0x2 ff
 .text._ZN4mbed6StreamC2EPKc
                0x0000102c       0x44 .objs\pokitto\mbed-pokitto\common\stream.o
                0x0000102c                mbed::Stream::Stream(char const*)
                0x0000102c                mbed::Stream::Stream(char const*)
 .text._ZN4mbed6StreamD2Ev
                0x00001070       0x24 .objs\pokitto\mbed-pokitto\common\stream.o
                0x00001070                mbed::Stream::~Stream()
                0x00001070                mbed::Stream::~Stream()
 .text._ZN4mbed6Stream4putcEi
                0x00001094       0x16 .objs\pokitto\mbed-pokitto\common\stream.o
                0x00001094                mbed::Stream::putc(int)
 .text._ZN4mbed6Stream4getcEv
                0x000010aa       0x12 .objs\pokitto\mbed-pokitto\common\stream.o
                0x000010aa                mbed::Stream::getc()
 .text.ticker_irq_handler
                0x000010bc       0x44 .objs\pokitto\mbed-pokitto\common\ticker_api.o
                0x000010bc                ticker_irq_handler
 .text.us_ticker_irq_handler
                0x00001100       0x10 .objs\pokitto\mbed-pokitto\common\us_ticker_api.o
                0x00001100                us_ticker_irq_handler
 .text.wait_us  0x00001110       0x16 .objs\pokitto\mbed-pokitto\common\wait_api.o
                0x00001110                wait_us
 *fill*         0x00001126        0x2 ff
 .text.wait     0x00001128       0x18 .objs\pokitto\mbed-pokitto\common\wait_api.o
                0x00001128                wait
 .text.wait_ms  0x00001140        0xe .objs\pokitto\mbed-pokitto\common\wait_api.o
                0x00001140                wait_ms
 *fill*         0x0000114e        0x2 ff
 .text.NVIC_SetVector
                0x00001150       0x30 .objs\pokitto\mbed-pokitto\targets\cmsis\target_nxp\target_lpc11u6x\cmsis_nvic.o
                0x00001150                NVIC_SetVector
 .text.SystemInit
                0x00001180      0x12c .objs\pokitto\mbed-pokitto\targets\cmsis\target_nxp\target_lpc11u6x\system_lpc11u6x.o
                0x00001180                SystemInit
 .text.IntDefaultHandler
                0x000012ac        0x2 .objs\pokitto\mbed-pokitto\targets\cmsis\target_nxp\target_lpc11u6x\toolchain_gcc_arm\target_lpc11u68\startup_lpc11u68.o
                0x000012ac                TIMER16_0_IRQHandler
                0x000012ac                I2C0_IRQHandler
                0x000012ac                I2C1_IRQHandler
                0x000012ac                TIMER32_0_IRQHandler
                0x000012ac                ADCB_IRQHandler
                0x000012ac                SCT0_1_IRQHandler
                0x000012ac                TIMER32_1_IRQHandler
                0x000012ac                PIN_INT6_IRQHandler
                0x000012ac                IntDefaultHandler
                0x000012ac                PIN_INT4_IRQHandler
                0x000012ac                SSP0_IRQHandler
                0x000012ac                RTC_IRQHandler
                0x000012ac                USBWakeup_IRQHandler
                0x000012ac                USART0_IRQHandler
                0x000012ac                PIN_INT5_IRQHandler
                0x000012ac                PIN_INT2_IRQHandler
                0x000012ac                TIMER16_1_IRQHandler
                0x000012ac                USB_FIQHandler
                0x000012ac                USART1_4_IRQHandler
                0x000012ac                SSP1_IRQHandler
                0x000012ac                PIN_INT7_IRQHandler
                0x000012ac                BOD_WDT_IRQHandler
                0x000012ac                PIN_INT1_IRQHandler
                0x000012ac                USB_IRQHandler
                0x000012ac                USART2_3_IRQHandler
                0x000012ac                PIN_INT0_IRQHandler
                0x000012ac                GINT0_IRQHandler
                0x000012ac                DMA_IRQHandler
                0x000012ac                PIN_INT3_IRQHandler
                0x000012ac                FMC_IRQHandler
                0x000012ac                GINT1_IRQHandler
                0x000012ac                ADCA_IRQHandler
 .text.NMI_Handler
                0x000012ae        0x2 .objs\pokitto\mbed-pokitto\targets\cmsis\target_nxp\target_lpc11u6x\toolchain_gcc_arm\target_lpc11u68\startup_lpc11u68.o
                0x000012ae                NMI_Handler
 .text.HardFault_Handler
                0x000012b0        0x2 .objs\pokitto\mbed-pokitto\targets\cmsis\target_nxp\target_lpc11u6x\toolchain_gcc_arm\target_lpc11u68\startup_lpc11u68.o
                0x000012b0                HardFault_Handler
 .text.SVC_Handler
                0x000012b2        0x2 .objs\pokitto\mbed-pokitto\targets\cmsis\target_nxp\target_lpc11u6x\toolchain_gcc_arm\target_lpc11u68\startup_lpc11u68.o
                0x000012b2                SVC_Handler
 .text.PendSV_Handler
                0x000012b4        0x2 .objs\pokitto\mbed-pokitto\targets\cmsis\target_nxp\target_lpc11u6x\toolchain_gcc_arm\target_lpc11u68\startup_lpc11u68.o
                0x000012b4                PendSV_Handler
 .text.data_init
                0x000012b6       0x12 .objs\pokitto\mbed-pokitto\targets\cmsis\target_nxp\target_lpc11u6x\toolchain_gcc_arm\target_lpc11u68\startup_lpc11u68.o
                0x000012b6                data_init
 .text.bss_init
                0x000012c8       0x10 .objs\pokitto\mbed-pokitto\targets\cmsis\target_nxp\target_lpc11u6x\toolchain_gcc_arm\target_lpc11u68\startup_lpc11u68.o
                0x000012c8                bss_init
 .text.__aeabi_atexit
                0x000012d8        0x4 .objs\pokitto\mbed-pokitto\targets\cmsis\target_nxp\target_lpc11u6x\toolchain_gcc_arm\target_lpc11u68\startup_lpc11u68.o
                0x000012d8                __aeabi_atexit
 .text._ZdlPv   0x000012dc        0x8 .objs\pokitto\mbed-pokitto\targets\cmsis\target_nxp\target_lpc11u6x\toolchain_gcc_arm\target_lpc11u68\startup_lpc11u68.o
                0x000012dc                operator delete(void*)
 .text.gpio_set
                0x000012e4       0x94 .objs\pokitto\mbed-pokitto\targets\hal\target_nxp\target_lpc11u6x\gpio_api.o
                0x000012e4                gpio_set
 .text.gpio_init
                0x00001378       0x44 .objs\pokitto\mbed-pokitto\targets\hal\target_nxp\target_lpc11u6x\gpio_api.o
                0x00001378                gpio_init
 .text.gpio_mode
                0x000013bc        0xa .objs\pokitto\mbed-pokitto\targets\hal\target_nxp\target_lpc11u6x\gpio_api.o
                0x000013bc                gpio_mode
 *fill*         0x000013c6        0x2 ff
 .text.gpio_dir
                0x000013c8       0x3c .objs\pokitto\mbed-pokitto\targets\hal\target_nxp\target_lpc11u6x\gpio_api.o
                0x000013c8                gpio_dir
 .text.handle_interrupt_in
                0x00001404       0x64 .objs\pokitto\mbed-pokitto\targets\hal\target_nxp\target_lpc11u6x\gpio_irq_api.o
 .text.gpio_irq0
                0x00001468        0xa .objs\pokitto\mbed-pokitto\targets\hal\target_nxp\target_lpc11u6x\gpio_irq_api.o
                0x00001468                gpio_irq0
 .text.gpio_irq1
                0x00001472        0xa .objs\pokitto\mbed-pokitto\targets\hal\target_nxp\target_lpc11u6x\gpio_irq_api.o
                0x00001472                gpio_irq1
 .text.gpio_irq2
                0x0000147c        0xa .objs\pokitto\mbed-pokitto\targets\hal\target_nxp\target_lpc11u6x\gpio_irq_api.o
                0x0000147c                gpio_irq2
 .text.gpio_irq3
                0x00001486        0xa .objs\pokitto\mbed-pokitto\targets\hal\target_nxp\target_lpc11u6x\gpio_irq_api.o
                0x00001486                gpio_irq3
 .text.gpio_irq4
                0x00001490        0xa .objs\pokitto\mbed-pokitto\targets\hal\target_nxp\target_lpc11u6x\gpio_irq_api.o
                0x00001490                gpio_irq4
 .text.gpio_irq5
                0x0000149a        0xa .objs\pokitto\mbed-pokitto\targets\hal\target_nxp\target_lpc11u6x\gpio_irq_api.o
                0x0000149a                gpio_irq5
 .text.gpio_irq6
                0x000014a4        0xa .objs\pokitto\mbed-pokitto\targets\hal\target_nxp\target_lpc11u6x\gpio_irq_api.o
                0x000014a4                gpio_irq6
 .text.gpio_irq7
                0x000014ae        0xa .objs\pokitto\mbed-pokitto\targets\hal\target_nxp\target_lpc11u6x\gpio_irq_api.o
                0x000014ae                gpio_irq7
 .text.gpio_irq_init
                0x000014b8       0xc4 .objs\pokitto\mbed-pokitto\targets\hal\target_nxp\target_lpc11u6x\gpio_irq_api.o
                0x000014b8                gpio_irq_init
 .text.gpio_irq_free
                0x0000157c       0x28 .objs\pokitto\mbed-pokitto\targets\hal\target_nxp\target_lpc11u6x\gpio_irq_api.o
                0x0000157c                gpio_irq_free
 .text.gpio_irq_set
                0x000015a4       0x4c .objs\pokitto\mbed-pokitto\targets\hal\target_nxp\target_lpc11u6x\gpio_irq_api.o
                0x000015a4                gpio_irq_set
 .text.pin_function
                0x000015f0       0x38 .objs\pokitto\mbed-pokitto\targets\hal\target_nxp\target_lpc11u6x\pinmap.o
                0x000015f0                pin_function
 .text.pin_mode
                0x00001628       0x5c .objs\pokitto\mbed-pokitto\targets\hal\target_nxp\target_lpc11u6x\pinmap.o
                0x00001628                pin_mode
 .text.pwmout_write
                0x00001684       0x46 .objs\pokitto\mbed-pokitto\targets\hal\target_nxp\target_lpc11u6x\pwmout_api.o
                0x00001684                pwmout_write
 .text.pwmout_period_us
                0x000016ca       0x42 .objs\pokitto\mbed-pokitto\targets\hal\target_nxp\target_lpc11u6x\pwmout_api.o
                0x000016ca                pwmout_period_us
 .text.pwmout_init
                0x0000170c      0x18c .objs\pokitto\mbed-pokitto\targets\hal\target_nxp\target_lpc11u6x\pwmout_api.o
                0x0000170c                pwmout_init
 .text.serial_baud
                0x00001898      0x1c4 .objs\pokitto\mbed-pokitto\targets\hal\target_nxp\target_lpc11u6x\serial_api.o
                0x00001898                serial_baud
 .text.serial_format
                0x00001a5c       0xd8 .objs\pokitto\mbed-pokitto\targets\hal\target_nxp\target_lpc11u6x\serial_api.o
                0x00001a5c                serial_format
 .text.serial_init
                0x00001b34      0x180 .objs\pokitto\mbed-pokitto\targets\hal\target_nxp\target_lpc11u6x\serial_api.o
                0x00001b34                serial_init
 .text.serial_readable
                0x00001cb4       0x16 .objs\pokitto\mbed-pokitto\targets\hal\target_nxp\target_lpc11u6x\serial_api.o
                0x00001cb4                serial_readable
 .text.serial_getc
                0x00001cca       0x20 .objs\pokitto\mbed-pokitto\targets\hal\target_nxp\target_lpc11u6x\serial_api.o
                0x00001cca                serial_getc
 .text.serial_writable
                0x00001cea       0x18 .objs\pokitto\mbed-pokitto\targets\hal\target_nxp\target_lpc11u6x\serial_api.o
                0x00001cea                serial_writable
 .text.serial_putc
                0x00001d02       0x22 .objs\pokitto\mbed-pokitto\targets\hal\target_nxp\target_lpc11u6x\serial_api.o
                0x00001d02                serial_putc
 .text.spi_init
                0x00001d24      0x100 .objs\pokitto\mbed-pokitto\targets\hal\target_nxp\target_lpc11u6x\spi_api.o
                0x00001d24                spi_init
 .text.spi_format
                0x00001e24       0x6c .objs\pokitto\mbed-pokitto\targets\hal\target_nxp\target_lpc11u6x\spi_api.o
                0x00001e24                spi_format
 .text.spi_frequency
                0x00001e90       0x88 .objs\pokitto\mbed-pokitto\targets\hal\target_nxp\target_lpc11u6x\spi_api.o
                0x00001e90                spi_frequency
 .text.spi_master_write
                0x00001f18       0x18 .objs\pokitto\mbed-pokitto\targets\hal\target_nxp\target_lpc11u6x\spi_api.o
                0x00001f18                spi_master_write
 .text.us_ticker_init
                0x00001f30       0x60 .objs\pokitto\mbed-pokitto\targets\hal\target_nxp\target_lpc11u6x\us_ticker.o
                0x00001f30                us_ticker_init
 .text.us_ticker_read
                0x00001f90       0x1c .objs\pokitto\mbed-pokitto\targets\hal\target_nxp\target_lpc11u6x\us_ticker.o
                0x00001f90                us_ticker_read
 .text.us_ticker_set_interrupt
                0x00001fac       0x14 .objs\pokitto\mbed-pokitto\targets\hal\target_nxp\target_lpc11u6x\us_ticker.o
                0x00001fac                us_ticker_set_interrupt
 .text.us_ticker_disable_interrupt
                0x00001fc0       0x10 .objs\pokitto\mbed-pokitto\targets\hal\target_nxp\target_lpc11u6x\us_ticker.o
                0x00001fc0                us_ticker_disable_interrupt
 .text.us_ticker_clear_interrupt
                0x00001fd0        0xc .objs\pokitto\mbed-pokitto\targets\hal\target_nxp\target_lpc11u6x\us_ticker.o
                0x00001fd0                us_ticker_clear_interrupt
 .text._ZN7Pokitto9Backlight5beginEv
                0x00001fdc        0x2 .objs\pokitto\pokitto_core\pokittobacklight.o
                0x00001fdc                Pokitto::Backlight::begin()
 .text._ZN7Pokitto9Backlight3setEh
                0x00001fde        0x2 .objs\pokitto\pokitto_core\pokittobacklight.o
                0x00001fde                Pokitto::Backlight::set(unsigned char)
 .text._ZN7Pokitto9Backlight6updateEv
                0x00001fe0        0x2 .objs\pokitto\pokitto_core\pokittobacklight.o
                0x00001fe0                Pokitto::Backlight::update()
 .text._ZN7Pokitto7Battery5beginEv
                0x00001fe2        0x2 .objs\pokitto\pokitto_core\pokittobattery.o
                0x00001fe2                Pokitto::Battery::begin()
 .text._ZN7Pokitto7Battery6updateEv
                0x00001fe4        0xc .objs\pokitto\pokitto_core\pokittobattery.o
                0x00001fe4                Pokitto::Battery::update()
 .text._ZN7Pokitto7Buttons5beginEv
                0x00001ff0        0x8 .objs\pokitto\pokitto_core\pokittobuttons.o
                0x00001ff0                Pokitto::Buttons::begin()
 .text._ZN7Pokitto7Buttons6updateEv
                0x00001ff8       0x38 .objs\pokitto\pokitto_core\pokittobuttons.o
                0x00001ff8                Pokitto::Buttons::update()
 .text._ZN7Pokitto7Buttons8releasedEh
                0x00002030       0x14 .objs\pokitto\pokitto_core\pokittobuttons.o
                0x00002030                Pokitto::Buttons::released(unsigned char)
 .text._ZN7Pokitto7Buttons4heldEhh
                0x00002044       0x14 .objs\pokitto\pokitto_core\pokittobuttons.o
                0x00002044                Pokitto::Buttons::held(unsigned char, unsigned char)
 .text._ZN7Pokitto7Buttons6repeatEhh
                0x00002058       0x34 .objs\pokitto\pokitto_core\pokittobuttons.o
                0x00002058                Pokitto::Buttons::repeat(unsigned char, unsigned char)
 .text._ZN7Pokitto7Buttons11pollButtonsEv
                0x0000208c       0x8c .objs\pokitto\pokitto_core\pokittobuttons.o
                0x0000208c                Pokitto::Buttons::pollButtons()
 .text._ZN7Pokitto7Buttons4aBtnEv
                0x00002118        0xc .objs\pokitto\pokitto_core\pokittobuttons.o
                0x00002118                Pokitto::Buttons::aBtn()
 .text._ZN7Pokitto7Buttons5upBtnEv
                0x00002124        0xc .objs\pokitto\pokitto_core\pokittobuttons.o
                0x00002124                Pokitto::Buttons::upBtn()
 .text._ZN7Pokitto7Buttons7downBtnEv
                0x00002130        0xc .objs\pokitto\pokitto_core\pokittobuttons.o
                0x00002130                Pokitto::Buttons::downBtn()
 .text._ZN7Pokitto7ConsoleC2Ev
                0x0000213c       0x48 .objs\pokitto\pokitto_core\pokittoconsole.o
                0x0000213c                Pokitto::Console::Console()
                0x0000213c                Pokitto::Console::Console()
 .text.startup._GLOBAL__sub_I_pConsole
                0x00002184       0x10 .objs\pokitto\pokitto_core\pokittoconsole.o
 .text._Z17start_applicationm
                0x00002194       0xb8 .objs\pokitto\pokitto_core\pokittocore.o
                0x00002194                start_application(unsigned long)
 .text._ZN7Pokitto4CoreC2Ev
                0x0000224c        0x2 .objs\pokitto\pokitto_core\pokittocore.o
                0x0000224c                Pokitto::Core::Core()
                0x0000224c                Pokitto::Core::Core()
 *fill*         0x0000224e        0x2 ff
 .text._ZN7Pokitto4Core12updateLoaderEmm
                0x00002250       0x80 .objs\pokitto\pokitto_core\pokittocore.o
                0x00002250                Pokitto::Core::updateLoader(unsigned long, unsigned long)
 .text._ZN7Pokitto4Core12jumpToLoaderEv
                0x000022d0      0x1a0 .objs\pokitto\pokitto_core\pokittocore.o
                0x000022d0                Pokitto::Core::jumpToLoader()
 .text._ZN7Pokitto4Core9askLoaderEv
                0x00002470      0x158 .objs\pokitto\pokitto_core\pokittocore.o
                0x00002470                Pokitto::Core::askLoader()
 .text._ZN7Pokitto4Core10drawvolbarEiiib
                0x000025c8      0x1dc .objs\pokitto\pokitto_core\pokittocore.o
                0x000025c8                Pokitto::Core::drawvolbar(int, int, int, bool)
 .text._ZN7Pokitto4Core11setVolLimitEv
                0x000027a4      0x29c .objs\pokitto\pokitto_core\pokittocore.o
                0x000027a4                Pokitto::Core::setVolLimit()
 .text._ZN7Pokitto4Core4initEv
                0x00002a40       0x30 .objs\pokitto\pokitto_core\pokittocore.o
                0x00002a40                Pokitto::Core::init()
 .text._ZN7Pokitto4Core9isRunningEv
                0x00002a70        0xc .objs\pokitto\pokitto_core\pokittocore.o
                0x00002a70                Pokitto::Core::isRunning()
 .text._ZN7Pokitto4Core8showLogoEv
                0x00002a7c       0xb8 .objs\pokitto\pokitto_core\pokittocore.o
                0x00002a7c                Pokitto::Core::showLogo()
 .text._ZN7Pokitto4Core12readSettingsEv
                0x00002b34       0x20 .objs\pokitto\pokitto_core\pokittocore.o
                0x00002b34                Pokitto::Core::readSettings()
 .text._ZN7Pokitto4Core5beginEv
                0x00002b54       0xc8 .objs\pokitto\pokitto_core\pokittocore.o
                0x00002b54                Pokitto::Core::begin()
 .text._ZN7Pokitto4Core14displayBatteryEv
                0x00002c1c       0xc8 .objs\pokitto\pokitto_core\pokittocore.o
                0x00002c1c                Pokitto::Core::displayBattery()
 .text._ZN7Pokitto4Core11updatePopupEv
                0x00002ce4       0x98 .objs\pokitto\pokitto_core\pokittocore.o
                0x00002ce4                Pokitto::Core::updatePopup()
 .text._ZN7Pokitto4Core6updateEb
                0x00002d7c       0x74 .objs\pokitto\pokitto_core\pokittocore.o
                0x00002d7c                Pokitto::Core::update(bool)
 .text.startup._GLOBAL__sub_I_selectedfile
                0x00002df0       0x10 .objs\pokitto\pokitto_core\pokittocore.o
 .text._Z8fileOpenPcc
                0x00002e00       0x4c .objs\pokitto\pokitto_core\pokittodisk.o
                0x00002e00                fileOpen(char*, char)
 .text._Z13fileReadBytesPht
                0x00002e4c       0x10 .objs\pokitto\pokitto_core\pokittodisk.o
                0x00002e4c                fileReadBytes(unsigned char*, unsigned short)
 .text._Z16fileSeekRelativel
                0x00002e5c       0x28 .objs\pokitto\pokitto_core\pokittodisk.o
                0x00002e5c                fileSeekRelative(long)
 .text._Z10fileRewindv
                0x00002e84       0x14 .objs\pokitto\pokitto_core\pokittodisk.o
                0x00002e84                fileRewind()
 .text._Z7fileEndv
                0x00002e98       0x18 .objs\pokitto\pokitto_core\pokittodisk.o
                0x00002e98                fileEnd()
 .text._Z15fileGetPositionv
                0x00002eb0        0xc .objs\pokitto\pokitto_core\pokittodisk.o
                0x00002eb0                fileGetPosition()
 .text.startup._GLOBAL__sub_I_res
                0x00002ebc       0x38 .objs\pokitto\pokitto_core\pokittodisk.o
 .text._ZN7Pokitto7Display8getWidthEv
                0x00002ef4        0xc .objs\pokitto\pokitto_core\pokittodisplay.o
                0x00002ef4                Pokitto::Display::getWidth()
 .text._ZN7Pokitto7Display9getHeightEv
                0x00002f00        0xc .objs\pokitto\pokitto_core\pokittodisplay.o
                0x00002f00                Pokitto::Display::getHeight()
 .text._ZN7Pokitto7Display8clearLCDEv
                0x00002f0c       0x1c .objs\pokitto\pokitto_core\pokittodisplay.o
                0x00002f0c                Pokitto::Display::clearLCD()
 .text._ZN7Pokitto7Display7fillLCDEt
                0x00002f28        0x8 .objs\pokitto\pokitto_core\pokittodisplay.o
                0x00002f28                Pokitto::Display::fillLCD(unsigned short)
 .text._ZN7Pokitto7Display15directRectangleEsssst
                0x00002f30        0xe .objs\pokitto\pokitto_core\pokittodisplay.o
                0x00002f30                Pokitto::Display::directRectangle(short, short, short, short, unsigned short)
 .text._ZN7Pokitto7Display5beginEv
                0x00002f3e        0x8 .objs\pokitto\pokitto_core\pokittodisplay.o
                0x00002f3e                Pokitto::Display::begin()
 *fill*         0x00002f46        0x2 ff
 .text._ZN7Pokitto7Display9setCursorEss
                0x00002f48       0x14 .objs\pokitto\pokitto_core\pokittodisplay.o
                0x00002f48                Pokitto::Display::setCursor(short, short)
 .text._ZN7Pokitto7Display16directDrawBufferEsshhPKhhh
                0x00002f5c      0x234 .objs\pokitto\pokitto_core\pokittodisplay.o
                0x00002f5c                Pokitto::Display::directDrawBuffer(short, short, unsigned char, unsigned char, unsigned char const*, unsigned char, unsigned char)
 .text._ZN7Pokitto7Display12directBitmapEssPKhhh
                0x00003190       0x1c .objs\pokitto\pokitto_core\pokittodisplay.o
                0x00003190                Pokitto::Display::directBitmap(short, short, unsigned char const*, unsigned char, unsigned char)
 .text._ZN7Pokitto7Display10directCharEsst
                0x000031ac      0x154 .objs\pokitto\pokitto_core\pokittodisplay.o
                0x000031ac                Pokitto::Display::directChar(short, short, unsigned short)
 .text._ZN7Pokitto7Display5clearEv
                0x00003300       0x60 .objs\pokitto\pokitto_core\pokittodisplay.o
                0x00003300                Pokitto::Display::clear()
 .text._ZN7Pokitto7Display6updateEv
                0x00003360       0x28 .objs\pokitto\pokitto_core\pokittodisplay.o
                0x00003360                Pokitto::Display::update()
 .text._ZN7Pokitto7Display17setDefaultPaletteEv
                0x00003388       0x10 .objs\pokitto\pokitto_core\pokittodisplay.o
                0x00003388                Pokitto::Display::setDefaultPalette()
 .text._ZN7Pokitto7Display8setColorEh
                0x00003398       0x10 .objs\pokitto\pokitto_core\pokittodisplay.o
                0x00003398                Pokitto::Display::setColor(unsigned char)
 .text._ZN7Pokitto7Display9drawPixelEssh
                0x000033a8       0x80 .objs\pokitto\pokitto_core\pokittodisplay.o
                0x000033a8                Pokitto::Display::drawPixel(short, short, unsigned char)
 .text._ZN7Pokitto7Display10bufferCharEsst
                0x00003428       0xb4 .objs\pokitto\pokitto_core\pokittodisplay.o
                0x00003428                Pokitto::Display::bufferChar(short, short, unsigned short)
 .text._ZN7Pokitto7Display9drawPixelEss
                0x000034dc       0x74 .objs\pokitto\pokitto_core\pokittodisplay.o
                0x000034dc                Pokitto::Display::drawPixel(short, short)
 .text._ZN7Pokitto7Display10drawColumnEsss
                0x00003550       0x48 .objs\pokitto\pokitto_core\pokittodisplay.o
                0x00003550                Pokitto::Display::drawColumn(short, short, short)
 .text._ZN7Pokitto7Display7drawRowEsss
                0x00003598       0x48 .objs\pokitto\pokitto_core\pokittodisplay.o
                0x00003598                Pokitto::Display::drawRow(short, short, short)
 .text._ZN7Pokitto7Display13drawFastVLineEsss
                0x000035e0       0x1a .objs\pokitto\pokitto_core\pokittodisplay.o
                0x000035e0                Pokitto::Display::drawFastVLine(short, short, short)
 .text._ZN7Pokitto7Display13drawFastHLineEsss
                0x000035fa       0x20 .objs\pokitto\pokitto_core\pokittodisplay.o
                0x000035fa                Pokitto::Display::drawFastHLine(short, short, short)
 .text._ZN7Pokitto7Display13drawRectangleEssss
                0x0000361a       0x36 .objs\pokitto\pokitto_core\pokittodisplay.o
                0x0000361a                Pokitto::Display::drawRectangle(short, short, short, short)
 .text._ZN7Pokitto7Display13fillRectangleEssss
                0x00003650       0x7c .objs\pokitto\pokitto_core\pokittodisplay.o
                0x00003650                Pokitto::Display::fillRectangle(short, short, short, short)
 .text._ZN7Pokitto7Display6scrollEs
                0x000036cc      0x120 .objs\pokitto\pokitto_core\pokittodisplay.o
                0x000036cc                Pokitto::Display::scroll(short)
 .text._ZN7Pokitto7Display16drawCircleHelperEssst
                0x000037ec       0xfe .objs\pokitto\pokitto_core\pokittodisplay.o
                0x000037ec                Pokitto::Display::drawCircleHelper(short, short, short, unsigned short)
 .text._ZN7Pokitto7Display16fillCircleHelperEsssts
                0x000038ea       0xf8 .objs\pokitto\pokitto_core\pokittodisplay.o
                0x000038ea                Pokitto::Display::fillCircleHelper(short, short, short, unsigned short, short)
 .text._ZN7Pokitto7Display13drawRoundRectEsssss
                0x000039e2       0xcc .objs\pokitto\pokitto_core\pokittodisplay.o
                0x000039e2                Pokitto::Display::drawRoundRect(short, short, short, short, short)
 .text._ZN7Pokitto7Display13fillRoundRectEsssss
                0x00003aae       0x78 .objs\pokitto\pokitto_core\pokittodisplay.o
                0x00003aae                Pokitto::Display::fillRoundRect(short, short, short, short, short)
 *fill*         0x00003b26        0x2 ff
 .text._ZN7Pokitto7Display7setFontEPKh
                0x00003b28       0x24 .objs\pokitto\pokitto_core\pokittodisplay.o
                0x00003b28                Pokitto::Display::setFont(unsigned char const*)
 .text._ZN7Pokitto7DisplayC2Ev
                0x00003b4c       0x60 .objs\pokitto\pokitto_core\pokittodisplay.o
                0x00003b4c                Pokitto::Display::Display()
                0x00003b4c                Pokitto::Display::Display()
 .text._ZN7Pokitto7Display14drawBitmapDataEssssPKh
                0x00003bac      0x31c .objs\pokitto\pokitto_core\pokittodisplay.o
                0x00003bac                Pokitto::Display::drawBitmapData(short, short, short, short, unsigned char const*)
 .text._ZN7Pokitto7Display10print_charEhhh
                0x00003ec8       0x2c .objs\pokitto\pokitto_core\pokittodisplay.o
                0x00003ec8                Pokitto::Display::print_char(unsigned char, unsigned char, unsigned char)
 .text._ZN7Pokitto7Display23isDirectPrintingEnabledEv
                0x00003ef4       0x10 .objs\pokitto\pokitto_core\pokittodisplay.o
                0x00003ef4                Pokitto::Display::isDirectPrintingEnabled()
 .text._ZN7Pokitto7Display20enableDirectPrintingEh
                0x00003f04       0x3c .objs\pokitto\pokitto_core\pokittodisplay.o
                0x00003f04                Pokitto::Display::enableDirectPrinting(unsigned char)
 .text._ZN7Pokitto7Display11inc_txtlineEv
                0x00003f40       0x40 .objs\pokitto\pokitto_core\pokittodisplay.o
                0x00003f40                Pokitto::Display::inc_txtline()
 .text._ZN7Pokitto7Display5writeEh
                0x00003f80       0xc8 .objs\pokitto\pokitto_core\pokittodisplay.o
                0x00003f80                Pokitto::Display::write(unsigned char)
 .text._ZN7Pokitto7Display5writeEPKc
                0x00004048       0x14 .objs\pokitto\pokitto_core\pokittodisplay.o
                0x00004048                Pokitto::Display::write(char const*)
 .text._ZN7Pokitto7Display5printEPKc
                0x0000405c        0x8 .objs\pokitto\pokitto_core\pokittodisplay.o
                0x0000405c                Pokitto::Display::print(char const*)
 .text._ZN7Pokitto7Display7printlnEv
                0x00004064       0x10 .objs\pokitto\pokitto_core\pokittodisplay.o
                0x00004064                Pokitto::Display::println()
 .text._ZN7Pokitto7Display7printlnEPKc
                0x00004074        0xc .objs\pokitto\pokitto_core\pokittodisplay.o
                0x00004074                Pokitto::Display::println(char const*)
 .text._ZN7Pokitto7Display10set_cursorEhh
                0x00004080       0x14 .objs\pokitto\pokitto_core\pokittodisplay.o
                0x00004080                Pokitto::Display::set_cursor(unsigned char, unsigned char)
 .text._ZN7Pokitto7Display5printEhhPKc
                0x00004094       0x1c .objs\pokitto\pokitto_core\pokittodisplay.o
                0x00004094                Pokitto::Display::print(unsigned char, unsigned char, char const*)
 .text._ZN7Pokitto7Display11printNumberEmh
                0x000040b0       0x54 .objs\pokitto\pokitto_core\pokittodisplay.o
                0x000040b0                Pokitto::Display::printNumber(unsigned long, unsigned char)
 .text._ZN7Pokitto7Display5printEli.part.4
                0x00004104       0x18 .objs\pokitto\pokitto_core\pokittodisplay.o
 .text._ZN7Pokitto7Display5printEli
                0x0000411c       0x20 .objs\pokitto\pokitto_core\pokittodisplay.o
                0x0000411c                Pokitto::Display::print(long, int)
 .text._ZN7Pokitto7Display5printEci
                0x0000413c        0x8 .objs\pokitto\pokitto_core\pokittodisplay.o
                0x0000413c                Pokitto::Display::print(char, int)
 .text._ZN7Pokitto7Display5printEii
                0x00004144        0x8 .objs\pokitto\pokitto_core\pokittodisplay.o
                0x00004144                Pokitto::Display::print(int, int)
 .text._ZN7Pokitto7Display5printEhhii
                0x0000414c       0x1c .objs\pokitto\pokitto_core\pokittodisplay.o
                0x0000414c                Pokitto::Display::print(unsigned char, unsigned char, int, int)
 .text._ZN7Pokitto7Display5printEmi
                0x00004168       0x16 .objs\pokitto\pokitto_core\pokittodisplay.o
                0x00004168                Pokitto::Display::print(unsigned long, int)
 .text._ZN7Pokitto7Display7printlnEmi
                0x0000417e        0xc .objs\pokitto\pokitto_core\pokittodisplay.o
                0x0000417e                Pokitto::Display::println(unsigned long, int)
 *fill*         0x0000418a        0x2 ff
 .text.startup._GLOBAL__sub_I_core
                0x0000418c       0x10 .objs\pokitto\pokitto_core\pokittodisplay.o
 .text._ZN7Pokitto7Display8RGBto565Ehhh
                0x0000419c       0x10 .objs\pokitto\pokitto_core\pokittopalette.o
                0x0000419c                Pokitto::Display::RGBto565(unsigned char, unsigned char, unsigned char)
 .text._ZN7Pokitto7Display14loadRGBPaletteEPKh
                0x000041ac       0x2c .objs\pokitto\pokitto_core\pokittopalette.o
                0x000041ac                Pokitto::Display::loadRGBPalette(unsigned char const*)
 .text._ZN7Pokitto7Display16interpolateColorEtth
                0x000041d8       0x5c .objs\pokitto\pokitto_core\pokittopalette.o
                0x000041d8                Pokitto::Display::interpolateColor(unsigned short, unsigned short, unsigned char)
 .text._ZN7Pokitto5Sound11stopPatternEv
                0x00004234        0x2 .objs\pokitto\pokitto_core\pokittosound.o
                0x00004234                Pokitto::Sound::stopPattern()
 *fill*         0x00004236        0x2 ff
 .text._ZN7Pokitto5Sound9setVolumeEs
                0x00004238       0x24 .objs\pokitto\pokitto_core\pokittosound.o
                0x00004238                Pokitto::Sound::setVolume(short)
 .text._ZN7Pokitto5Sound9setMaxVolEs
                0x0000425c       0x28 .objs\pokitto\pokitto_core\pokittosound.o
                0x0000425c                Pokitto::Sound::setMaxVol(short)
 .text._ZN7Pokitto5Sound8volumeUpEv
                0x00004284       0x1c .objs\pokitto\pokitto_core\pokittosound.o
                0x00004284                Pokitto::Sound::volumeUp()
 .text._ZN7Pokitto5Sound10volumeDownEv
                0x000042a0       0x1c .objs\pokitto\pokitto_core\pokittosound.o
                0x000042a0                Pokitto::Sound::volumeDown()
 .text._ZN7Pokitto5Sound9getVolumeEv
                0x000042bc        0xc .objs\pokitto\pokitto_core\pokittosound.o
                0x000042bc                Pokitto::Sound::getVolume()
 .text.startup._GLOBAL__sub_I__soundc
                0x000042c8       0x10 .objs\pokitto\pokitto_core\pokittosound.o
 .text._Z8APressedv
                0x000042d8        0xc .objs\pokitto\pokitto_hw\hwbuttons.o
                0x000042d8                APressed()
 .text._Z9AReleasedv
                0x000042e4        0xc .objs\pokitto\pokitto_hw\hwbuttons.o
                0x000042e4                AReleased()
 .text._Z8BPressedv
                0x000042f0        0xc .objs\pokitto\pokitto_hw\hwbuttons.o
                0x000042f0                BPressed()
 .text._Z9BReleasedv
                0x000042fc        0xc .objs\pokitto\pokitto_hw\hwbuttons.o
                0x000042fc                BReleased()
 .text._Z8CPressedv
                0x00004308        0xc .objs\pokitto\pokitto_hw\hwbuttons.o
                0x00004308                CPressed()
 .text._Z9CReleasedv
                0x00004314        0xc .objs\pokitto\pokitto_hw\hwbuttons.o
                0x00004314                CReleased()
 .text._Z8UPressedv
                0x00004320        0xc .objs\pokitto\pokitto_hw\hwbuttons.o
                0x00004320                UPressed()
 .text._Z9UReleasedv
                0x0000432c        0xc .objs\pokitto\pokitto_hw\hwbuttons.o
                0x0000432c                UReleased()
 .text._Z8DPressedv
                0x00004338        0xc .objs\pokitto\pokitto_hw\hwbuttons.o
                0x00004338                DPressed()
 .text._Z9DReleasedv
                0x00004344        0xc .objs\pokitto\pokitto_hw\hwbuttons.o
                0x00004344                DReleased()
 .text._Z9RReleasedv
                0x00004350        0xc .objs\pokitto\pokitto_hw\hwbuttons.o
                0x00004350                RReleased()
 .text._Z9LReleasedv
                0x0000435c        0xc .objs\pokitto\pokitto_hw\hwbuttons.o
                0x0000435c                LReleased()
 .text._Z8RPressedv
                0x00004368       0x1c .objs\pokitto\pokitto_hw\hwbuttons.o
                0x00004368                RPressed()
 .text._Z8LPressedv
                0x00004384       0x1c .objs\pokitto\pokitto_hw\hwbuttons.o
                0x00004384                LPressed()
 .text._ZN7Pokitto11initButtonsEv
                0x000043a0       0xd8 .objs\pokitto\pokitto_hw\hwbuttons.o
                0x000043a0                Pokitto::initButtons()
 .text._ZN7Pokitto4Core4aBtnEv
                0x00004478        0xc .objs\pokitto\pokitto_hw\hwbuttons.o
                0x00004478                Pokitto::Core::aBtn()
 .text._ZN7Pokitto4Core4bBtnEv
                0x00004484        0xc .objs\pokitto\pokitto_hw\hwbuttons.o
                0x00004484                Pokitto::Core::bBtn()
 .text._ZN7Pokitto4Core4cBtnEv
                0x00004490        0xc .objs\pokitto\pokitto_hw\hwbuttons.o
                0x00004490                Pokitto::Core::cBtn()
 .text._ZN7Pokitto4Core7leftBtnEv
                0x0000449c        0xc .objs\pokitto\pokitto_hw\hwbuttons.o
                0x0000449c                Pokitto::Core::leftBtn()
 .text._ZN7Pokitto4Core8rightBtnEv
                0x000044a8        0xc .objs\pokitto\pokitto_hw\hwbuttons.o
                0x000044a8                Pokitto::Core::rightBtn()
 .text.startup._GLOBAL__sub_I__s
                0x000044b4       0xe0 .objs\pokitto\pokitto_hw\hwbuttons.o
 .text._ZL13setup_data_16t
                0x00004594       0x30 .objs\pokitto\pokitto_hw\hwlcd.o
 .text._Z16write_command_16t
                0x000045c4       0x34 .objs\pokitto\pokitto_hw\hwlcd.o
                0x000045c4                write_command_16(unsigned short)
 .text._Z13write_data_16t
                0x000045f8       0x34 .objs\pokitto\pokitto_hw\hwlcd.o
                0x000045f8                write_data_16(unsigned short)
 .text._ZL10setDRAMptrhh.constprop.0
                0x0000462c       0x44 .objs\pokitto\pokitto_hw\hwlcd.o
 .text._ZN7Pokitto13initBacklightEv
                0x00004670       0x2c .objs\pokitto\pokitto_hw\hwlcd.o
                0x00004670                Pokitto::initBacklight()
 .text._ZN7Pokitto14lcdFillSurfaceEt
                0x0000469c       0x64 .objs\pokitto\pokitto_hw\hwlcd.o
                0x0000469c                Pokitto::lcdFillSurface(unsigned short)
 .text._ZN7Pokitto8lcdClearEv
                0x00004700       0x60 .objs\pokitto\pokitto_hw\hwlcd.o
                0x00004700                Pokitto::lcdClear()
 .text._ZN7Pokitto7lcdInitEv
                0x00004760      0x218 .objs\pokitto\pokitto_hw\hwlcd.o
                0x00004760                Pokitto::lcdInit()
 .text._ZN7Pokitto8lcdPixelEsst
                0x00004978       0x64 .objs\pokitto\pokitto_hw\hwlcd.o
                0x00004978                Pokitto::lcdPixel(short, short, unsigned short)
 .text._ZN7Pokitto12lcdRectangleEsssst
                0x000049dc       0xc8 .objs\pokitto\pokitto_hw\hwlcd.o
                0x000049dc                Pokitto::lcdRectangle(short, short, short, short, unsigned short)
 .text._ZN7Pokitto15lcdRefreshMode1EPhPt
                0x00004aa4      0x30c .objs\pokitto\pokitto_hw\hwlcd.o
                0x00004aa4                Pokitto::lcdRefreshMode1(unsigned char*, unsigned short*)
 .text._Z15CopyPageToFlashmPh
                0x00004db0      0x16c .objs\pokitto\pokitto_hw\iap.o
                0x00004db0                CopyPageToFlash(unsigned long, unsigned char*)
 .text.SysTick_Handler
                0x00004f1c       0x10 .objs\pokitto\pokitto_hw\pokittoclock.o
                0x00004f1c                SysTick_Handler
 .text._ZN7Pokitto4Core9initClockEv
                0x00004f2c       0x20 .objs\pokitto\pokitto_hw\pokittoclock.o
                0x00004f2c                Pokitto::Core::initClock()
 .text._ZN7Pokitto4Core7getTimeEv
                0x00004f4c        0xc .objs\pokitto\pokitto_hw\pokittoclock.o
                0x00004f4c                Pokitto::Core::getTime()
 .text._ZN7Pokitto4Core10initRandomEv
                0x00004f58        0x2 .objs\pokitto\pokitto_hw\pokittohw.o
                0x00004f58                Pokitto::Core::initRandom()
 *fill*         0x00004f5a        0x2 ff
 .text._ZN7Pokitto4Core8initGPIOEv
                0x00004f5c      0x108 .objs\pokitto\pokitto_hw\pokittohw.o
                0x00004f5c                Pokitto::Core::initGPIO()
 .text._ZN9USBSerialD2Ev
                0x00005064       0x54 .objs\pokitto\pokitto_libs\micropython\main.o
                0x00005064                USBSerial::~USBSerial()
                0x00005064                USBSerial::~USBSerial()
                0x00005098                non-virtual thunk to USBSerial::~USBSerial()
                0x000050a8                non-virtual thunk to USBSerial::~USBSerial()
 .text.pc_putc  0x000050b8       0x14 .objs\pokitto\pokitto_libs\micropython\main.o
                0x000050b8                pc_putc
 .text.pc_getc  0x000050cc       0x10 .objs\pokitto\pokitto_libs\micropython\main.o
                0x000050cc                pc_getc
 .text.startup.main
                0x000050dc       0x3c .objs\pokitto\pokitto_libs\micropython\main.o
                0x000050dc                main
 .text._ZN9USBSerialD0Ev
                0x00005118       0x34 .objs\pokitto\pokitto_libs\micropython\main.o
                0x00005118                USBSerial::~USBSerial()
                0x0000512a                non-virtual thunk to USBSerial::~USBSerial()
                0x0000513c                non-virtual thunk to USBSerial::~USBSerial()
 .text.startup._GLOBAL__sub_I_game
                0x0000514c       0x7c .objs\pokitto\pokitto_libs\micropython\main.o
 .text.Pok_addToRingBuffer
                0x000051c8       0x40 .objs\pokitto\pokitto_libs\micropython\pythonbindings.o
                0x000051c8                Pok_addToRingBuffer
 .text.Pok_readAndRemoveFromRingBuffer
                0x00005208       0x48 .objs\pokitto\pokitto_libs\micropython\pythonbindings.o
                0x00005208                Pok_readAndRemoveFromRingBuffer
 .text.Pok_Display_getWidth
                0x00005250        0x8 .objs\pokitto\pokitto_libs\micropython\pythonbindings.o
                0x00005250                Pok_Display_getWidth
 .text.Pok_Display_getHeight
                0x00005258        0x8 .objs\pokitto\pokitto_libs\micropython\pythonbindings.o
                0x00005258                Pok_Display_getHeight
 .text.Pok_Display_print
                0x00005260       0x10 .objs\pokitto\pokitto_libs\micropython\pythonbindings.o
                0x00005260                Pok_Display_print
 .text.Pok_Display_blitFrameBuffer
                0x00005270       0x20 .objs\pokitto\pokitto_libs\micropython\pythonbindings.o
                0x00005270                Pok_Display_blitFrameBuffer
 .text.POK_game_display_RGBto565
                0x00005290        0x8 .objs\pokitto\pokitto_libs\micropython\pythonbindings.o
                0x00005290                POK_game_display_RGBto565
 .text.POK_game_display_setPalette
                0x00005298       0x1c .objs\pokitto\pokitto_libs\micropython\pythonbindings.o
                0x00005298                POK_game_display_setPalette
 .text.Pok_Core_update
                0x000052b4        0x8 .objs\pokitto\pokitto_libs\micropython\pythonbindings.o
                0x000052b4                Pok_Core_update
 .text.Pok_Core_isRunning
                0x000052bc        0x8 .objs\pokitto\pokitto_libs\micropython\pythonbindings.o
                0x000052bc                Pok_Core_isRunning
 .text.Pok_Core_buttons_repeat
                0x000052c4        0x8 .objs\pokitto\pokitto_libs\micropython\pythonbindings.o
                0x000052c4                Pok_Core_buttons_repeat
 .text.Pok_Core_buttons_held
                0x000052cc        0x8 .objs\pokitto\pokitto_libs\micropython\pythonbindings.o
                0x000052cc                Pok_Core_buttons_held
 .text.Pok_Core_buttons_released
                0x000052d4        0x8 .objs\pokitto\pokitto_libs\micropython\pythonbindings.o
                0x000052d4                Pok_Core_buttons_released
 .text.startup._GLOBAL__sub_I_playing
                0x000052dc       0x2c .objs\pokitto\pokitto_libs\synth\synth.o
 .text._ZN6USBHAL3SOFEi
                0x00005308        0x2 .objs\pokitto\pokitto_libs\usbdevice\usbdevice\usbdevice.o
                0x00005308                USBHAL::SOF(int)
 .text._ZN6USBHAL16EP1_OUT_callbackEv
                0x0000530a        0x4 .objs\pokitto\pokitto_libs\usbdevice\usbdevice\usbdevice.o
                0x0000530a                USBHAL::EP1_OUT_callback()
 .text._ZN6USBHAL15EP1_IN_callbackEv
                0x0000530e        0x4 .objs\pokitto\pokitto_libs\usbdevice\usbdevice\usbdevice.o
                0x0000530e                USBHAL::EP1_IN_callback()
 .text._ZN6USBHAL16EP2_OUT_callbackEv
                0x00005312        0x4 .objs\pokitto\pokitto_libs\usbdevice\usbdevice\usbdevice.o
                0x00005312                USBHAL::EP2_OUT_callback()
 .text._ZN6USBHAL15EP2_IN_callbackEv
                0x00005316        0x4 .objs\pokitto\pokitto_libs\usbdevice\usbdevice\usbdevice.o
                0x00005316                USBHAL::EP2_IN_callback()
 .text._ZN6USBHAL16EP3_OUT_callbackEv
                0x0000531a        0x4 .objs\pokitto\pokitto_libs\usbdevice\usbdevice\usbdevice.o
                0x0000531a                USBHAL::EP3_OUT_callback()
 .text._ZN6USBHAL15EP3_IN_callbackEv
                0x0000531e        0x4 .objs\pokitto\pokitto_libs\usbdevice\usbdevice\usbdevice.o
                0x0000531e                USBHAL::EP3_IN_callback()
 .text._ZN6USBHAL16EP4_OUT_callbackEv
                0x00005322        0x4 .objs\pokitto\pokitto_libs\usbdevice\usbdevice\usbdevice.o
                0x00005322                USBHAL::EP4_OUT_callback()
 .text._ZN6USBHAL15EP4_IN_callbackEv
                0x00005326        0x4 .objs\pokitto\pokitto_libs\usbdevice\usbdevice\usbdevice.o
                0x00005326                USBHAL::EP4_IN_callback()
 .text._ZN9USBDevice20USBCallback_busResetEv
                0x0000532a        0x2 .objs\pokitto\pokitto_libs\usbdevice\usbdevice\usbdevice.o
                0x0000532a                USBDevice::USBCallback_busReset()
 .text._ZN9USBDevice19USBCallback_requestEv
                0x0000532c        0x4 .objs\pokitto\pokitto_libs\usbdevice\usbdevice\usbdevice.o
                0x0000532c                USBDevice::USBCallback_request()
 .text._ZN9USBDevice28USBCallback_requestCompletedEPhm
                0x00005330        0x2 .objs\pokitto\pokitto_libs\usbdevice\usbdevice\usbdevice.o
                0x00005330                USBDevice::USBCallback_requestCompleted(unsigned char*, unsigned long)
 .text._ZN9USBDevice28USBCallback_setConfigurationEh
                0x00005332        0x4 .objs\pokitto\pokitto_libs\usbdevice\usbdevice\usbdevice.o
                0x00005332                USBDevice::USBCallback_setConfiguration(unsigned char)
 .text._ZN9USBDevice24USBCallback_setInterfaceEth
                0x00005336        0x4 .objs\pokitto\pokitto_libs\usbdevice\usbdevice\usbdevice.o
                0x00005336                USBDevice::USBCallback_setInterface(unsigned short, unsigned char)
 .text._ZN9USBDevice17configurationDescEv
                0x0000533a        0x4 .objs\pokitto\pokitto_libs\usbdevice\usbdevice\usbdevice.o
                0x0000533a                USBDevice::configurationDesc()
 .text._ZN9USBDevice16reportDescLengthEv
                0x0000533e        0x4 .objs\pokitto\pokitto_libs\usbdevice\usbdevice\usbdevice.o
                0x0000533e                USBDevice::reportDescLength()
 .text._ZN9USBDevice8busResetEv
                0x00005342       0x1c .objs\pokitto\pokitto_libs\usbdevice\usbdevice\usbdevice.o
                0x00005342                USBDevice::busReset()
 .text._ZN9USBDevice19suspendStateChangedEj
                0x0000535e        0x2 .objs\pokitto\pokitto_libs\usbdevice\usbdevice\usbdevice.o
                0x0000535e                USBDevice::connectStateChanged(unsigned int)
                0x0000535e                USBDevice::suspendStateChanged(unsigned int)
 .text._ZN9USBDevice16stringLangidDescEv
                0x00005360        0x8 .objs\pokitto\pokitto_libs\usbdevice\usbdevice\usbdevice.o
                0x00005360                USBDevice::stringLangidDesc()
 .text._ZN9USBDevice23stringImanufacturerDescEv
                0x00005368        0x8 .objs\pokitto\pokitto_libs\usbdevice\usbdevice\usbdevice.o
                0x00005368                USBDevice::stringImanufacturerDesc()
 .text._ZN9USBDevice17stringIserialDescEv
                0x00005370        0x8 .objs\pokitto\pokitto_libs\usbdevice\usbdevice\usbdevice.o
                0x00005370                USBDevice::stringIserialDesc()
 .text._ZN9USBDevice24stringIConfigurationDescEv
                0x00005378        0x8 .objs\pokitto\pokitto_libs\usbdevice\usbdevice\usbdevice.o
                0x00005378                USBDevice::stringIConfigurationDesc()
 .text._ZN9USBDevice20stringIinterfaceDescEv
                0x00005380        0x8 .objs\pokitto\pokitto_libs\usbdevice\usbdevice\usbdevice.o
                0x00005380                USBDevice::stringIinterfaceDesc()
 .text._ZN9USBDevice18stringIproductDescEv
                0x00005388        0x8 .objs\pokitto\pokitto_libs\usbdevice\usbdevice\usbdevice.o
                0x00005388                USBDevice::stringIproductDesc()
 .text._ZN9USBDevice10deviceDescEv
                0x00005390       0x4c .objs\pokitto\pokitto_libs\usbdevice\usbdevice\usbdevice.o
                0x00005390                USBDevice::deviceDesc()
 .text._ZN9USBDevice20requestGetDescriptorEv
                0x000053dc      0x12e .objs\pokitto\pokitto_libs\usbdevice\usbdevice\usbdevice.o
                0x000053dc                USBDevice::requestGetDescriptor()
 .text._ZN9USBDevice17decodeSetupPacketEPhP12SETUP_PACKET
                0x0000550a       0x3a .objs\pokitto\pokitto_libs\usbdevice\usbdevice\usbdevice.o
                0x0000550a                USBDevice::decodeSetupPacket(unsigned char*, SETUP_PACKET*)
 .text._ZN9USBDevice10controlOutEv
                0x00005544       0x60 .objs\pokitto\pokitto_libs\usbdevice\usbdevice\usbdevice.o
                0x00005544                USBDevice::controlOut()
 .text._ZN9USBDevice6EP0outEv
                0x000055a4       0x14 .objs\pokitto\pokitto_libs\usbdevice\usbdevice\usbdevice.o
                0x000055a4                USBDevice::EP0out()
 .text._ZN9USBDevice9controlInEv
                0x000055b8       0x72 .objs\pokitto\pokitto_libs\usbdevice\usbdevice\usbdevice.o
                0x000055b8                USBDevice::controlIn()
 .text._ZN9USBDevice5EP0inEv
                0x0000562a       0x14 .objs\pokitto\pokitto_libs\usbdevice\usbdevice\usbdevice.o
                0x0000562a                USBDevice::EP0in()
 .text._ZN9USBDevice17requestSetAddressEv
                0x0000563e       0x22 .objs\pokitto\pokitto_libs\usbdevice\usbdevice\usbdevice.o
                0x0000563e                USBDevice::requestSetAddress()
 .text._ZN9USBDevice23requestSetConfigurationEv
                0x00005660       0x38 .objs\pokitto\pokitto_libs\usbdevice\usbdevice\usbdevice.o
                0x00005660                USBDevice::requestSetConfiguration()
 .text._ZN9USBDevice19requestGetInterfaceEv
                0x00005698       0x28 .objs\pokitto\pokitto_libs\usbdevice\usbdevice\usbdevice.o
                0x00005698                USBDevice::requestGetInterface()
 .text._ZN9USBDevice19requestSetInterfaceEv
                0x000056c0       0x30 .objs\pokitto\pokitto_libs\usbdevice\usbdevice\usbdevice.o
                0x000056c0                USBDevice::requestSetInterface()
 .text._ZN9USBDevice17requestSetFeatureEv
                0x000056f0       0x52 .objs\pokitto\pokitto_libs\usbdevice\usbdevice\usbdevice.o
                0x000056f0                USBDevice::requestSetFeature()
 .text._ZN9USBDevice19requestClearFeatureEv
                0x00005742       0x52 .objs\pokitto\pokitto_libs\usbdevice\usbdevice\usbdevice.o
                0x00005742                USBDevice::requestClearFeature()
 .text._ZN9USBDevice16requestGetStatusEv
                0x00005794       0x7c .objs\pokitto\pokitto_libs\usbdevice\usbdevice\usbdevice.o
                0x00005794                USBDevice::requestGetStatus()
 .text._ZN9USBDevice12requestSetupEv
                0x00005810       0x7e .objs\pokitto\pokitto_libs\usbdevice\usbdevice\usbdevice.o
                0x00005810                USBDevice::requestSetup()
 .text._ZN9USBDevice12controlSetupEv
                0x0000588e       0xac .objs\pokitto\pokitto_libs\usbdevice\usbdevice\usbdevice.o
                0x0000588e                USBDevice::controlSetup()
 .text._ZN9USBDevice16EP0setupCallbackEv
                0x0000593a       0x14 .objs\pokitto\pokitto_libs\usbdevice\usbdevice\usbdevice.o
                0x0000593a                USBDevice::EP0setupCallback()
 .text._ZN9USBDevice7connectEb
                0x0000594e       0x1a .objs\pokitto\pokitto_libs\usbdevice\usbdevice\usbdevice.o
                0x0000594e                USBDevice::connect(bool)
 .text._ZN9USBDevice14getTransferPtrEv
                0x00005968        0x4 .objs\pokitto\pokitto_libs\usbdevice\usbdevice\usbdevice.o
                0x00005968                USBDevice::getTransferPtr()
 .text._ZN9USBDevice11addEndpointEhm
                0x0000596c        0xa .objs\pokitto\pokitto_libs\usbdevice\usbdevice\usbdevice.o
                0x0000596c                USBDevice::addEndpoint(unsigned char, unsigned long)
 *fill*         0x00005976        0x2 ff
 .text._ZN9USBDeviceC2Ettt
                0x00005978       0x38 .objs\pokitto\pokitto_libs\usbdevice\usbdevice\usbdevice.o
                0x00005978                USBDevice::USBDevice(unsigned short, unsigned short, unsigned short)
                0x00005978                USBDevice::USBDevice(unsigned short, unsigned short, unsigned short)
 .text._ZN9USBDevice9readStartEhm
                0x000059b0       0x10 .objs\pokitto\pokitto_libs\usbdevice\usbdevice\usbdevice.o
                0x000059b0                USBDevice::readStart(unsigned char, unsigned long)
 .text._ZN9USBDevice5writeEhPhmm
                0x000059c0       0x40 .objs\pokitto\pokitto_libs\usbdevice\usbdevice\usbdevice.o
                0x000059c0                USBDevice::write(unsigned char, unsigned char*, unsigned long, unsigned long)
 .text._ZN9USBDevice6readEPEhPhPmm
                0x00005a00       0x34 .objs\pokitto\pokitto_libs\usbdevice\usbdevice\usbdevice.o
                0x00005a00                USBDevice::readEP(unsigned char, unsigned char*, unsigned long*, unsigned long)
 .text._ZN6USBHAL8busResetEv
                0x00005a34        0x2 .objs\pokitto\pokitto_libs\usbdevice\usbdevice\usbhal_lpc11u.o
                0x00005a34                USBHAL::busReset()
 .text._ZN6USBHAL16EP0setupCallbackEv
                0x00005a36        0x2 .objs\pokitto\pokitto_libs\usbdevice\usbdevice\usbhal_lpc11u.o
                0x00005a36                USBHAL::EP0setupCallback()
 .text._ZN6USBHAL6EP0outEv
                0x00005a38        0x2 .objs\pokitto\pokitto_libs\usbdevice\usbdevice\usbhal_lpc11u.o
                0x00005a38                USBHAL::EP0out()
 .text._ZN6USBHAL5EP0inEv
                0x00005a3a        0x2 .objs\pokitto\pokitto_libs\usbdevice\usbdevice\usbhal_lpc11u.o
                0x00005a3a                USBHAL::EP0in()
 .text._ZN6USBHAL19connectStateChangedEj
                0x00005a3c        0x2 .objs\pokitto\pokitto_libs\usbdevice\usbdevice\usbhal_lpc11u.o
                0x00005a3c                USBHAL::connectStateChanged(unsigned int)
 .text._ZN6USBHAL19suspendStateChangedEj
                0x00005a3e        0x2 .objs\pokitto\pokitto_libs\usbdevice\usbdevice\usbhal_lpc11u.o
                0x00005a3e                USBHAL::suspendStateChanged(unsigned int)
 .text._Z10USBMemCopyPhS_m
                0x00005a40       0x12 .objs\pokitto\pokitto_libs\usbdevice\usbdevice\usbhal_lpc11u.o
                0x00005a40                USBMemCopy(unsigned char*, unsigned char*, unsigned long)
 *fill*         0x00005a52        0x2 ff
 .text._ZN6USBHALC2Ev
                0x00005a54       0xec .objs\pokitto\pokitto_libs\usbdevice\usbdevice\usbhal_lpc11u.o
                0x00005a54                USBHAL::USBHAL()
                0x00005a54                USBHAL::USBHAL()
 .text._ZN6USBHALD2Ev
                0x00005b40       0x18 .objs\pokitto\pokitto_libs\usbdevice\usbdevice\usbhal_lpc11u.o
                0x00005b40                USBHAL::~USBHAL()
                0x00005b40                USBHAL::~USBHAL()
 .text._ZN6USBHAL7connectEv
                0x00005b58       0x28 .objs\pokitto\pokitto_libs\usbdevice\usbdevice\usbhal_lpc11u.o
                0x00005b58                USBHAL::connect()
 .text._ZN6USBHAL15configureDeviceEv
                0x00005b80        0x2 .objs\pokitto\pokitto_libs\usbdevice\usbdevice\usbhal_lpc11u.o
                0x00005b80                USBHAL::configureDevice()
 .text._ZN6USBHAL17unconfigureDeviceEv
                0x00005b82        0x2 .objs\pokitto\pokitto_libs\usbdevice\usbdevice\usbhal_lpc11u.o
                0x00005b82                USBHAL::unconfigureDevice()
 .text._ZN6USBHAL8EP0setupEPh
                0x00005b84       0x18 .objs\pokitto\pokitto_libs\usbdevice\usbdevice\usbhal_lpc11u.o
                0x00005b84                USBHAL::EP0setup(unsigned char*)
 .text._ZN6USBHAL7EP0readEv
                0x00005b9c       0x2c .objs\pokitto\pokitto_libs\usbdevice\usbdevice\usbhal_lpc11u.o
                0x00005b9c                USBHAL::EP0read()
 .text._ZN6USBHAL16EP0getReadResultEPh
                0x00005bc8       0x30 .objs\pokitto\pokitto_libs\usbdevice\usbdevice\usbhal_lpc11u.o
                0x00005bc8                USBHAL::EP0getReadResult(unsigned char*)
 .text._ZN6USBHAL12EP0readStageEv
                0x00005bf8        0x2 .objs\pokitto\pokitto_libs\usbdevice\usbdevice\usbhal_lpc11u.o
                0x00005bf8                USBHAL::EP0readStage()
 *fill*         0x00005bfa        0x2 ff
 .text._ZN6USBHAL8EP0writeEPhm
                0x00005bfc       0x44 .objs\pokitto\pokitto_libs\usbdevice\usbdevice\usbhal_lpc11u.o
                0x00005bfc                USBHAL::EP0write(unsigned char*, unsigned long)
 .text._ZN6USBHAL12endpointReadEhm
                0x00005c40       0x78 .objs\pokitto\pokitto_libs\usbdevice\usbdevice\usbhal_lpc11u.o
                0x00005c40                USBHAL::endpointRead(unsigned char, unsigned long)
 .text._ZN6USBHAL18endpointReadResultEhPhPm
                0x00005cb8       0x90 .objs\pokitto\pokitto_libs\usbdevice\usbdevice\usbhal_lpc11u.o
                0x00005cb8                USBHAL::endpointReadResult(unsigned char, unsigned char*, unsigned long*)
 .text._ZN6USBHAL8EP0stallEv
                0x00005d48       0x20 .objs\pokitto\pokitto_libs\usbdevice\usbdevice\usbhal_lpc11u.o
                0x00005d48                USBHAL::EP0stall()
 .text._ZN6USBHAL10setAddressEh
                0x00005d68       0x24 .objs\pokitto\pokitto_libs\usbdevice\usbdevice\usbhal_lpc11u.o
                0x00005d68                USBHAL::setAddress(unsigned char)
 .text._ZN6USBHAL13endpointWriteEhPhm
                0x00005d8c      0x114 .objs\pokitto\pokitto_libs\usbdevice\usbdevice\usbhal_lpc11u.o
                0x00005d8c                USBHAL::endpointWrite(unsigned char, unsigned char*, unsigned long)
 .text._ZN6USBHAL19endpointWriteResultEh
                0x00005ea0       0x5c .objs\pokitto\pokitto_libs\usbdevice\usbdevice\usbhal_lpc11u.o
                0x00005ea0                USBHAL::endpointWriteResult(unsigned char)
 .text._ZN6USBHAL13stallEndpointEh
                0x00005efc       0xbc .objs\pokitto\pokitto_libs\usbdevice\usbdevice\usbhal_lpc11u.o
                0x00005efc                USBHAL::stallEndpoint(unsigned char)
 .text._ZN6USBHAL15unstallEndpointEh
                0x00005fb8       0xac .objs\pokitto\pokitto_libs\usbdevice\usbdevice\usbhal_lpc11u.o
                0x00005fb8                USBHAL::unstallEndpoint(unsigned char)
 .text._ZN6USBHAL21getEndpointStallStateEh
                0x00006064       0x50 .objs\pokitto\pokitto_libs\usbdevice\usbdevice\usbhal_lpc11u.o
                0x00006064                USBHAL::getEndpointStallState(unsigned char)
 .text._ZN6USBHAL15realiseEndpointEhmm
                0x000060b4      0x10c .objs\pokitto\pokitto_libs\usbdevice\usbdevice\usbhal_lpc11u.o
                0x000060b4                USBHAL::realiseEndpoint(unsigned char, unsigned long, unsigned long)
 .text._ZN6USBHAL6usbisrEv
                0x000061c0      0x17c .objs\pokitto\pokitto_libs\usbdevice\usbdevice\usbhal_lpc11u.o
                0x000061c0                USBHAL::usbisr()
 .text._ZN6USBHAL7_usbisrEv
                0x0000633c       0x10 .objs\pokitto\pokitto_libs\usbdevice\usbdevice\usbhal_lpc11u.o
                0x0000633c                USBHAL::_usbisr()
 .text._ZN6USBCDC17lineCodingChangedEiiii
                0x0000634c        0x2 .objs\pokitto\pokitto_libs\usbdevice\usbserial\usbcdc.o
                0x0000634c                USBCDC::lineCodingChanged(int, int, int, int)
 *fill*         0x0000634e        0x2 ff
 .text._ZN6USBCDC20stringIinterfaceDescEv
                0x00006350        0x8 .objs\pokitto\pokitto_libs\usbdevice\usbserial\usbcdc.o
                0x00006350                USBCDC::stringIinterfaceDesc()
 .text._ZN6USBCDC18stringIproductDescEv
                0x00006358        0x8 .objs\pokitto\pokitto_libs\usbdevice\usbserial\usbcdc.o
                0x00006358                USBCDC::stringIproductDesc()
 .text._ZN6USBCDC17configurationDescEv
                0x00006360        0x8 .objs\pokitto\pokitto_libs\usbdevice\usbserial\usbcdc.o
                0x00006360                USBCDC::configurationDesc()
 .text._ZN6USBCDC19USBCallback_requestEv
                0x00006368       0x4c .objs\pokitto\pokitto_libs\usbdevice\usbserial\usbcdc.o
                0x00006368                USBCDC::USBCallback_request()
 .text._ZN6USBCDC10deviceDescEv
                0x000063b4       0x40 .objs\pokitto\pokitto_libs\usbdevice\usbserial\usbcdc.o
                0x000063b4                USBCDC::deviceDesc()
 .text._ZN6USBCDC28USBCallback_setConfigurationEh
                0x000063f4       0x38 .objs\pokitto\pokitto_libs\usbdevice\usbserial\usbcdc.o
                0x000063f4                USBCDC::USBCallback_setConfiguration(unsigned char)
 .text._ZN6USBCDC28USBCallback_requestCompletedEPhm
                0x0000642c       0x60 .objs\pokitto\pokitto_libs\usbdevice\usbserial\usbcdc.o
                0x0000642c                USBCDC::USBCallback_requestCompleted(unsigned char*, unsigned long)
 .text._ZN6USBCDCC2Etttb
                0x0000648c       0x2c .objs\pokitto\pokitto_libs\usbdevice\usbserial\usbcdc.o
                0x0000648c                USBCDC::USBCDC(unsigned short, unsigned short, unsigned short, bool)
                0x0000648c                USBCDC::USBCDC(unsigned short, unsigned short, unsigned short, bool)
 .text._ZN6USBCDC4sendEPhm
                0x000064b8       0x12 .objs\pokitto\pokitto_libs\usbdevice\usbserial\usbcdc.o
                0x000064b8                USBCDC::send(unsigned char*, unsigned long)
 .text._ZN6USBCDC6readEPEPhPm
                0x000064ca       0x22 .objs\pokitto\pokitto_libs\usbdevice\usbserial\usbcdc.o
                0x000064ca                USBCDC::readEP(unsigned char*, unsigned long*)
 .text._ZN9USBSerial17lineCodingChangedEiiii
                0x000064ec       0x1a .objs\pokitto\pokitto_libs\usbdevice\usbserial\usbserial.o
                0x000064ec                USBSerial::lineCodingChanged(int, int, int, int)
 .text._ZN9USBSerial5_getcEv
                0x00006506       0x38 .objs\pokitto\pokitto_libs\usbdevice\usbserial\usbserial.o
                0x00006506                USBSerial::_getc()
 *fill*         0x0000653e        0x2 ff
 .text._ZThn108_N9USBSerial5_getcEv
                0x00006540       0x10 .objs\pokitto\pokitto_libs\usbdevice\usbserial\usbserial.o
                0x00006540                non-virtual thunk to USBSerial::_getc()
 .text._ZN9USBSerial5_putcEi
                0x00006550       0x1e .objs\pokitto\pokitto_libs\usbdevice\usbserial\usbserial.o
                0x00006550                USBSerial::_putc(int)
 *fill*         0x0000656e        0x2 ff
 .text._ZThn108_N9USBSerial5_putcEi
                0x00006570       0x10 .objs\pokitto\pokitto_libs\usbdevice\usbserial\usbserial.o
                0x00006570                non-virtual thunk to USBSerial::_putc(int)
 .text._ZN9USBSerial16EP2_OUT_callbackEv
                0x00006580       0x9c .objs\pokitto\pokitto_libs\usbdevice\usbserial\usbserial.o
                0x00006580                USBSerial::EP2_OUT_callback()
 .text.__cxa_guard_acquire
                0x0000661c       0x1a c:/program files (x86)/embitz/1.11/share/em_armgcc/bin/../lib/gcc/arm-none-eabi/5.4.1/../../../../arm-none-eabi/lib/armv6-m\libstdc++_s.a(guard.o)
                0x0000661c                __cxa_guard_acquire
 .text.__cxa_guard_release
                0x00006636        0x6 c:/program files (x86)/embitz/1.11/share/em_armgcc/bin/../lib/gcc/arm-none-eabi/5.4.1/../../../../arm-none-eabi/lib/armv6-m\libstdc++_s.a(guard.o)
                0x00006636                __cxa_guard_release
 .text.floor    0x0000663c      0x130 c:/program files (x86)/embitz/1.11/share/em_armgcc/bin/../lib/gcc/arm-none-eabi/5.4.1/../../../../arm-none-eabi/lib/armv6-m\libm.a(lib_a-s_floor.o)
                0x0000663c                floor
 .text.abs      0x0000676c        0x8 c:/program files (x86)/embitz/1.11/share/em_armgcc/bin/../lib/gcc/arm-none-eabi/5.4.1/../../../../arm-none-eabi/lib/armv6-m\libc_n.a(lib_a-abs.o)
                0x0000676c                abs
 .text.__errno  0x00006774        0xc c:/program files (x86)/embitz/1.11/share/em_armgcc/bin/../lib/gcc/arm-none-eabi/5.4.1/../../../../arm-none-eabi/lib/armv6-m\libc_n.a(lib_a-errno.o)
                0x00006774                __errno
 .text._fclose_r
                0x00006780       0xb0 c:/program files (x86)/embitz/1.11/share/em_armgcc/bin/../lib/gcc/arm-none-eabi/5.4.1/../../../../arm-none-eabi/lib/armv6-m\libc_n.a(lib_a-fclose.o)
                0x00006780                _fclose_r
 .text.fclose   0x00006830       0x14 c:/program files (x86)/embitz/1.11/share/em_armgcc/bin/../lib/gcc/arm-none-eabi/5.4.1/../../../../arm-none-eabi/lib/armv6-m\libc_n.a(lib_a-fclose.o)
                0x00006830                fclose
 .text.__sflush_r
                0x00006844      0x10c c:/program files (x86)/embitz/1.11/share/em_armgcc/bin/../lib/gcc/arm-none-eabi/5.4.1/../../../../arm-none-eabi/lib/armv6-m\libc_n.a(lib_a-fflush.o)
                0x00006844                __sflush_r
 .text._fflush_r
                0x00006950       0x58 c:/program files (x86)/embitz/1.11/share/em_armgcc/bin/../lib/gcc/arm-none-eabi/5.4.1/../../../../arm-none-eabi/lib/armv6-m\libc_n.a(lib_a-fflush.o)
                0x00006950                _fflush_r
 .text.fflush   0x000069a8       0x28 c:/program files (x86)/embitz/1.11/share/em_armgcc/bin/../lib/gcc/arm-none-eabi/5.4.1/../../../../arm-none-eabi/lib/armv6-m\libc_n.a(lib_a-fflush.o)
                0x000069a8                fflush
 .text._fgetc_r
                0x000069d0       0x5c c:/program files (x86)/embitz/1.11/share/em_armgcc/bin/../lib/gcc/arm-none-eabi/5.4.1/../../../../arm-none-eabi/lib/armv6-m\libc_n.a(lib_a-fgetc.o)
                0x000069d0                _fgetc_r
 .text.fgetc    0x00006a2c       0x14 c:/program files (x86)/embitz/1.11/share/em_armgcc/bin/../lib/gcc/arm-none-eabi/5.4.1/../../../../arm-none-eabi/lib/armv6-m\libc_n.a(lib_a-fgetc.o)
                0x00006a2c                fgetc
 .text._cleanup_r
                0x00006a40       0x10 c:/program files (x86)/embitz/1.11/share/em_armgcc/bin/../lib/gcc/arm-none-eabi/5.4.1/../../../../arm-none-eabi/lib/armv6-m\libc_n.a(lib_a-findfp.o)
                0x00006a40                _cleanup_r
 .text.std.isra.0
                0x00006a50       0x48 c:/program files (x86)/embitz/1.11/share/em_armgcc/bin/../lib/gcc/arm-none-eabi/5.4.1/../../../../arm-none-eabi/lib/armv6-m\libc_n.a(lib_a-findfp.o)
 .text.__sfmoreglue
                0x00006a98       0x2c c:/program files (x86)/embitz/1.11/share/em_armgcc/bin/../lib/gcc/arm-none-eabi/5.4.1/../../../../arm-none-eabi/lib/armv6-m\libc_n.a(lib_a-findfp.o)
                0x00006a98                __sfmoreglue
 .text.__sinit  0x00006ac4       0x68 c:/program files (x86)/embitz/1.11/share/em_armgcc/bin/../lib/gcc/arm-none-eabi/5.4.1/../../../../arm-none-eabi/lib/armv6-m\libc_n.a(lib_a-findfp.o)
                0x00006ac4                __sinit
 .text.__sfp    0x00006b2c       0x7c c:/program files (x86)/embitz/1.11/share/em_armgcc/bin/../lib/gcc/arm-none-eabi/5.4.1/../../../../arm-none-eabi/lib/armv6-m\libc_n.a(lib_a-findfp.o)
                0x00006b2c                __sfp
 .text.__sfp_lock_acquire
                0x00006ba8        0x2 c:/program files (x86)/embitz/1.11/share/em_armgcc/bin/../lib/gcc/arm-none-eabi/5.4.1/../../../../arm-none-eabi/lib/armv6-m\libc_n.a(lib_a-findfp.o)
                0x00006ba8                __sfp_lock_acquire
 .text.__sfp_lock_release
                0x00006baa        0x2 c:/program files (x86)/embitz/1.11/share/em_armgcc/bin/../lib/gcc/arm-none-eabi/5.4.1/../../../../arm-none-eabi/lib/armv6-m\libc_n.a(lib_a-findfp.o)
                0x00006baa                __sfp_lock_release
 .text._fopen_r
                0x00006bac       0x7c c:/program files (x86)/embitz/1.11/share/em_armgcc/bin/../lib/gcc/arm-none-eabi/5.4.1/../../../../arm-none-eabi/lib/armv6-m\libc_n.a(lib_a-fopen.o)
                0x00006bac                _fopen_r
 .text.fopen    0x00006c28       0x14 c:/program files (x86)/embitz/1.11/share/em_armgcc/bin/../lib/gcc/arm-none-eabi/5.4.1/../../../../arm-none-eabi/lib/armv6-m\libc_n.a(lib_a-fopen.o)
                0x00006c28                fopen
 .text._fputc_r
                0x00006c3c       0x4c c:/program files (x86)/embitz/1.11/share/em_armgcc/bin/../lib/gcc/arm-none-eabi/5.4.1/../../../../arm-none-eabi/lib/armv6-m\libc_n.a(lib_a-fputc.o)
                0x00006c3c                _fputc_r
 .text.fputc    0x00006c88       0x14 c:/program files (x86)/embitz/1.11/share/em_armgcc/bin/../lib/gcc/arm-none-eabi/5.4.1/../../../../arm-none-eabi/lib/armv6-m\libc_n.a(lib_a-fputc.o)
                0x00006c88                fputc
 .text._fseek_r
                0x00006c9c        0x8 c:/program files (x86)/embitz/1.11/share/em_armgcc/bin/../lib/gcc/arm-none-eabi/5.4.1/../../../../arm-none-eabi/lib/armv6-m\libc_n.a(lib_a-fseek.o)
                0x00006c9c                _fseek_r
 .text._fseeko_r
                0x00006ca4      0x130 c:/program files (x86)/embitz/1.11/share/em_armgcc/bin/../lib/gcc/arm-none-eabi/5.4.1/../../../../arm-none-eabi/lib/armv6-m\libc_n.a(lib_a-fseeko.o)
                0x00006ca4                _fseeko_r
 .text._fwalk   0x00006dd4       0x38 c:/program files (x86)/embitz/1.11/share/em_armgcc/bin/../lib/gcc/arm-none-eabi/5.4.1/../../../../arm-none-eabi/lib/armv6-m\libc_n.a(lib_a-fwalk.o)
                0x00006dd4                _fwalk
 .text._fwalk_reent
                0x00006e0c       0x42 c:/program files (x86)/embitz/1.11/share/em_armgcc/bin/../lib/gcc/arm-none-eabi/5.4.1/../../../../arm-none-eabi/lib/armv6-m\libc_n.a(lib_a-fwalk.o)
                0x00006e0c                _fwalk_reent
 *fill*         0x00006e4e        0x2 ff
 .text.__libc_init_array
                0x00006e50       0x4c c:/program files (x86)/embitz/1.11/share/em_armgcc/bin/../lib/gcc/arm-none-eabi/5.4.1/../../../../arm-none-eabi/lib/armv6-m\libc_n.a(lib_a-init.o)
                0x00006e50                __libc_init_array
 .text.__swhatbuf_r
                0x00006e9c       0x4c c:/program files (x86)/embitz/1.11/share/em_armgcc/bin/../lib/gcc/arm-none-eabi/5.4.1/../../../../arm-none-eabi/lib/armv6-m\libc_n.a(lib_a-makebuf.o)
                0x00006e9c                __swhatbuf_r
 .text.__smakebuf_r
                0x00006ee8       0x7c c:/program files (x86)/embitz/1.11/share/em_armgcc/bin/../lib/gcc/arm-none-eabi/5.4.1/../../../../arm-none-eabi/lib/armv6-m\libc_n.a(lib_a-makebuf.o)
                0x00006ee8                __smakebuf_r
 .text.malloc   0x00006f64       0x14 c:/program files (x86)/embitz/1.11/share/em_armgcc/bin/../lib/gcc/arm-none-eabi/5.4.1/../../../../arm-none-eabi/lib/armv6-m\libc_n.a(lib_a-malloc.o)
                0x00006f64                malloc
 .text.free     0x00006f78       0x14 c:/program files (x86)/embitz/1.11/share/em_armgcc/bin/../lib/gcc/arm-none-eabi/5.4.1/../../../../arm-none-eabi/lib/armv6-m\libc_n.a(lib_a-malloc.o)
                0x00006f78                free
 .text.memchr   0x00006f8c       0x16 c:/program files (x86)/embitz/1.11/share/em_armgcc/bin/../lib/gcc/arm-none-eabi/5.4.1/../../../../arm-none-eabi/lib/armv6-m\libc_n.a(lib_a-memchr-stub.o)
                0x00006f8c                memchr
 .text.memcmp   0x00006fa2       0x1e c:/program files (x86)/embitz/1.11/share/em_armgcc/bin/../lib/gcc/arm-none-eabi/5.4.1/../../../../arm-none-eabi/lib/armv6-m\libc_n.a(lib_a-memcmp.o)
                0x00006fa2                memcmp
 .text.memcpy   0x00006fc0       0x12 c:/program files (x86)/embitz/1.11/share/em_armgcc/bin/../lib/gcc/arm-none-eabi/5.4.1/../../../../arm-none-eabi/lib/armv6-m\libc_n.a(lib_a-memcpy-stub.o)
                0x00006fc0                memcpy
 .text.memmove  0x00006fd2       0x2a c:/program files (x86)/embitz/1.11/share/em_armgcc/bin/../lib/gcc/arm-none-eabi/5.4.1/../../../../arm-none-eabi/lib/armv6-m\libc_n.a(lib_a-memmove.o)
                0x00006fd2                memmove
 .text.memset   0x00006ffc       0x10 c:/program files (x86)/embitz/1.11/share/em_armgcc/bin/../lib/gcc/arm-none-eabi/5.4.1/../../../../arm-none-eabi/lib/armv6-m\libc_n.a(lib_a-memset.o)
                0x00006ffc                memset
 .text._free_r  0x0000700c       0x98 c:/program files (x86)/embitz/1.11/share/em_armgcc/bin/../lib/gcc/arm-none-eabi/5.4.1/../../../../arm-none-eabi/lib/armv6-m\libc_n.a(lib_a-nano-freer.o)
                0x0000700c                _free_r
 .text.__sfputc_r
                0x000070a4       0x2a c:/program files (x86)/embitz/1.11/share/em_armgcc/bin/../lib/gcc/arm-none-eabi/5.4.1/../../../../arm-none-eabi/lib/armv6-m\libc_n.a(lib_a-nano-vfprintf.o)
 .text.__sfputs_r
                0x000070ce       0x24 c:/program files (x86)/embitz/1.11/share/em_armgcc/bin/../lib/gcc/arm-none-eabi/5.4.1/../../../../arm-none-eabi/lib/armv6-m\libc_n.a(lib_a-nano-vfprintf.o)
                0x000070ce                __sfputs_r
 *fill*         0x000070f2        0x2 ff
 .text._vfprintf_r
                0x000070f4      0x238 c:/program files (x86)/embitz/1.11/share/em_armgcc/bin/../lib/gcc/arm-none-eabi/5.4.1/../../../../arm-none-eabi/lib/armv6-m\libc_n.a(lib_a-nano-vfprintf.o)
                0x000070f4                _vfprintf_r
                0x000070f4                _vfiprintf_r
 .text._printf_common
                0x0000732c       0xdc c:/program files (x86)/embitz/1.11/share/em_armgcc/bin/../lib/gcc/arm-none-eabi/5.4.1/../../../../arm-none-eabi/lib/armv6-m\libc_n.a(lib_a-nano-vfprintf_i.o)
                0x0000732c                _printf_common
 .text._printf_i
                0x00007408      0x244 c:/program files (x86)/embitz/1.11/share/em_armgcc/bin/../lib/gcc/arm-none-eabi/5.4.1/../../../../arm-none-eabi/lib/armv6-m\libc_n.a(lib_a-nano-vfprintf_i.o)
                0x00007408                _printf_i
 .text._scanf_chars
                0x0000764c       0xc4 c:/program files (x86)/embitz/1.11/share/em_armgcc/bin/../lib/gcc/arm-none-eabi/5.4.1/../../../../arm-none-eabi/lib/armv6-m\libc_n.a(lib_a-nano-vfscanf_i.o)
                0x0000764c                _scanf_chars
 .text._scanf_i
                0x00007710      0x200 c:/program files (x86)/embitz/1.11/share/em_armgcc/bin/../lib/gcc/arm-none-eabi/5.4.1/../../../../arm-none-eabi/lib/armv6-m\libc_n.a(lib_a-nano-vfscanf_i.o)
                0x00007710                _scanf_i
 .text._open_r  0x00007910       0x28 c:/program files (x86)/embitz/1.11/share/em_armgcc/bin/../lib/gcc/arm-none-eabi/5.4.1/../../../../arm-none-eabi/lib/armv6-m\libc_n.a(lib_a-openr.o)
                0x00007910                _open_r
 .text._putc_r  0x00007938       0x6c c:/program files (x86)/embitz/1.11/share/em_armgcc/bin/../lib/gcc/arm-none-eabi/5.4.1/../../../../arm-none-eabi/lib/armv6-m\libc_n.a(lib_a-putc.o)
                0x00007938                _putc_r
 .text.lflush   0x000079a4       0x18 c:/program files (x86)/embitz/1.11/share/em_armgcc/bin/../lib/gcc/arm-none-eabi/5.4.1/../../../../arm-none-eabi/lib/armv6-m\libc_n.a(lib_a-refill.o)
 .text.__srefill_r
                0x000079bc      0x124 c:/program files (x86)/embitz/1.11/share/em_armgcc/bin/../lib/gcc/arm-none-eabi/5.4.1/../../../../arm-none-eabi/lib/armv6-m\libc_n.a(lib_a-refill.o)
                0x000079bc                __srefill_r
 .text.__srget_r
                0x00007ae0       0x60 c:/program files (x86)/embitz/1.11/share/em_armgcc/bin/../lib/gcc/arm-none-eabi/5.4.1/../../../../arm-none-eabi/lib/armv6-m\libc_n.a(lib_a-rget.o)
                0x00007ae0                __srget_r
 .text.__sccl   0x00007b40       0x64 c:/program files (x86)/embitz/1.11/share/em_armgcc/bin/../lib/gcc/arm-none-eabi/5.4.1/../../../../arm-none-eabi/lib/armv6-m\libc_n.a(lib_a-sccl.o)
                0x00007b40                __sccl
 .text.setbuf   0x00007ba4       0x12 c:/program files (x86)/embitz/1.11/share/em_armgcc/bin/../lib/gcc/arm-none-eabi/5.4.1/../../../../arm-none-eabi/lib/armv6-m\libc_n.a(lib_a-setbuf.o)
                0x00007ba4                setbuf
 *fill*         0x00007bb6        0x2 ff
 .text.setvbuf  0x00007bb8      0x160 c:/program files (x86)/embitz/1.11/share/em_armgcc/bin/../lib/gcc/arm-none-eabi/5.4.1/../../../../arm-none-eabi/lib/armv6-m\libc_n.a(lib_a-setvbuf.o)
                0x00007bb8                setvbuf
 .text.sprintf  0x00007d18       0x44 c:/program files (x86)/embitz/1.11/share/em_armgcc/bin/../lib/gcc/arm-none-eabi/5.4.1/../../../../arm-none-eabi/lib/armv6-m\libc_n.a(lib_a-sprintf.o)
                0x00007d18                siprintf
                0x00007d18                sprintf
 .text.sscanf   0x00007d5c       0x50 c:/program files (x86)/embitz/1.11/share/em_armgcc/bin/../lib/gcc/arm-none-eabi/5.4.1/../../../../arm-none-eabi/lib/armv6-m\libc_n.a(lib_a-sscanf.o)
                0x00007d5c                siscanf
                0x00007d5c                sscanf
 .text.__sread  0x00007dac       0x28 c:/program files (x86)/embitz/1.11/share/em_armgcc/bin/../lib/gcc/arm-none-eabi/5.4.1/../../../../arm-none-eabi/lib/armv6-m\libc_n.a(lib_a-stdio.o)
                0x00007dac                __sread
 .text.__seofread
                0x00007dd4        0x4 c:/program files (x86)/embitz/1.11/share/em_armgcc/bin/../lib/gcc/arm-none-eabi/5.4.1/../../../../arm-none-eabi/lib/armv6-m\libc_n.a(lib_a-stdio.o)