Archive member included because of file (symbol)

c:/program files (x86)/embitz/0.42/share/em_armgcc/bin/../lib/gcc/arm-none-eabi/4.8.4/../../../../arm-none-eabi/lib/armv6-m\libm.a(lib_a-s_floor.o)
                              .objs\pokitto\mbed-pokitto\targets\hal\target_nxp\target_lpc11u6x\spi_api.o (floor)
c:/program files (x86)/embitz/0.42/share/em_armgcc/bin/../lib/gcc/arm-none-eabi/4.8.4/../../../../arm-none-eabi/lib/armv6-m\libc_n.a(lib_a-abs.o)
                              .objs\pokitto\mbed-pokitto\targets\hal\target_nxp\target_lpc11u6x\serial_api.o (abs)
c:/program files (x86)/embitz/0.42/share/em_armgcc/bin/../lib/gcc/arm-none-eabi/4.8.4/../../../../arm-none-eabi/lib/armv6-m\libc_n.a(lib_a-errno.o)
                              .objs\pokitto\mbed-pokitto\common\retarget.o (__errno)
c:/program files (x86)/embitz/0.42/share/em_armgcc/bin/../lib/gcc/arm-none-eabi/4.8.4/../../../../arm-none-eabi/lib/armv6-m\libc_n.a(lib_a-exit.o)
                              c:/program files (x86)/embitz/0.42/share/em_armgcc/bin/../lib/gcc/arm-none-eabi/4.8.4/../../../../arm-none-eabi/lib/armv6-m/crt0.o (exit)
c:/program files (x86)/embitz/0.42/share/em_armgcc/bin/../lib/gcc/arm-none-eabi/4.8.4/../../../../arm-none-eabi/lib/armv6-m\libc_n.a(lib_a-fclose.o)
                              .objs\pokitto\mbed-pokitto\common\stream.o (fclose)
c:/program files (x86)/embitz/0.42/share/em_armgcc/bin/../lib/gcc/arm-none-eabi/4.8.4/../../../../arm-none-eabi/lib/armv6-m\libc_n.a(lib_a-fflush.o)
                              c:/program files (x86)/embitz/0.42/share/em_armgcc/bin/../lib/gcc/arm-none-eabi/4.8.4/../../../../arm-none-eabi/lib/armv6-m\libc_n.a(lib_a-fclose.o) (_fflush_r)
c:/program files (x86)/embitz/0.42/share/em_armgcc/bin/../lib/gcc/arm-none-eabi/4.8.4/../../../../arm-none-eabi/lib/armv6-m\libc_n.a(lib_a-fgetc.o)
                              .objs\pokitto\mbed-pokitto\common\retarget.o (fgetc)
c:/program files (x86)/embitz/0.42/share/em_armgcc/bin/../lib/gcc/arm-none-eabi/4.8.4/../../../../arm-none-eabi/lib/armv6-m\libc_n.a(lib_a-fgets.o)
                              .objs\pokitto\mbed-pokitto\common\retarget.o (fgets)
c:/program files (x86)/embitz/0.42/share/em_armgcc/bin/../lib/gcc/arm-none-eabi/4.8.4/../../../../arm-none-eabi/lib/armv6-m\libc_n.a(lib_a-findfp.o)
                              c:/program files (x86)/embitz/0.42/share/em_armgcc/bin/../lib/gcc/arm-none-eabi/4.8.4/../../../../arm-none-eabi/lib/armv6-m\libc_n.a(lib_a-fclose.o) (__sinit)
c:/program files (x86)/embitz/0.42/share/em_armgcc/bin/../lib/gcc/arm-none-eabi/4.8.4/../../../../arm-none-eabi/lib/armv6-m\libc_n.a(lib_a-fopen.o)
                              .objs\pokitto\mbed-pokitto\common\stream.o (fopen)
c:/program files (x86)/embitz/0.42/share/em_armgcc/bin/../lib/gcc/arm-none-eabi/4.8.4/../../../../arm-none-eabi/lib/armv6-m\libc_n.a(lib_a-fputc.o)
                              .objs\pokitto\mbed-pokitto\common\stream.o (fputc)
c:/program files (x86)/embitz/0.42/share/em_armgcc/bin/../lib/gcc/arm-none-eabi/4.8.4/../../../../arm-none-eabi/lib/armv6-m\libc_n.a(lib_a-fputs.o)
                              .objs\pokitto\mbed-pokitto\common\stream.o (fputs)
c:/program files (x86)/embitz/0.42/share/em_armgcc/bin/../lib/gcc/arm-none-eabi/4.8.4/../../../../arm-none-eabi/lib/armv6-m\libc_n.a(lib_a-fseek.o)
                              c:/program files (x86)/embitz/0.42/share/em_armgcc/bin/../lib/gcc/arm-none-eabi/4.8.4/../../../../arm-none-eabi/lib/armv6-m\libc_n.a(lib_a-fopen.o) (_fseek_r)
c:/program files (x86)/embitz/0.42/share/em_armgcc/bin/../lib/gcc/arm-none-eabi/4.8.4/../../../../arm-none-eabi/lib/armv6-m\libc_n.a(lib_a-fseeko.o)
                              c:/program files (x86)/embitz/0.42/share/em_armgcc/bin/../lib/gcc/arm-none-eabi/4.8.4/../../../../arm-none-eabi/lib/armv6-m\libc_n.a(lib_a-fseek.o) (_fseeko_r)
c:/program files (x86)/embitz/0.42/share/em_armgcc/bin/../lib/gcc/arm-none-eabi/4.8.4/../../../../arm-none-eabi/lib/armv6-m\libc_n.a(lib_a-fwalk.o)
                              c:/program files (x86)/embitz/0.42/share/em_armgcc/bin/../lib/gcc/arm-none-eabi/4.8.4/../../../../arm-none-eabi/lib/armv6-m\libc_n.a(lib_a-findfp.o) (_fwalk)
c:/program files (x86)/embitz/0.42/share/em_armgcc/bin/../lib/gcc/arm-none-eabi/4.8.4/../../../../arm-none-eabi/lib/armv6-m\libc_n.a(lib_a-impure.o)
                              c:/program files (x86)/embitz/0.42/share/em_armgcc/bin/../lib/gcc/arm-none-eabi/4.8.4/../../../../arm-none-eabi/lib/armv6-m\libc_n.a(lib_a-exit.o) (_global_impure_ptr)
c:/program files (x86)/embitz/0.42/share/em_armgcc/bin/../lib/gcc/arm-none-eabi/4.8.4/../../../../arm-none-eabi/lib/armv6-m\libc_n.a(lib_a-init.o)
                              c:/program files (x86)/embitz/0.42/share/em_armgcc/bin/../lib/gcc/arm-none-eabi/4.8.4/../../../../arm-none-eabi/lib/armv6-m/crt0.o (__libc_init_array)
[...]
Memory Configuration

Name             Origin             Length             Attributes
MFlash256        0x00000000         0x00040000         xr
Ram0_32          0x10000100         0x00007f00         xrw
Ram1_2           0x20000000         0x00000800         xrw
Ram2USB_2        0x20004000         0x00000800         xrw
*default*        0x00000000         0xffffffff

Linker script and memory map

LOAD c:/program files (x86)/embitz/0.42/share/em_armgcc/bin/../lib/gcc/arm-none-eabi/4.8.4/armv6-m/crti.o
LOAD c:/program files (x86)/embitz/0.42/share/em_armgcc/bin/../lib/gcc/arm-none-eabi/4.8.4/armv6-m/crtbegin.o
LOAD c:/program files (x86)/embitz/0.42/share/em_armgcc/bin/../lib/gcc/arm-none-eabi/4.8.4/../../../../arm-none-eabi/lib/armv6-m/crt0.o
                0x00040000                __top_MFlash256 = 0x40000
                0x10008000                __top_Ram0_32 = 0x10008000
                0x20000800                __top_Ram1_2 = 0x20000800
                0x20004800                __top_Ram2USB_2 = 0x20004800

.text           0x00000000     0x9600
 FILL mask 0xff
                0x00000000                __vectors_start__ = ABSOLUTE (.)
 *(.isr_vector)
 .isr_vector    0x00000000       0xc0 .objs\pokitto\mbed-pokitto\targets\cmsis\target_nxp\target_lpc11u6x\toolchain_gcc_arm\target_lpc11u68\startup_lpc11u68.o
                0x00000000                g_pfnVectors
                0x000000c0                . = ALIGN (0x4)
                0x000000c0                __section_table_start = .
                0x000000c0                __data_section_table = .
                0x000000c0        0x4 LONG 0x9bdc LOADADDR (.data)
                0x000000c4        0x4 LONG 0x10000100 ADDR (.data)
                0x000000c8        0x4 LONG 0x88 SIZEOF (.data)
                0x000000cc        0x4 LONG 0x9bdc LOADADDR (.data_RAM2)
                0x000000d0        0x4 LONG 0x20000000 ADDR (.data_RAM2)
                0x000000d4        0x4 LONG 0x0 SIZEOF (.data_RAM2)
                0x000000d8        0x4 LONG 0x9bdc LOADADDR (.data_RAM3)
                0x000000dc        0x4 LONG 0x20004000 ADDR (.data_RAM3)
                0x000000e0        0x4 LONG 0x0 SIZEOF (.data_RAM3)
                0x000000e4                __data_section_table_end = .
                0x000000e4                __bss_section_table = .
                0x000000e4        0x4 LONG 0x10000188 ADDR (.bss)
                0x000000e8        0x4 LONG 0x562c SIZEOF (.bss)
                0x000000ec        0x4 LONG 0x20000000 ADDR (.bss_RAM2)
                0x000000f0        0x4 LONG 0x0 SIZEOF (.bss_RAM2)
                0x000000f4        0x4 LONG 0x20004000 ADDR (.bss_RAM3)
                0x000000f8        0x4 LONG 0x0 SIZEOF (.bss_RAM3)
                0x000000fc                __bss_section_table_end = .
                0x000000fc                __section_table_end = .
 *(.after_vectors*)
 .after_vectors
                0x000000fc       0x58 .objs\pokitto\mbed-pokitto\targets\cmsis\target_nxp\target_lpc11u6x\toolchain_gcc_arm\target_lpc11u68\startup_lpc11u68.o
                0x000000fc                ResetISR
 *(.text*)
 .text          0x00000154       0x60 c:/program files (x86)/embitz/0.42/share/em_armgcc/bin/../lib/gcc/arm-none-eabi/4.8.4/armv6-m/crtbegin.o
 .text.startup.main
                0x000001b4       0x30 .objs\examples\helloworld\main.o
                0x000001b4                main
 .text.startup._GLOBAL__sub_I_mygame
                0x000001e4       0x10 .objs\examples\helloworld\main.o
 .text._Z8xmit_spih
                0x000001f4       0x10 .objs\pokitto\libpff\mmc.o
                0x000001f4                xmit_spi(unsigned char)
 .text._Z7rcv_spiv
                0x00000204       0x14 .objs\pokitto\libpff\mmc.o
                0x00000204                rcv_spi()
 .text._ZL8send_cmdhm
                0x00000218       0x80 .objs\pokitto\libpff\mmc.o
 .text._Z15disk_initializev
                0x00000298      0x11c .objs\pokitto\libpff\mmc.o
                0x00000298                disk_initialize()
 .text._Z10disk_readpPhmtt
                0x000003b4       0xa0 .objs\pokitto\libpff\mmc.o
                0x000003b4                disk_readp(unsigned char*, unsigned long, unsigned short, unsigned short)
 .text._ZL10clust2sectm
                0x00000454       0x20 .objs\pokitto\libpff\pff.o
 .text._ZL10dir_rewindP5_DIR_
                0x00000474       0x44 .objs\pokitto\libpff\pff.o
 .text._ZL7get_fatm
                0x000004b8       0xd4 .objs\pokitto\libpff\pff.o
 .text._ZL8dir_nextP5_DIR_
                0x0000058c       0x60 .objs\pokitto\libpff\pff.o
 .text._ZL11follow_pathP5_DIR_PKc
                0x000005ec      0x128 .objs\pokitto\libpff\pff.o
 .text._Z7pf_openPKc
                0x00000714       0x74 .objs\pokitto\libpff\pff.o
                0x00000714                pf_open(char const*)
 .text._Z7pf_readPvtPt
                0x00000788       0xcc .objs\pokitto\libpff\pff.o
                0x00000788                pf_read(void*, unsigned short, unsigned short*)
 .text._Z8pf_lseekm
                0x00000854       0xb0 .objs\pokitto\libpff\pff.o
                0x00000854                pf_lseek(unsigned long)
 .text._Z10pf_opendirP5_DIR_PKc
                0x00000904       0x5c .objs\pokitto\libpff\pff.o
                0x00000904                pf_opendir(_DIR_*, char const*)
 .text.mbed_assert_internal
                0x00000960       0x18 .objs\pokitto\mbed-pokitto\common\assert.o
                0x00000960                mbed_assert_internal
 .text.error    0x00000978        0x6 .objs\pokitto\mbed-pokitto\common\error.o
                0x00000978                error
 *fill*         0x0000097e        0x2 
 .text.gpio_write
                0x00000980       0x30 .objs\pokitto\mbed-pokitto\common\gpio.o
 .text._gpio_init_in
                0x000009b0       0x22 .objs\pokitto\mbed-pokitto\common\gpio.o
 .text.gpio_init_in
                0x000009d2        0xa .objs\pokitto\mbed-pokitto\common\gpio.o
                0x000009d2                gpio_init_in
 .text.gpio_init_out_ex
                0x000009dc       0x2a .objs\pokitto\mbed-pokitto\common\gpio.o
                0x000009dc                gpio_init_out_ex
 .text.gpio_init_out
                0x00000a06        0xa .objs\pokitto\mbed-pokitto\common\gpio.o
                0x00000a06                gpio_init_out
 .text._ZN4mbed11InterruptInD2Ev
                0x00000a10       0x18 .objs\pokitto\mbed-pokitto\common\interruptin.o
                0x00000a10                mbed::InterruptIn::~InterruptIn()
                0x00000a10                mbed::InterruptIn::~InterruptIn()
 .text._ZN4mbed11InterruptInD0Ev
                0x00000a28       0x12 .objs\pokitto\mbed-pokitto\common\interruptin.o
                0x00000a28                mbed::InterruptIn::~InterruptIn()
 *fill*         0x00000a3a        0x2 
 .text._ZN4mbed11InterruptInC2E7PinName
                0x00000a3c       0x48 .objs\pokitto\mbed-pokitto\common\interruptin.o
                0x00000a3c                mbed::InterruptIn::InterruptIn(PinName)
                0x00000a3c                mbed::InterruptIn::InterruptIn(PinName)
 .text._ZN4mbed11InterruptIn4riseEPFvvE
                0x00000a84       0x20 .objs\pokitto\mbed-pokitto\common\interruptin.o
                0x00000a84                mbed::InterruptIn::rise(void (*)())
 .text._ZN4mbed11InterruptIn4fallEPFvvE
                0x00000aa4       0x20 .objs\pokitto\mbed-pokitto\common\interruptin.o
                0x00000aa4                mbed::InterruptIn::fall(void (*)())
 .text._ZN4mbed19FunctionPointerArg1IvvE4callEv
                0x00000ac4       0x20 .objs\pokitto\mbed-pokitto\common\interruptin.o
                0x00000ac4                mbed::FunctionPointerArg1<void, void>::call()
 .text._ZN4mbed11InterruptIn12_irq_handlerEm14gpio_irq_event
                0x00000ae4       0x16 .objs\pokitto\mbed-pokitto\common\interruptin.o
                0x00000ae4                mbed::InterruptIn::_irq_handler(unsigned long, gpio_irq_event)
 *fill*         0x00000afa        0x2 
 .text.pinmap_pinout
                0x00000afc       0x34 .objs\pokitto\mbed-pokitto\common\pinmap_common.o
                0x00000afc                pinmap_pinout
 .text.pinmap_merge
                0x00000b30       0x24 .objs\pokitto\mbed-pokitto\common\pinmap_common.o
                0x00000b30                pinmap_merge
 .text.pinmap_find_peripheral
                0x00000b54       0x16 .objs\pokitto\mbed-pokitto\common\pinmap_common.o
                0x00000b54                pinmap_find_peripheral
 *fill*         0x00000b6a        0x2 
 .text.pinmap_peripheral
                0x00000b6c       0x20 .objs\pokitto\mbed-pokitto\common\pinmap_common.o
                0x00000b6c                pinmap_peripheral
 .text._ZN4mbed3SPID2Ev
                0x00000b8c        0xc .objs\pokitto\mbed-pokitto\common\spi.o
                0x00000b8c                mbed::SPI::~SPI()
                0x00000b8c                mbed::SPI::~SPI()
 .text._ZN4mbed3SPID0Ev
                0x00000b98       0x18 .objs\pokitto\mbed-pokitto\common\spi.o
                0x00000b98                mbed::SPI::~SPI()
 .text._ZN4mbed3SPIC2E7PinNameS1_S1_S1_
                0x00000bb0       0x48 .objs\pokitto\mbed-pokitto\common\spi.o
                0x00000bb0                mbed::SPI::SPI(PinName, PinName, PinName, PinName)
                0x00000bb0                mbed::SPI::SPI(PinName, PinName, PinName, PinName)
 .text._ZN4mbed3SPI6aquireEv
                0x00000bf8       0x2c .objs\pokitto\mbed-pokitto\common\spi.o
                0x00000bf8                mbed::SPI::aquire()
 .text._ZN4mbed3SPI6formatEii
                0x00000c24       0x18 .objs\pokitto\mbed-pokitto\common\spi.o
                0x00000c24                mbed::SPI::format(int, int)
 .text._ZN4mbed3SPI9frequencyEi
                0x00000c3c       0x14 .objs\pokitto\mbed-pokitto\common\spi.o
                0x00000c3c                mbed::SPI::frequency(int)
 .text._ZN4mbed3SPI5writeEi
                0x00000c50       0x14 .objs\pokitto\mbed-pokitto\common\spi.o
                0x00000c50                mbed::SPI::write(int)
 .text.ticker_irq_handler
                0x00000c64       0x46 .objs\pokitto\mbed-pokitto\common\ticker_api.o
                0x00000c64                ticker_irq_handler
 *fill*         0x00000caa        0x2 
 .text.us_ticker_irq_handler
                0x00000cac       0x10 .objs\pokitto\mbed-pokitto\common\us_ticker_api.o
                0x00000cac                us_ticker_irq_handler
 .text.wait_us  0x00000cbc       0x16 .objs\pokitto\mbed-pokitto\common\wait_api.o
                0x00000cbc                wait_us
 .text.wait_ms  0x00000cd2        0xe .objs\pokitto\mbed-pokitto\common\wait_api.o
                0x00000cd2                wait_ms
 .text.NVIC_SetVector
                0x00000ce0       0x30 .objs\pokitto\mbed-pokitto\targets\cmsis\target_nxp\target_lpc11u6x\cmsis_nvic.o
                0x00000ce0                NVIC_SetVector
 .text.SystemInit
                0x00000d10      0x124 .objs\pokitto\mbed-pokitto\targets\cmsis\target_nxp\target_lpc11u6x\system_lpc11u6x.o
                0x00000d10                SystemInit
 .text.NMI_Handler
                0x00000e34        0x2 .objs\pokitto\mbed-pokitto\targets\cmsis\target_nxp\target_lpc11u6x\toolchain_gcc_arm\target_lpc11u68\startup_lpc11u68.o
                0x00000e34                NMI_Handler
 .text.HardFault_Handler
                0x00000e36        0x2 .objs\pokitto\mbed-pokitto\targets\cmsis\target_nxp\target_lpc11u6x\toolchain_gcc_arm\target_lpc11u68\startup_lpc11u68.o
                0x00000e36                HardFault_Handler
 .text.SVC_Handler
                0x00000e38        0x2 .objs\pokitto\mbed-pokitto\targets\cmsis\target_nxp\target_lpc11u6x\toolchain_gcc_arm\target_lpc11u68\startup_lpc11u68.o
                0x00000e38                SVC_Handler
 .text.PendSV_Handler
                0x00000e3a        0x2 .objs\pokitto\mbed-pokitto\targets\cmsis\target_nxp\target_lpc11u6x\toolchain_gcc_arm\target_lpc11u68\startup_lpc11u68.o
                0x00000e3a                PendSV_Handler
 .text.IntDefaultHandler
                0x00000e3c        0x2 .objs\pokitto\mbed-pokitto\targets\cmsis\target_nxp\target_lpc11u6x\toolchain_gcc_arm\target_lpc11u68\startup_lpc11u68.o
                0x00000e3c                TIMER16_0_IRQHandler
                0x00000e3c                I2C0_IRQHandler
                0x00000e3c                I2C1_IRQHandler
                0x00000e3c                ADCB_IRQHandler
                0x00000e3c                SCT0_1_IRQHandler
                0x00000e3c                TIMER32_1_IRQHandler
                0x00000e3c                PIN_INT6_IRQHandler
                0x00000e3c                IntDefaultHandler
                0x00000e3c                PIN_INT4_IRQHandler
                0x00000e3c                SSP0_IRQHandler
                0x00000e3c                RTC_IRQHandler
                0x00000e3c                USBWakeup_IRQHandler
                0x00000e3c                USART0_IRQHandler
                0x00000e3c                PIN_INT5_IRQHandler
                0x00000e3c                PIN_INT2_IRQHandler
                0x00000e3c                TIMER16_1_IRQHandler
                0x00000e3c                USB_FIQHandler
                0x00000e3c                USART1_4_IRQHandler
                0x00000e3c                SSP1_IRQHandler
                0x00000e3c                PIN_INT7_IRQHandler
                0x00000e3c                BOD_WDT_IRQHandler
                0x00000e3c                PIN_INT1_IRQHandler
                0x00000e3c                USB_IRQHandler
                0x00000e3c                USART2_3_IRQHandler
                0x00000e3c                PIN_INT0_IRQHandler
                0x00000e3c                GINT0_IRQHandler
                0x00000e3c                DMA_IRQHandler
                0x00000e3c                PIN_INT3_IRQHandler
                0x00000e3c                FMC_IRQHandler
                0x00000e3c                GINT1_IRQHandler
                0x00000e3c                ADCA_IRQHandler
 .text.data_init
                0x00000e3e       0x12 .objs\pokitto\mbed-pokitto\targets\cmsis\target_nxp\target_lpc11u6x\toolchain_gcc_arm\target_lpc11u68\startup_lpc11u68.o
                0x00000e3e                data_init
 .text.bss_init
                0x00000e50       0x10 .objs\pokitto\mbed-pokitto\targets\cmsis\target_nxp\target_lpc11u6x\toolchain_gcc_arm\target_lpc11u68\startup_lpc11u68.o
                0x00000e50                bss_init
 .text.__aeabi_atexit
                0x00000e60        0x4 .objs\pokitto\mbed-pokitto\targets\cmsis\target_nxp\target_lpc11u6x\toolchain_gcc_arm\target_lpc11u68\startup_lpc11u68.o
                0x00000e60                __aeabi_atexit
 .text._ZdlPv   0x00000e64        0x8 .objs\pokitto\mbed-pokitto\targets\cmsis\target_nxp\target_lpc11u6x\toolchain_gcc_arm\target_lpc11u68\startup_lpc11u68.o
                0x00000e64                operator delete(void*)
 .text.gpio_set
                0x00000e6c       0x90 .objs\pokitto\mbed-pokitto\targets\hal\target_nxp\target_lpc11u6x\gpio_api.o
                0x00000e6c                gpio_set
 .text.gpio_init
                0x00000efc       0x44 .objs\pokitto\mbed-pokitto\targets\hal\target_nxp\target_lpc11u6x\gpio_api.o
                0x00000efc                gpio_init
 .text.gpio_mode
                0x00000f40        0xa .objs\pokitto\mbed-pokitto\targets\hal\target_nxp\target_lpc11u6x\gpio_api.o
                0x00000f40                gpio_mode
 *fill*         0x00000f4a        0x2 
 .text.gpio_dir
                0x00000f4c       0x3c .objs\pokitto\mbed-pokitto\targets\hal\target_nxp\target_lpc11u6x\gpio_api.o
                0x00000f4c                gpio_dir
 .text.handle_interrupt_in
                0x00000f88       0x60 .objs\pokitto\mbed-pokitto\targets\hal\target_nxp\target_lpc11u6x\gpio_irq_api.o
 .text.gpio_irq0
                0x00000fe8        0xa .objs\pokitto\mbed-pokitto\targets\hal\target_nxp\target_lpc11u6x\gpio_irq_api.o
                0x00000fe8                gpio_irq0
 .text.gpio_irq1
                0x00000ff2        0xa .objs\pokitto\mbed-pokitto\targets\hal\target_nxp\target_lpc11u6x\gpio_irq_api.o
                0x00000ff2                gpio_irq1
 .text.gpio_irq2
                0x00000ffc        0xa .objs\pokitto\mbed-pokitto\targets\hal\target_nxp\target_lpc11u6x\gpio_irq_api.o
                0x00000ffc                gpio_irq2
 .text.gpio_irq3
                0x00001006        0xa .objs\pokitto\mbed-pokitto\targets\hal\target_nxp\target_lpc11u6x\gpio_irq_api.o
                0x00001006                gpio_irq3
 .text.gpio_irq4
                0x00001010        0xa .objs\pokitto\mbed-pokitto\targets\hal\target_nxp\target_lpc11u6x\gpio_irq_api.o
                0x00001010                gpio_irq4
 .text.gpio_irq5
                0x0000101a        0xa .objs\pokitto\mbed-pokitto\targets\hal\target_nxp\target_lpc11u6x\gpio_irq_api.o
                0x0000101a                gpio_irq5
 .text.gpio_irq6
                0x00001024        0xa .objs\pokitto\mbed-pokitto\targets\hal\target_nxp\target_lpc11u6x\gpio_irq_api.o
                0x00001024                gpio_irq6
 .text.gpio_irq7
                0x0000102e        0xa .objs\pokitto\mbed-pokitto\targets\hal\target_nxp\target_lpc11u6x\gpio_irq_api.o
                0x0000102e                gpio_irq7
 .text.gpio_irq_init
                0x00001038       0xc4 .objs\pokitto\mbed-pokitto\targets\hal\target_nxp\target_lpc11u6x\gpio_irq_api.o
                0x00001038                gpio_irq_init
 .text.gpio_irq_free
                0x000010fc       0x28 .objs\pokitto\mbed-pokitto\targets\hal\target_nxp\target_lpc11u6x\gpio_irq_api.o
                0x000010fc                gpio_irq_free
 .text.gpio_irq_set
                0x00001124       0x4c .objs\pokitto\mbed-pokitto\targets\hal\target_nxp\target_lpc11u6x\gpio_irq_api.o
                0x00001124                gpio_irq_set
 .text.pin_function
                0x00001170       0x38 .objs\pokitto\mbed-pokitto\targets\hal\target_nxp\target_lpc11u6x\pinmap.o
                0x00001170                pin_function
 .text.pin_mode
                0x000011a8       0x60 .objs\pokitto\mbed-pokitto\targets\hal\target_nxp\target_lpc11u6x\pinmap.o
                0x000011a8                pin_mode
 .text.pwmout_write
                0x00001208       0x46 .objs\pokitto\mbed-pokitto\targets\hal\target_nxp\target_lpc11u6x\pwmout_api.o
                0x00001208                pwmout_write
 .text.pwmout_period_us
                0x0000124e       0x40 .objs\pokitto\mbed-pokitto\targets\hal\target_nxp\target_lpc11u6x\pwmout_api.o
                0x0000124e                pwmout_period_us
 *fill*         0x0000128e        0x2 
 .text.pwmout_init
                0x00001290      0x194 .objs\pokitto\mbed-pokitto\targets\hal\target_nxp\target_lpc11u6x\pwmout_api.o
                0x00001290                pwmout_init
 .text.spi_init
                0x00001424      0x100 .objs\pokitto\mbed-pokitto\targets\hal\target_nxp\target_lpc11u6x\spi_api.o
                0x00001424                spi_init
 .text.spi_format
                0x00001524       0x6c .objs\pokitto\mbed-pokitto\targets\hal\target_nxp\target_lpc11u6x\spi_api.o
                0x00001524                spi_format
 .text.spi_frequency
                0x00001590       0x8c .objs\pokitto\mbed-pokitto\targets\hal\target_nxp\target_lpc11u6x\spi_api.o
                0x00001590                spi_frequency
 .text.spi_master_write
                0x0000161c       0x18 .objs\pokitto\mbed-pokitto\targets\hal\target_nxp\target_lpc11u6x\spi_api.o
                0x0000161c                spi_master_write
 .text.us_ticker_init
                0x00001634       0x60 .objs\pokitto\mbed-pokitto\targets\hal\target_nxp\target_lpc11u6x\us_ticker.o
                0x00001634                us_ticker_init
 .text.us_ticker_read
                0x00001694       0x1c .objs\pokitto\mbed-pokitto\targets\hal\target_nxp\target_lpc11u6x\us_ticker.o
                0x00001694                us_ticker_read
 .text.us_ticker_set_interrupt
                0x000016b0       0x14 .objs\pokitto\mbed-pokitto\targets\hal\target_nxp\target_lpc11u6x\us_ticker.o
                0x000016b0                us_ticker_set_interrupt
 .text.us_ticker_disable_interrupt
                0x000016c4       0x10 .objs\pokitto\mbed-pokitto\targets\hal\target_nxp\target_lpc11u6x\us_ticker.o
                0x000016c4                us_ticker_disable_interrupt
 .text.us_ticker_clear_interrupt
                0x000016d4        0xc .objs\pokitto\mbed-pokitto\targets\hal\target_nxp\target_lpc11u6x\us_ticker.o
                0x000016d4                us_ticker_clear_interrupt
 .text._ZN7Pokitto9Backlight5beginEv
                0x000016e0        0x2 .objs\pokitto\pokitto_core\pokittobacklight.o
                0x000016e0                Pokitto::Backlight::begin()
 .text._ZN7Pokitto9Backlight3setEh
                0x000016e2        0x2 .objs\pokitto\pokitto_core\pokittobacklight.o
                0x000016e2                Pokitto::Backlight::set(unsigned char)
 .text._ZN7Pokitto9Backlight6updateEv
                0x000016e4        0x2 .objs\pokitto\pokitto_core\pokittobacklight.o
                0x000016e4                Pokitto::Backlight::update()
 .text._ZN7Pokitto7Battery5beginEv
                0x000016e6        0x2 .objs\pokitto\pokitto_core\pokittobattery.o
                0x000016e6                Pokitto::Battery::begin()
 .text._ZN7Pokitto7Battery6updateEv
                0x000016e8        0xc .objs\pokitto\pokitto_core\pokittobattery.o
                0x000016e8                Pokitto::Battery::update()
 .text._ZN7Pokitto7Buttons5beginEv
                0x000016f4        0x8 .objs\pokitto\pokitto_core\pokittobuttons.o
                0x000016f4                Pokitto::Buttons::begin()
 .text._ZN7Pokitto7Buttons6updateEv
                0x000016fc       0x30 .objs\pokitto\pokitto_core\pokittobuttons.o
                0x000016fc                Pokitto::Buttons::update()
 .text._ZN7Pokitto7Buttons7pressedEh
                0x0000172c       0x14 .objs\pokitto\pokitto_core\pokittobuttons.o
                0x0000172c                Pokitto::Buttons::pressed(unsigned char)
 .text._ZN7Pokitto7Buttons11pollButtonsEv
                0x00001740       0x8c .objs\pokitto\pokitto_core\pokittobuttons.o
                0x00001740                Pokitto::Buttons::pollButtons()
 .text._ZN7Pokitto7Buttons4aBtnEv
                0x000017cc        0xc .objs\pokitto\pokitto_core\pokittobuttons.o
                0x000017cc                Pokitto::Buttons::aBtn()
 .text._ZN7Pokitto7Buttons5upBtnEv
                0x000017d8        0xc .objs\pokitto\pokitto_core\pokittobuttons.o
                0x000017d8                Pokitto::Buttons::upBtn()
 .text._ZN7Pokitto7Buttons7downBtnEv
                0x000017e4        0xc .objs\pokitto\pokitto_core\pokittobuttons.o
                0x000017e4                Pokitto::Buttons::downBtn()
 .text._ZN7Pokitto7ConsoleC2Ev
                0x000017f0       0x48 .objs\pokitto\pokitto_core\pokittoconsole.o
                0x000017f0                Pokitto::Console::Console()
                0x000017f0                Pokitto::Console::Console()
 .text.startup._GLOBAL__sub_I_pConsole
                0x00001838       0x10 .objs\pokitto\pokitto_core\pokittoconsole.o
 .text._Z17start_applicationm
                0x00001848       0xb4 .objs\pokitto\pokitto_core\pokittocore.o
                0x00001848                start_application(unsigned long)
 .text._ZN7Pokitto4CoreC2Ev
                0x000018fc        0x2 .objs\pokitto\pokitto_core\pokittocore.o
                0x000018fc                Pokitto::Core::Core()
                0x000018fc                Pokitto::Core::Core()
 *fill*         0x000018fe        0x2 
 .text._ZN7Pokitto4Core12updateLoaderEmm
                0x00001900       0x80 .objs\pokitto\pokitto_core\pokittocore.o
                0x00001900                Pokitto::Core::updateLoader(unsigned long, unsigned long)
 .text._ZN7Pokitto4Core12jumpToLoaderEv
                0x00001980      0x1a4 .objs\pokitto\pokitto_core\pokittocore.o
                0x00001980                Pokitto::Core::jumpToLoader()
 .text._ZN7Pokitto4Core9askLoaderEv
                0x00001b24      0x158 .objs\pokitto\pokitto_core\pokittocore.o
                0x00001b24                Pokitto::Core::askLoader()
 .text._ZN7Pokitto4Core10drawvolbarEiiib
                0x00001c7c      0x1d0 .objs\pokitto\pokitto_core\pokittocore.o
                0x00001c7c                Pokitto::Core::drawvolbar(int, int, int, bool)
 .text._ZN7Pokitto4Core11setVolLimitEv
                0x00001e4c      0x328 .objs\pokitto\pokitto_core\pokittocore.o
                0x00001e4c                Pokitto::Core::setVolLimit()
 .text._ZN7Pokitto4Core4initEv
                0x00002174       0x30 .objs\pokitto\pokitto_core\pokittocore.o
                0x00002174                Pokitto::Core::init()
 .text._ZN7Pokitto4Core9isRunningEv
                0x000021a4        0xc .objs\pokitto\pokitto_core\pokittocore.o
                0x000021a4                Pokitto::Core::isRunning()
 .text._ZN7Pokitto4Core8showLogoEv
                0x000021b0       0xbc .objs\pokitto\pokitto_core\pokittocore.o
                0x000021b0                Pokitto::Core::showLogo()
 .text._ZN7Pokitto4Core12readSettingsEv
                0x0000226c       0x20 .objs\pokitto\pokitto_core\pokittocore.o
                0x0000226c                Pokitto::Core::readSettings()
 .text._ZN7Pokitto4Core5beginEv
                0x0000228c       0xf0 .objs\pokitto\pokitto_core\pokittocore.o
                0x0000228c                Pokitto::Core::begin()
 .text._ZN7Pokitto4Core14displayBatteryEv
                0x0000237c       0xcc .objs\pokitto\pokitto_core\pokittocore.o
                0x0000237c                Pokitto::Core::displayBattery()
 .text._ZN7Pokitto4Core11updatePopupEv
                0x00002448       0x90 .objs\pokitto\pokitto_core\pokittocore.o
                0x00002448                Pokitto::Core::updatePopup()
 .text._ZN7Pokitto4Core6updateEbhhhh
                0x000024d8       0x94 .objs\pokitto\pokitto_core\pokittocore.o
                0x000024d8                Pokitto::Core::update(bool, unsigned char, unsigned char, unsigned char, unsigned char)
 .text.startup._GLOBAL__sub_I_selectedfile
                0x0000256c       0x10 .objs\pokitto\pokitto_core\pokittocore.o
 .text._Z8fileOpenPcc
                0x0000257c       0x4c .objs\pokitto\pokitto_core\pokittodisk.o
                0x0000257c                fileOpen(char*, char)
 .text._Z13fileReadBytesPht
                0x000025c8       0x10 .objs\pokitto\pokitto_core\pokittodisk.o
                0x000025c8                fileReadBytes(unsigned char*, unsigned short)
 .text._Z16fileSeekRelativel
                0x000025d8       0x28 .objs\pokitto\pokitto_core\pokittodisk.o
                0x000025d8                fileSeekRelative(long)
 .text._Z10fileRewindv
                0x00002600       0x14 .objs\pokitto\pokitto_core\pokittodisk.o
                0x00002600                fileRewind()
 .text._Z7fileEndv
                0x00002614       0x18 .objs\pokitto\pokitto_core\pokittodisk.o
                0x00002614                fileEnd()
 .text._Z15fileGetPositionv
                0x0000262c        0xc .objs\pokitto\pokitto_core\pokittodisk.o
                0x0000262c                fileGetPosition()
 .text.startup._GLOBAL__sub_I_res
                0x00002638       0x38 .objs\pokitto\pokitto_core\pokittodisk.o
 .text._ZN7Pokitto7Display8clearLCDEv
                0x00002670       0x1c .objs\pokitto\pokitto_core\pokittodisplay.o
                0x00002670                Pokitto::Display::clearLCD()
 .text._ZN7Pokitto7Display7fillLCDEt
                0x0000268c        0x8 .objs\pokitto\pokitto_core\pokittodisplay.o
                0x0000268c                Pokitto::Display::fillLCD(unsigned short)
 .text._ZN7Pokitto7Display11directPixelEsst
                0x00002694       0x24 .objs\pokitto\pokitto_core\pokittodisplay.o
                0x00002694                Pokitto::Display::directPixel(short, short, unsigned short)
 .text._ZN7Pokitto7Display15directRectangleEsssst
                0x000026b8        0xe .objs\pokitto\pokitto_core\pokittodisplay.o
                0x000026b8                Pokitto::Display::directRectangle(short, short, short, short, unsigned short)
 .text._ZN7Pokitto7Display5beginEv
                0x000026c6        0x8 .objs\pokitto\pokitto_core\pokittodisplay.o
                0x000026c6                Pokitto::Display::begin()
 *fill*         0x000026ce        0x2 
 .text._ZN7Pokitto7Display9setCursorEss
                0x000026d0       0x14 .objs\pokitto\pokitto_core\pokittodisplay.o
                0x000026d0                Pokitto::Display::setCursor(short, short)
 .text._ZN7Pokitto7Display12directBitmapEssPKhhh
                0x000026e4      0x24c .objs\pokitto\pokitto_core\pokittodisplay.o
                0x000026e4                Pokitto::Display::directBitmap(short, short, unsigned char const*, unsigned char, unsigned char)
 .text._ZN7Pokitto7Display10directCharEsst
                0x00002930      0x1e0 .objs\pokitto\pokitto_core\pokittodisplay.o
                0x00002930                Pokitto::Display::directChar(short, short, unsigned short)
 .text._ZN7Pokitto7Display5clearEv
                0x00002b10       0x64 .objs\pokitto\pokitto_core\pokittodisplay.o
                0x00002b10                Pokitto::Display::clear()
 .text._ZN7Pokitto7Display6updateEbhhhh
                0x00002b74       0x58 .objs\pokitto\pokitto_core\pokittodisplay.o
                0x00002b74                Pokitto::Display::update(bool, unsigned char, unsigned char, unsigned char, unsigned char)
 .text._ZN7Pokitto7Display17setDefaultPaletteEv
                0x00002bcc       0x10 .objs\pokitto\pokitto_core\pokittodisplay.o
                0x00002bcc                Pokitto::Display::setDefaultPalette()
 .text._ZN7Pokitto7Display8setColorEh
                0x00002bdc       0x10 .objs\pokitto\pokitto_core\pokittodisplay.o
                0x00002bdc                Pokitto::Display::setColor(unsigned char)
 .text._ZN7Pokitto7Display9drawPixelEssh
                0x00002bec       0x7c .objs\pokitto\pokitto_core\pokittodisplay.o
                0x00002bec                Pokitto::Display::drawPixel(short, short, unsigned char)
 .text._ZN7Pokitto7Display10bufferCharEsst
                0x00002c68       0xb4 .objs\pokitto\pokitto_core\pokittodisplay.o
                0x00002c68                Pokitto::Display::bufferChar(short, short, unsigned short)
 .text._ZN7Pokitto7Display9drawPixelEss
                0x00002d1c       0x74 .objs\pokitto\pokitto_core\pokittodisplay.o
                0x00002d1c                Pokitto::Display::drawPixel(short, short)
 .text._ZN7Pokitto7Display10drawColumnEsss
                0x00002d90       0x48 .objs\pokitto\pokitto_core\pokittodisplay.o
                0x00002d90                Pokitto::Display::drawColumn(short, short, short)
 .text._ZN7Pokitto7Display7drawRowEsss
                0x00002dd8       0x48 .objs\pokitto\pokitto_core\pokittodisplay.o
                0x00002dd8                Pokitto::Display::drawRow(short, short, short)
 .text._ZN7Pokitto7Display13drawFastVLineEsss
                0x00002e20       0x1a .objs\pokitto\pokitto_core\pokittodisplay.o
                0x00002e20                Pokitto::Display::drawFastVLine(short, short, short)
 .text._ZN7Pokitto7Display13drawFastHLineEsss
                0x00002e3a       0x20 .objs\pokitto\pokitto_core\pokittodisplay.o
                0x00002e3a                Pokitto::Display::drawFastHLine(short, short, short)
 .text._ZN7Pokitto7Display13drawRectangleEssss
                0x00002e5a       0x36 .objs\pokitto\pokitto_core\pokittodisplay.o
                0x00002e5a                Pokitto::Display::drawRectangle(short, short, short, short)
 .text._ZN7Pokitto7Display13fillRectangleEssss
                0x00002e90       0x74 .objs\pokitto\pokitto_core\pokittodisplay.o
                0x00002e90                Pokitto::Display::fillRectangle(short, short, short, short)
 .text._ZN7Pokitto7Display6scrollEs
                0x00002f04      0x118 .objs\pokitto\pokitto_core\pokittodisplay.o
                0x00002f04                Pokitto::Display::scroll(short)
 .text._ZN7Pokitto7Display16drawCircleHelperEssst
                0x0000301c      0x122 .objs\pokitto\pokitto_core\pokittodisplay.o
                0x0000301c                Pokitto::Display::drawCircleHelper(short, short, short, unsigned short)
 .text._ZN7Pokitto7Display16fillCircleHelperEsssts
                0x0000313e      0x104 .objs\pokitto\pokitto_core\pokittodisplay.o
                0x0000313e                Pokitto::Display::fillCircleHelper(short, short, short, unsigned short, short)
 .text._ZN7Pokitto7Display13drawRoundRectEsssss
                0x00003242       0xc8 .objs\pokitto\pokitto_core\pokittodisplay.o
                0x00003242                Pokitto::Display::drawRoundRect(short, short, short, short, short)
 .text._ZN7Pokitto7Display13fillRoundRectEsssss
                0x0000330a       0x7a .objs\pokitto\pokitto_core\pokittodisplay.o
                0x0000330a                Pokitto::Display::fillRoundRect(short, short, short, short, short)
 .text._ZN7Pokitto7Display7setFontEPKh
                0x00003384       0x24 .objs\pokitto\pokitto_core\pokittodisplay.o
                0x00003384                Pokitto::Display::setFont(unsigned char const*)
 .text._ZN7Pokitto7DisplayC2Ev
                0x000033a8       0x78 .objs\pokitto\pokitto_core\pokittodisplay.o
                0x000033a8                Pokitto::Display::Display()
                0x000033a8                Pokitto::Display::Display()
 .text._ZN7Pokitto7Display10print_charEhhh
                0x00003420       0x2c .objs\pokitto\pokitto_core\pokittodisplay.o
                0x00003420                Pokitto::Display::print_char(unsigned char, unsigned char, unsigned char)
 .text._ZN7Pokitto7Display23isDirectPrintingEnabledEv
                0x0000344c       0x10 .objs\pokitto\pokitto_core\pokittodisplay.o
                0x0000344c                Pokitto::Display::isDirectPrintingEnabled()
 .text._ZN7Pokitto7Display20enableDirectPrintingEh
                0x0000345c       0x3c .objs\pokitto\pokitto_core\pokittodisplay.o
                0x0000345c                Pokitto::Display::enableDirectPrinting(unsigned char)
 .text._ZN7Pokitto7Display11inc_txtlineEv
                0x00003498       0x40 .objs\pokitto\pokitto_core\pokittodisplay.o
                0x00003498                Pokitto::Display::inc_txtline()
 .text._ZN7Pokitto7Display5writeEh
                0x000034d8       0xc4 .objs\pokitto\pokitto_core\pokittodisplay.o
                0x000034d8                Pokitto::Display::write(unsigned char)
 .text._ZN7Pokitto7Display5writeEPKc
                0x0000359c       0x14 .objs\pokitto\pokitto_core\pokittodisplay.o
                0x0000359c                Pokitto::Display::write(char const*)
 .text._ZN7Pokitto7Display5printEPKc
                0x000035b0        0x8 .objs\pokitto\pokitto_core\pokittodisplay.o
                0x000035b0                Pokitto::Display::print(char const*)
 .text._ZN7Pokitto7Display10set_cursorEhh
                0x000035b8       0x14 .objs\pokitto\pokitto_core\pokittodisplay.o
                0x000035b8                Pokitto::Display::set_cursor(unsigned char, unsigned char)
 .text._ZN7Pokitto7Display11printNumberEmh
                0x000035cc       0x52 .objs\pokitto\pokitto_core\pokittodisplay.o
                0x000035cc                Pokitto::Display::printNumber(unsigned long, unsigned char)
 .text._ZN7Pokitto7Display5printEmi
                0x0000361e       0x16 .objs\pokitto\pokitto_core\pokittodisplay.o
                0x0000361e                Pokitto::Display::print(unsigned long, int)
 .text._ZN7Pokitto7Display5printEli.part.3
                0x00003634       0x18 .objs\pokitto\pokitto_core\pokittodisplay.o
 .text._ZN7Pokitto7Display5printEli
                0x0000364c       0x20 .objs\pokitto\pokitto_core\pokittodisplay.o
                0x0000364c                Pokitto::Display::print(long, int)
 .text._ZN7Pokitto7Display5printEci
                0x0000366c        0x8 .objs\pokitto\pokitto_core\pokittodisplay.o
                0x0000366c                Pokitto::Display::print(char, int)
 .text._ZN7Pokitto7Display5printEii
                0x00003674        0x8 .objs\pokitto\pokitto_core\pokittodisplay.o
                0x00003674                Pokitto::Display::print(int, int)
 .text._ZN7Pokitto7Display5printEhhii
                0x0000367c       0x1c .objs\pokitto\pokitto_core\pokittodisplay.o
                0x0000367c                Pokitto::Display::print(unsigned char, unsigned char, int, int)
 .text._ZN7Pokitto7Display7printlnEv
                0x00003698       0x10 .objs\pokitto\pokitto_core\pokittodisplay.o
                0x00003698                Pokitto::Display::println()
 .text._ZN7Pokitto7Display7printlnEPKc
                0x000036a8        0xc .objs\pokitto\pokitto_core\pokittodisplay.o
                0x000036a8                Pokitto::Display::println(char const*)
 .text._ZN7Pokitto7Display7printlnEmi
                0x000036b4        0xc .objs\pokitto\pokitto_core\pokittodisplay.o
                0x000036b4                Pokitto::Display::println(unsigned long, int)
 .text.startup._GLOBAL__sub_I_core
                0x000036c0       0x10 .objs\pokitto\pokitto_core\pokittodisplay.o
 .text._ZN7Pokitto7Display8RGBto565Ehhh
                0x000036d0       0x12 .objs\pokitto\pokitto_core\pokittopalette.o
                0x000036d0                Pokitto::Display::RGBto565(unsigned char, unsigned char, unsigned char)
 *fill*         0x000036e2        0x2 
 .text._ZN7Pokitto7Display14loadRGBPaletteEPKh
                0x000036e4       0x30 .objs\pokitto\pokitto_core\pokittopalette.o
                0x000036e4                Pokitto::Display::loadRGBPalette(unsigned char const*)
 .text._ZN7Pokitto7Display16interpolateColorEtth
                0x00003714       0x54 .objs\pokitto\pokitto_core\pokittopalette.o
                0x00003714                Pokitto::Display::interpolateColor(unsigned short, unsigned short, unsigned char)
 .text._ZN7Pokitto5Sound12updateStreamEv
                0x00003768       0x8c .objs\pokitto\pokitto_core\pokittosound.o
                0x00003768                Pokitto::Sound::updateStream()
 .text._ZN7Pokitto5Sound5beginEv
                0x000037f4        0xe .objs\pokitto\pokitto_core\pokittosound.o
                0x000037f4                Pokitto::Sound::begin()
 *fill*         0x00003802        0x2 
 .text._ZN7Pokitto5Sound7commandEhhah
                0x00003804       0xb8 .objs\pokitto\pokitto_core\pokittosound.o
                0x00003804                Pokitto::Sound::command(unsigned char, unsigned char, signed char, unsigned char)
 .text._ZN7Pokitto5Sound8playNoteEhhh
                0x000038bc       0x4c .objs\pokitto\pokitto_core\pokittosound.o
                0x000038bc                Pokitto::Sound::playNote(unsigned char, unsigned char, unsigned char)
 .text._ZN7Pokitto5Sound12updateOutputEv
                0x00003908       0x58 .objs\pokitto\pokitto_core\pokittosound.o
                0x00003908                Pokitto::Sound::updateOutput()
 .text._ZN7Pokitto5Sound8stopNoteEh
                0x00003960       0x44 .objs\pokitto\pokitto_core\pokittosound.o
                0x00003960                Pokitto::Sound::stopNote(unsigned char)
 .text._ZN7Pokitto5Sound11stopPatternEh
                0x000039a4       0x14 .objs\pokitto\pokitto_core\pokittosound.o
                0x000039a4                Pokitto::Sound::stopPattern(unsigned char)
 .text._ZN7Pokitto5Sound11playPatternEPKth
                0x000039b8       0x4c .objs\pokitto\pokitto_core\pokittosound.o
                0x000039b8                Pokitto::Sound::playPattern(unsigned short const*, unsigned char)
 .text._ZN7Pokitto5Sound11updateTrackEh
                0x00003a04       0x64 .objs\pokitto\pokitto_core\pokittosound.o
                0x00003a04                Pokitto::Sound::updateTrack(unsigned char)
 .text._ZN7Pokitto5Sound11updateTrackEv
                0x00003a68        0xa .objs\pokitto\pokitto_core\pokittosound.o
                0x00003a68                Pokitto::Sound::updateTrack()
 .text._ZN7Pokitto5Sound11stopPatternEv
                0x00003a72        0xa .objs\pokitto\pokitto_core\pokittosound.o
                0x00003a72                Pokitto::Sound::stopPattern()
 .text._ZN7Pokitto5Sound13updatePatternEh
                0x00003a7c       0xa8 .objs\pokitto\pokitto_core\pokittosound.o
                0x00003a7c                Pokitto::Sound::updatePattern(unsigned char)
 .text._ZN7Pokitto5Sound13updatePatternEv
                0x00003b24        0xa .objs\pokitto\pokitto_core\pokittosound.o
                0x00003b24                Pokitto::Sound::updatePattern()
 *fill*         0x00003b2e        0x2 
 .text._ZN7Pokitto5Sound10updateNoteEh
                0x00003b30      0x1d8 .objs\pokitto\pokitto_core\pokittosound.o
                0x00003b30                Pokitto::Sound::updateNote(unsigned char)
 .text._ZN7Pokitto5Sound10updateNoteEv
                0x00003d08        0xa .objs\pokitto\pokitto_core\pokittosound.o
                0x00003d08                Pokitto::Sound::updateNote()
 *fill*         0x00003d12        0x2 
 .text._ZN7Pokitto5Sound9setVolumeEs
                0x00003d14       0x38 .objs\pokitto\pokitto_core\pokittosound.o
                0x00003d14                Pokitto::Sound::setVolume(short)
 .text._ZN7Pokitto5Sound9setMaxVolEs
                0x00003d4c       0x28 .objs\pokitto\pokitto_core\pokittosound.o
                0x00003d4c                Pokitto::Sound::setMaxVol(short)
 .text._ZN7Pokitto5Sound8volumeUpEv
                0x00003d74       0x1c .objs\pokitto\pokitto_core\pokittosound.o
                0x00003d74                Pokitto::Sound::volumeUp()
 .text._ZN7Pokitto5Sound10volumeDownEv
                0x00003d90       0x1c .objs\pokitto\pokitto_core\pokittosound.o
                0x00003d90                Pokitto::Sound::volumeDown()
 .text._ZN7Pokitto5Sound9getVolumeEv
                0x00003dac        0xc .objs\pokitto\pokitto_core\pokittosound.o
                0x00003dac                Pokitto::Sound::getVolume()
 .text.startup._GLOBAL__sub_I__soundc
                0x00003db8       0x10 .objs\pokitto\pokitto_core\pokittosound.o
 .text.Chip_Clock_GetWDTOSCRate
                0x00003dc8       0x28 .objs\pokitto\pokitto_hw\clock_11u6x.o
                0x00003dc8                Chip_Clock_GetWDTOSCRate
 .text.Chip_Clock_GetSystemPLLInClockRate
                0x00003df0       0x24 .objs\pokitto\pokitto_hw\clock_11u6x.o
                0x00003df0                Chip_Clock_GetSystemPLLInClockRate
 .text.Chip_Clock_GetSystemPLLOutClockRate
                0x00003e14       0x18 .objs\pokitto\pokitto_hw\clock_11u6x.o
                0x00003e14                Chip_Clock_GetSystemPLLOutClockRate
 .text.Chip_Clock_GetMainClockRate
                0x00003e2c       0x34 .objs\pokitto\pokitto_hw\clock_11u6x.o
                0x00003e2c                Chip_Clock_GetMainClockRate
 .text.Chip_Clock_GetSystemClockRate
                0x00003e60       0x14 .objs\pokitto\pokitto_hw\clock_11u6x.o
                0x00003e60                Chip_Clock_GetSystemClockRate
 .text._Z8APressedv
                0x00003e74        0xc .objs\pokitto\pokitto_hw\hwbuttons.o
                0x00003e74                APressed()
 .text._Z9AReleasedv
                0x00003e80        0xc .objs\pokitto\pokitto_hw\hwbuttons.o
                0x00003e80                AReleased()
 .text._Z8BPressedv
                0x00003e8c        0xc .objs\pokitto\pokitto_hw\hwbuttons.o
                0x00003e8c                BPressed()
 .text._Z9BReleasedv
                0x00003e98        0xc .objs\pokitto\pokitto_hw\hwbuttons.o
                0x00003e98                BReleased()
 .text._Z8CPressedv
                0x00003ea4        0xc .objs\pokitto\pokitto_hw\hwbuttons.o
                0x00003ea4                CPressed()
 .text._Z9CReleasedv
                0x00003eb0        0xc .objs\pokitto\pokitto_hw\hwbuttons.o
                0x00003eb0                CReleased()
 .text._Z8UPressedv
                0x00003ebc        0xc .objs\pokitto\pokitto_hw\hwbuttons.o
                0x00003ebc                UPressed()
 .text._Z9UReleasedv
                0x00003ec8        0xc .objs\pokitto\pokitto_hw\hwbuttons.o
                0x00003ec8                UReleased()
 .text._Z8DPressedv
                0x00003ed4        0xc .objs\pokitto\pokitto_hw\hwbuttons.o
                0x00003ed4                DPressed()
 .text._Z9DReleasedv
                0x00003ee0        0xc .objs\pokitto\pokitto_hw\hwbuttons.o
                0x00003ee0                DReleased()
 .text._Z9RReleasedv
                0x00003eec        0xc .objs\pokitto\pokitto_hw\hwbuttons.o
                0x00003eec                RReleased()
 .text._Z9LReleasedv
                0x00003ef8        0xc .objs\pokitto\pokitto_hw\hwbuttons.o
                0x00003ef8                LReleased()
 .text._Z8RPressedv
                0x00003f04       0x1c .objs\pokitto\pokitto_hw\hwbuttons.o
                0x00003f04                RPressed()
 .text._Z8LPressedv
                0x00003f20       0x1c .objs\pokitto\pokitto_hw\hwbuttons.o
                0x00003f20                LPressed()
 .text._ZN7Pokitto11initButtonsEv
                0x00003f3c       0xd8 .objs\pokitto\pokitto_hw\hwbuttons.o
                0x00003f3c                Pokitto::initButtons()
 .text._ZN7Pokitto4Core4aBtnEv
                0x00004014        0xc .objs\pokitto\pokitto_hw\hwbuttons.o
                0x00004014                Pokitto::Core::aBtn()
 .text._ZN7Pokitto4Core4bBtnEv
                0x00004020        0xc .objs\pokitto\pokitto_hw\hwbuttons.o
                0x00004020                Pokitto::Core::bBtn()
 .text._ZN7Pokitto4Core4cBtnEv
                0x0000402c        0xc .objs\pokitto\pokitto_hw\hwbuttons.o
                0x0000402c                Pokitto::Core::cBtn()
 .text._ZN7Pokitto4Core7leftBtnEv
                0x00004038        0xc .objs\pokitto\pokitto_hw\hwbuttons.o
                0x00004038                Pokitto::Core::leftBtn()
 .text._ZN7Pokitto4Core8rightBtnEv
                0x00004044        0xc .objs\pokitto\pokitto_hw\hwbuttons.o
                0x00004044                Pokitto::Core::rightBtn()
 .text.startup._GLOBAL__sub_I__s
                0x00004050       0xe0 .objs\pokitto\pokitto_hw\hwbuttons.o
 .text._ZL13setup_data_16t
                0x00004130       0x30 .objs\pokitto\pokitto_hw\hwlcd.o
 .text._Z16write_command_16t
                0x00004160       0x34 .objs\pokitto\pokitto_hw\hwlcd.o
                0x00004160                write_command_16(unsigned short)
 .text._Z13write_data_16t
                0x00004194       0x34 .objs\pokitto\pokitto_hw\hwlcd.o
                0x00004194                write_data_16(unsigned short)
 .text._ZL10setDRAMptrhh
                0x000041c8       0x44 .objs\pokitto\pokitto_hw\hwlcd.o
 .text._ZN7Pokitto13initBacklightEv
                0x0000420c       0x2c .objs\pokitto\pokitto_hw\hwlcd.o
                0x0000420c                Pokitto::initBacklight()
 .text._ZN7Pokitto14lcdFillSurfaceEt
                0x00004238       0x6c .objs\pokitto\pokitto_hw\hwlcd.o
                0x00004238                Pokitto::lcdFillSurface(unsigned short)
 .text._ZN7Pokitto8lcdClearEv
                0x000042a4       0x68 .objs\pokitto\pokitto_hw\hwlcd.o
                0x000042a4                Pokitto::lcdClear()
 .text._ZN7Pokitto7lcdInitEv
                0x0000430c      0x218 .objs\pokitto\pokitto_hw\hwlcd.o
                0x0000430c                Pokitto::lcdInit()
 .text._ZN7Pokitto8lcdPixelEsst
                0x00004524       0x64 .objs\pokitto\pokitto_hw\hwlcd.o
                0x00004524                Pokitto::lcdPixel(short, short, unsigned short)
 .text._ZN7Pokitto12lcdRectangleEsssst
                0x00004588       0xbc .objs\pokitto\pokitto_hw\hwlcd.o
                0x00004588                Pokitto::lcdRectangle(short, short, short, short, unsigned short)
 .text._ZN7Pokitto15lcdRefreshMode1EPhhhhhPt
                0x00004644      0x5bc .objs\pokitto\pokitto_hw\hwlcd.o
                0x00004644                Pokitto::lcdRefreshMode1(unsigned char*, unsigned char, unsigned char, unsigned char, unsigned char, unsigned short*)
 .text._ZN7Pokitto18lcdRefreshMode1SprEPhhhhhPtPNS_10SpriteInfoEb
                0x00004c00      0xb3c .objs\pokitto\pokitto_hw\hwlcd.o
                0x00004c00                Pokitto::lcdRefreshMode1Spr(unsigned char*, unsigned char, unsigned char, unsigned char, unsigned char, unsigned short*, Pokitto::SpriteInfo*, bool)
 .text._ZN4mbed10DigitalOutC2E7PinName
                0x0000573c       0x1a .objs\pokitto\pokitto_hw\hwsound.o
                0x0000573c                mbed::DigitalOut::DigitalOut(PinName)
                0x0000573c                mbed::DigitalOut::DigitalOut(PinName)
 *fill*         0x00005756        0x2 
 .text._ZN7Pokitto11setHWvolumeEh
                0x00005758       0x38 .objs\pokitto\pokitto_hw\hwsound.o
                0x00005758                Pokitto::setHWvolume(unsigned char)
 .text._Z19initHWvolumecontrolv
                0x00005790       0x20 .objs\pokitto\pokitto_hw\hwsound.o
                0x00005790                initHWvolumecontrol()
 .text._ZN7Pokitto9ampEnableEh
                0x000057b0       0x34 .objs\pokitto\pokitto_hw\hwsound.o
                0x000057b0                Pokitto::ampEnable(unsigned char)
 .text._ZN7Pokitto9dac_writeEh
                0x000057e4       0xbc .objs\pokitto\pokitto_hw\hwsound.o
                0x000057e4                Pokitto::dac_write(unsigned char)
 .text._ZN7Pokitto9soundInitEv
                0x000058a0       0x8c .objs\pokitto\pokitto_hw\hwsound.o
                0x000058a0                Pokitto::soundInit()
 .text._Z11pokSoundIRQv
                0x0000592c       0xc8 .objs\pokitto\pokitto_hw\hwsound.o
                0x0000592c                pokSoundIRQ()
 .text.TIMER32_0_IRQHandler
                0x000059f4       0x18 .objs\pokitto\pokitto_hw\hwsound.o
                0x000059f4                TIMER32_0_IRQHandler
 .text.startup._GLOBAL__sub_I_obj
                0x00005a0c       0x94 .objs\pokitto\pokitto_hw\hwsound.o
 .text._Z15CopyPageToFlashmPh
                0x00005aa0      0x15c .objs\pokitto\pokitto_hw\iap.o
                0x00005aa0                CopyPageToFlash(unsigned long, unsigned char*)
 .text._Z16eeprom_read_bytePt
                0x00005bfc       0x12 .objs\pokitto\pokitto_hw\iap.o
                0x00005bfc                eeprom_read_byte(unsigned short*)
 .text._Z17eeprom_write_bytePth
                0x00005c0e       0x12 .objs\pokitto\pokitto_hw\iap.o
                0x00005c0e                eeprom_write_byte(unsigned short*, unsigned char)
 .text.SysTick_Handler
                0x00005c20       0x10 .objs\pokitto\pokitto_hw\pokittoclock.o
                0x00005c20                SysTick_Handler
 .text._ZN7Pokitto4Core9initClockEv
                0x00005c30       0x20 .objs\pokitto\pokitto_hw\pokittoclock.o
                0x00005c30                Pokitto::Core::initClock()
 .text._ZN7Pokitto4Core7getTimeEv
                0x00005c50        0xc .objs\pokitto\pokitto_hw\pokittoclock.o
                0x00005c50                Pokitto::Core::getTime()
 .text._ZN7Pokitto4Core10initRandomEv
                0x00005c5c        0x2 .objs\pokitto\pokitto_hw\pokittohw.o
                0x00005c5c                Pokitto::Core::initRandom()
 *fill*         0x00005c5e        0x2 
 .text._ZN7Pokitto4Core8initGPIOEv
                0x00005c60      0x108 .objs\pokitto\pokitto_hw\pokittohw.o
                0x00005c60                Pokitto::Core::initGPIO()
 .text.gpio_write
                0x00005d68       0x30 .objs\pokitto\pokitto_hw\softwarei2c.o
 .text.gpio_read
                0x00005d98       0x2c .objs\pokitto\pokitto_hw\softwarei2c.o
 .text._ZN4mbed12DigitalInOut6outputEv
                0x00005dc4        0xa .objs\pokitto\pokitto_hw\softwarei2c.o
                0x00005dc4                mbed::DigitalInOut::output()
 .text._ZN11SoftwareI2C5startEv
                0x00005dce       0x46 .objs\pokitto\pokitto_hw\softwarei2c.o
                0x00005dce                SoftwareI2C::start()
 .text._ZN11SoftwareI2C4stopEv
                0x00005e14       0x36 .objs\pokitto\pokitto_hw\softwarei2c.o
                0x00005e14                SoftwareI2C::stop()
 .text._ZN11SoftwareI2C7putByteEh
                0x00005e4a       0x4c .objs\pokitto\pokitto_hw\softwarei2c.o
                0x00005e4a                SoftwareI2C::putByte(unsigned char)
 .text._ZN11SoftwareI2C6getAckEv
                0x00005e96       0x52 .objs\pokitto\pokitto_hw\softwarei2c.o
                0x00005e96                SoftwareI2C::getAck()
 .text._ZN11SoftwareI2CC2E7PinNameS0_
                0x00005ee8       0x94 .objs\pokitto\pokitto_hw\softwarei2c.o
                0x00005ee8                SoftwareI2C::SoftwareI2C(PinName, PinName)
                0x00005ee8                SoftwareI2C::SoftwareI2C(PinName, PinName)
 .text._ZN11SoftwareI2CD2Ev
                0x00005f7c        0x2 .objs\pokitto\pokitto_hw\softwarei2c.o
                0x00005f7c                SoftwareI2C::~SoftwareI2C()
                0x00005f7c                SoftwareI2C::~SoftwareI2C()
 .text._ZN11SoftwareI2C5writeEhh
                0x00005f7e       0x34 .objs\pokitto\pokitto_hw\softwarei2c.o
                0x00005f7e                SoftwareI2C::write(unsigned char, unsigned char)
 *fill*         0x00005fb2        0x2 
 .text.Chip_TIMER_Init
                0x00005fb4       0x40 .objs\pokitto\pokitto_hw\timer_11u6x.o
                0x00005fb4                Chip_TIMER_Init
 .text.Chip_TIMER_Reset
                0x00005ff4       0x18 .objs\pokitto\pokitto_hw\timer_11u6x.o
                0x00005ff4                Chip_TIMER_Reset
 .text.startup._GLOBAL__sub_I_playing
                0x0000600c       0x2c .objs\pokitto\pokitto_libs\synth\synth.o
 .text.floor    0x00006038      0x170 c:/program files (x86)/embitz/0.42/share/em_armgcc/bin/../lib/gcc/arm-none-eabi/4.8.4/../../../../arm-none-eabi/lib/armv6-m\libm.a(lib_a-s_floor.o)
                0x00006038                floor
 .text.__libc_init_array
                0x000061a8       0x4c c:/program files (x86)/embitz/0.42/share/em_armgcc/bin/../lib/gcc/arm-none-eabi/4.8.4/../../../../arm-none-eabi/lib/armv6-m\libc_n.a(lib_a-init.o)
                0x000061a8                __libc_init_array
 .text.free     0x000061f4       0x14 c:/program files (x86)/embitz/0.42/share/em_armgcc/bin/../lib/gcc/arm-none-eabi/4.8.4/../../../../arm-none-eabi/lib/armv6-m\libc_n.a(lib_a-malloc.o)
                0x000061f4                free
 .text.memset   0x00006208       0x10 c:/program files (x86)/embitz/0.42/share/em_armgcc/bin/../lib/gcc/arm-none-eabi/4.8.4/../../../../arm-none-eabi/lib/armv6-m\libc_n.a(lib_a-memset.o)
                0x00006208                memset
 .text._free_r  0x00006218       0x90 c:/program files (x86)/embitz/0.42/share/em_armgcc/bin/../lib/gcc/arm-none-eabi/4.8.4/../../../../arm-none-eabi/lib/armv6-m\libc_n.a(lib_a-nano-freer.o)
                0x00006218                _free_r
 .text.strcpy   0x000062a8       0x10 c:/program files (x86)/embitz/0.42/share/em_armgcc/bin/../lib/gcc/arm-none-eabi/4.8.4/../../../../arm-none-eabi/lib/armv6-m\libc_n.a(lib_a-strcpy.o)
                0x000062a8                strcpy
 .text          0x000062b8       0x14 c:/program files (x86)/embitz/0.42/share/em_armgcc/bin/../lib/gcc/arm-none-eabi/4.8.4/armv6-m\libgcc.a(_thumb1_case_uqi.o)
                0x000062b8                __gnu_thumb1_case_uqi
 .text          0x000062cc       0x9c c:/program files (x86)/embitz/0.42/share/em_armgcc/bin/../lib/gcc/arm-none-eabi/4.8.4/armv6-m\libgcc.a(_udivsi3.o)
                0x000062cc                __aeabi_uidiv
                0x000062cc                __udivsi3
                0x00006354                __aeabi_uidivmod
 .text          0x00006368       0xc0 c:/program files (x86)/embitz/0.42/share/em_armgcc/bin/../lib/gcc/arm-none-eabi/4.8.4/armv6-m\libgcc.a(_divsi3.o)
                0x00006368                __divsi3
                0x00006368                __aeabi_idiv
                0x00006414                __aeabi_idivmod
 .text          0x00006428        0x4 c:/program files (x86)/embitz/0.42/share/em_armgcc/bin/../lib/gcc/arm-none-eabi/4.8.4/armv6-m\libgcc.a(_dvmd_tls.o)
                0x00006428                __aeabi_idiv0
                0x00006428                __aeabi_ldiv0
 .text          0x0000642c       0x7c c:/program files (x86)/embitz/0.42/share/em_armgcc/bin/../lib/gcc/arm-none-eabi/4.8.4/armv6-m\libgcc.a(_arm_cmpdf2.o)
                0x0000642c                __aeabi_cdrcmple
                0x0000643c                __aeabi_cdcmple
                0x0000643c                __aeabi_cdcmpeq
                0x0000644c                __aeabi_dcmpeq
                0x00006458                __aeabi_dcmplt
                0x0000646c                __aeabi_dcmple
                0x00006480                __aeabi_dcmpgt
                0x00006494                __aeabi_dcmpge
 .text          0x000064a8       0x74 c:/program files (x86)/embitz/0.42/share/em_armgcc/bin/../lib/gcc/arm-none-eabi/4.8.4/armv6-m\libgcc.a(_arm_cmpsf2.o)
                0x000064a8                __aeabi_cfrcmple
                0x000064b0                __aeabi_cfcmpeq
                0x000064b0                __aeabi_cfcmple
                0x000064c0                __aeabi_fcmpeq
                0x000064cc                __aeabi_fcmplt
                0x000064e0                __aeabi_fcmple
                0x000064f4                __aeabi_fcmpgt
                0x00006508                __aeabi_fcmpge
 .text          0x0000651c       0x30 c:/program files (x86)/embitz/0.42/share/em_armgcc/bin/../lib/gcc/arm-none-eabi/4.8.4/armv6-m\libgcc.a(_fixunssfsi.o)
                0x0000651c                __fixunssfsi
                0x0000651c                __aeabi_f2uiz
 .text          0x0000654c      0x2d8 c:/program files (x86)/embitz/0.42/share/em_armgcc/bin/../lib/gcc/arm-none-eabi/4.8.4/armv6-m\libgcc.a(addsf3.o)
                0x0000654c                __aeabi_fadd
 .text          0x00006824      0x24c c:/program files (x86)/embitz/0.42/share/em_armgcc/bin/../lib/gcc/arm-none-eabi/4.8.4/armv6-m\libgcc.a(divsf3.o)
                0x00006824                __aeabi_fdiv
 .text          0x00006a70       0x54 c:/program files (x86)/embitz/0.42/share/em_armgcc/bin/../lib/gcc/arm-none-eabi/4.8.4/armv6-m\libgcc.a(eqsf2.o)
                0x00006a70                __eqsf2
                0x00006a70                __nesf2
 .text          0x00006ac4       0x90 c:/program files (x86)/embitz/0.42/share/em_armgcc/bin/../lib/gcc/arm-none-eabi/4.8.4/armv6-m\libgcc.a(gesf2.o)
                0x00006ac4                __gesf2
                0x00006ac4                __gtsf2
 .text          0x00006b54       0x98 c:/program files (x86)/embitz/0.42/share/em_armgcc/bin/../lib/gcc/arm-none-eabi/4.8.4/armv6-m\libgcc.a(lesf2.o)
                0x00006b54                __ltsf2
                0x00006b54                __lesf2
 .text          0x00006bec      0x254 c:/program files (x86)/embitz/0.42/share/em_armgcc/bin/../lib/gcc/arm-none-eabi/4.8.4/armv6-m\libgcc.a(mulsf3.o)
                0x00006bec                __aeabi_fmul
 .text          0x00006e40      0x2ec c:/program files (x86)/embitz/0.42/share/em_armgcc/bin/../lib/gcc/arm-none-eabi/4.8.4/armv6-m\libgcc.a(subsf3.o)
                0x00006e40                __aeabi_fsub
 .text          0x0000712c       0x40 c:/program files (x86)/embitz/0.42/share/em_armgcc/bin/../lib/gcc/arm-none-eabi/4.8.4/armv6-m\libgcc.a(fixsfsi.o)
                0x0000712c                __aeabi_f2iz
 .text          0x0000716c       0xb8 c:/program files (x86)/embitz/0.42/share/em_armgcc/bin/../lib/gcc/arm-none-eabi/4.8.4/armv6-m\libgcc.a(floatsisf.o)
                0x0000716c                __aeabi_i2f
 .text          0x00007224       0xa0 c:/program files (x86)/embitz/0.42/share/em_armgcc/bin/../lib/gcc/arm-none-eabi/4.8.4/armv6-m\libgcc.a(floatunsisf.o)
                0x00007224                __aeabi_ui2f
 .text          0x000072c4      0x644 c:/program files (x86)/embitz/0.42/share/em_armgcc/bin/../lib/gcc/arm-none-eabi/4.8.4/armv6-m\libgcc.a(adddf3.o)
                0x000072c4                __aeabi_dadd
 .text          0x00007908       0x94 c:/program files (x86)/embitz/0.42/share/em_armgcc/bin/../lib/gcc/arm-none-eabi/4.8.4/armv6-m\libgcc.a(eqdf2.o)
                0x00007908                __nedf2
                0x00007908                __eqdf2
 .text          0x0000799c       0xfc c:/program files (x86)/embitz/0.42/share/em_armgcc/bin/../lib/gcc/arm-none-eabi/4.8.4/armv6-m\libgcc.a(gedf2.o)
                0x0000799c                __gedf2
                0x0000799c                __gtdf2
 .text          0x00007a98       0xfc c:/program files (x86)/embitz/0.42/share/em_armgcc/bin/../lib/gcc/arm-none-eabi/4.8.4/armv6-m\libgcc.a(ledf2.o)
                0x00007a98                __ledf2
                0x00007a98                __ltdf2
 .text          0x00007b94       0x68 c:/program files (x86)/embitz/0.42/share/em_armgcc/bin/../lib/gcc/arm-none-eabi/4.8.4/armv6-m\libgcc.a(fixdfsi.o)
                0x00007b94                __aeabi_d2iz
 .text          0x00007bfc       0xa4 c:/program files (x86)/embitz/0.42/share/em_armgcc/bin/../lib/gcc/arm-none-eabi/4.8.4/armv6-m\libgcc.a(extendsfdf2.o)
                0x00007bfc                __aeabi_f2d
 .text          0x00007ca0       0x3c c:/program files (x86)/embitz/0.42/share/em_armgcc/bin/../lib/gcc/arm-none-eabi/4.8.4/armv6-m\libgcc.a(_clzsi2.o)
                0x00007ca0                __clzsi2
 *(.rodata .rodata.*)
 .rodata.str1.1
                0x00007cdc        0xd .objs\examples\helloworld\main.o
 .rodata.str1.1
                0x00007ce9       0x31 .objs\pokitto\mbed-pokitto\common\assert.o
 .rodata.str1.1
                0x00007d1a       0x62 .objs\pokitto\mbed-pokitto\common\gpio.o
 *fill*         0x00007d7c        0x4 
 .rodata._ZTVN4mbed11InterruptInE
                0x00007d80       0x10 .objs\pokitto\mbed-pokitto\common\interruptin.o
                0x00007d80                vtable for mbed::InterruptIn
 .rodata.str1.1
                0x00007d90       0x60 .objs\pokitto\mbed-pokitto\common\pinmap_common.o
 .rodata._ZTVN4mbed3SPIE
                0x00007df0       0x18 .objs\pokitto\mbed-pokitto\common\spi.o
                0x00007df0                vtable for mbed::SPI
 .rodata.us_interface
                0x00007e08       0x14 .objs\pokitto\mbed-pokitto\common\us_ticker_api.o
 .rodata.us_data
                0x00007e1c        0x8 .objs\pokitto\mbed-pokitto\common\us_ticker_api.o
 .rodata.str1.1
                0x00007e24       0x47 .objs\pokitto\mbed-pokitto\targets\hal\target_nxp\target_lpc11u6x\gpio_api.o
                                 0x72 (size before relaxing)
 *fill*         0x00007e6b        0x1 
 .rodata.CSWTCH.18
                0x00007e6c       0x20 .objs\pokitto\mbed-pokitto\targets\hal\target_nxp\target_lpc11u6x\gpio_irq_api.o
 .rodata.str1.1
                0x00007e8c       0x45 .objs\pokitto\mbed-pokitto\targets\hal\target_nxp\target_lpc11u6x\pinmap.o
                                 0x58 (size before relaxing)
 *fill*         0x00007ed1        0x3 
 .rodata.PinMap_PWM
                0x00007ed4       0x6c .objs\pokitto\mbed-pokitto\targets\hal\target_nxp\target_lpc11u6x\pwmout_api.o
 .rodata.str1.1
                0x00007f40       0x2b .objs\pokitto\mbed-pokitto\targets\hal\target_nxp\target_lpc11u6x\pwmout_api.o
 *fill*         0x00007f6b        0x1 
 .rodata.SCTs   0x00007f6c        0x8 .objs\pokitto\mbed-pokitto\targets\hal\target_nxp\target_lpc11u6x\pwmout_api.o
 .rodata.PinMap_SPI_MISO
                0x00007f74       0x3c .objs\pokitto\mbed-pokitto\targets\hal\target_nxp\target_lpc11u6x\spi_api.o
 .rodata.PinMap_SPI_SCLK
                0x00007fb0       0x48 .objs\pokitto\mbed-pokitto\targets\hal\target_nxp\target_lpc11u6x\spi_api.o
 .rodata.str1.1
                0x00007ff8       0xbf .objs\pokitto\mbed-pokitto\targets\hal\target_nxp\target_lpc11u6x\spi_api.o
 *fill*         0x000080b7        0x1 
 .rodata.PinMap_SPI_MOSI
                0x000080b8       0x3c .objs\pokitto\mbed-pokitto\targets\hal\target_nxp\target_lpc11u6x\spi_api.o
 .rodata.PinMap_SPI_SSEL
                0x000080f4       0x3c .objs\pokitto\mbed-pokitto\targets\hal\target_nxp\target_lpc11u6x\spi_api.o
 .rodata.font5x7
                0x00008130      0x304 .objs\pokitto\pokitto_core\fonts\font5x7.o
                0x00008130                font5x7
 .rodata.fontC64
                0x00008434      0x364 .objs\pokitto\pokitto_core\fonts\fontc64.o
                0x00008434                fontC64
 .rodata.fntC64UIGfx
                0x00008798      0x364 .objs\pokitto\pokitto_core\fonts\fontc64uigfx.o
                0x00008798                fntC64UIGfx
 .rodata.fontMini
                0x00008afc      0x13a .objs\pokitto\pokitto_core\fonts\mini4x6.o
                0x00008afc                fontMini
 .rodata.paletteCGA
                0x00008c36       0x30 .objs\pokitto\pokitto_core\palettes\palcga.o
                0x00008c36                paletteCGA
 .rodata.str1.1
                0x00008c66      0x2c0 .objs\pokitto\pokitto_core\pokittocore.o
                                0x2d3 (size before relaxing)
 .rodata.str1.1
                0x00000000        0x1 .objs\pokitto\pokitto_core\pokittodisk.o
 .rodata.Pokitto_logo
                0x00008f26      0x50a .objs\pokitto\pokitto_core\pokittologos.o
                0x00008f26                Pokitto_logo
 .rodata.Pokitto_headphones
                0x00009430       0x22 .objs\pokitto\pokitto_core\pokittologos.o
                0x00009430                Pokitto_headphones
 .rodata.Pokitto_speaker
                0x00009452       0x22 .objs\pokitto\pokitto_core\pokittologos.o
                0x00009452                Pokitto_speaker
 .rodata.Pokitto_volumebar
                0x00009474        0x6 .objs\pokitto\pokitto_core\pokittologos.o
                0x00009474                Pokitto_volumebar
 .rodata._ZL12_halfPeriods
                0x0000947a       0x24 .objs\pokitto\pokitto_core\pokittosound.o
 *fill*         0x0000949e        0x2 
 .rodata.wdtOSCRate
                0x000094a0       0x40 .objs\pokitto\pokitto_hw\clock_11u6x.o
 .rodata.str1.1
                0x00000000       0x62 .objs\pokitto\pokitto_hw\hwsound.o
 .rodata.str1.1
                0x00000000       0x62 .objs\pokitto\pokitto_hw\softwarei2c.o
 .rodata.__sf_fake_stdin
                0x000094e0       0x20 c:/program files (x86)/embitz/0.42/share/em_armgcc/bin/../lib/gcc/arm-none-eabi/4.8.4/../../../../arm-none-eabi/lib/armv6-m\libc_n.a(lib_a-findfp.o)
                0x000094e0                __sf_fake_stdin
 .rodata.__sf_fake_stdout
                0x00009500       0x20 c:/program files (x86)/embitz/0.42/share/em_armgcc/bin/../lib/gcc/arm-none-eabi/4.8.4/../../../../arm-none-eabi/lib/armv6-m\libc_n.a(lib_a-findfp.o)
                0x00009500                __sf_fake_stdout
 .rodata.__sf_fake_stderr
                0x00009520       0x20 c:/program files (x86)/embitz/0.42/share/em_armgcc/bin/../lib/gcc/arm-none-eabi/4.8.4/../../../../arm-none-eabi/lib/armv6-m\libc_n.a(lib_a-findfp.o)
                0x00009520                __sf_fake_stderr
 .rodata.str1.1
                0x00000000      0x2c0 c:/program files (x86)/embitz/0.42/share/em_armgcc/bin/../lib/gcc/arm-none-eabi/4.8.4/../../../../arm-none-eabi/lib/armv6-m\libc_n.a(lib_a-impure.o)
                                  0x2 (size before relaxing)
 .rodata        0x00009540       0x40 c:/program files (x86)/embitz/0.42/share/em_armgcc/bin/../lib/gcc/arm-none-eabi/4.8.4/armv6-m\libgcc.a(divsf3.o)
 .rodata        0x00009580       0x40 c:/program files (x86)/embitz/0.42/share/em_armgcc/bin/../lib/gcc/arm-none-eabi/4.8.4/armv6-m\libgcc.a(mulsf3.o)
                0x000095c0                . = ALIGN (0x4)
                0x000095c0                . = ALIGN (0x4)
 *(.init)
 .init          0x000095c0        0x4 c:/program files (x86)/embitz/0.42/share/em_armgcc/bin/../lib/gcc/arm-none-eabi/4.8.4/armv6-m/crti.o
                0x000095c0                _init
 .init          0x000095c4        0x8 c:/program files (x86)/embitz/0.42/share/em_armgcc/bin/../lib/gcc/arm-none-eabi/4.8.4/armv6-m/crtn.o
                0x000095cc                . = ALIGN (0x4)
                0x000095cc                __preinit_array_start = .
 *(.preinit_array)
                0x000095cc                __preinit_array_end = .
                0x000095cc                . = ALIGN (0x4)
                0x000095cc                __init_array_start = .
 *(SORT(.init_array.*))
 *(.init_array)
 .init_array    0x000095cc        0x4 c:/program files (x86)/embitz/0.42/share/em_armgcc/bin/../lib/gcc/arm-none-eabi/4.8.4/armv6-m/crtbegin.o
 .init_array    0x000095d0        0x4 .objs\examples\helloworld\main.o
 .init_array    0x000095d4        0x4 .objs\pokitto\pokitto_core\pokittoconsole.o
 .init_array    0x000095d8        0x4 .objs\pokitto\pokitto_core\pokittocore.o
 .init_array    0x000095dc        0x4 .objs\pokitto\pokitto_core\pokittodisk.o
 .init_array    0x000095e0        0x4 .objs\pokitto\pokitto_core\pokittodisplay.o
 .init_array    0x000095e4        0x4 .objs\pokitto\pokitto_core\pokittosound.o
 .init_array    0x000095e8        0x4 .objs\pokitto\pokitto_hw\hwbuttons.o
 .init_array    0x000095ec        0x4 .objs\pokitto\pokitto_hw\hwsound.o
 .init_array    0x000095f0        0x4 .objs\pokitto\pokitto_libs\synth\synth.o
                0x000095f4                __init_array_end = .
 *(.fini)
 .fini          0x000095f4        0x4 c:/program files (x86)/embitz/0.42/share/em_armgcc/bin/../lib/gcc/arm-none-eabi/4.8.4/armv6-m/crti.o
                0x000095f4                _fini
 .fini          0x000095f8        0x8 c:/program files (x86)/embitz/0.42/share/em_armgcc/bin/../lib/gcc/arm-none-eabi/4.8.4/armv6-m/crtn.o
                0x00009600                . = ALIGN (0x4)
 *crtbegin.o(.ctors)
 *(EXCLUDE_FILE(*crtend.o) .ctors)
 *(SORT(.ctors.*))
 *crtend.o(.ctors)
                0x00009600                . = ALIGN (0x4)
 *crtbegin.o(.dtors)
 *(EXCLUDE_FILE(*crtend.o) .dtors)
 *(SORT(.dtors.*))
 *crtend.o(.dtors)

.glue_7         0x00009600        0x0
 .glue_7        0x00000000        0x0 linker stubs

.glue_7t        0x00009600        0x0
 .glue_7t       0x00000000        0x0 linker stubs

.vfp11_veneer   0x00009600        0x0
 .vfp11_veneer  0x00000000        0x0 linker stubs

.v4_bx          0x00009600        0x0
 .v4_bx         0x00000000        0x0 linker stubs

.iplt           0x00009600        0x0
 .iplt          0x00000000        0x0 c:/program files (x86)/embitz/0.42/share/em_armgcc/bin/../lib/gcc/arm-none-eabi/4.8.4/armv6-m/crtbegin.o

.SD_Code        0x00009600      0x24c
 .SD_Code       0x00009600      0x1dc .objs\pokitto\libpff\pff.o
                0x00009684                pf_mount(_FATFS_*)
 .SD_Code       0x000097dc       0x70 .objs\pokitto\pokitto_core\pokittodisk.o
                0x000097dc                initSDGPIO()
                0x0000980a                pokInitSD()

.IAP_Code       0x0000984c      0x390
 .IAP_Code      0x0000984c      0x390 .objs\pokitto\pokitto_hw\iap.o
                0x0000984c                HelloFromIAP()
                0x0000996c                writeEEPROM(unsigned short*, unsigned char*, unsigned long)
                0x000099b8                readEEPROM(unsigned short*, unsigned char*, unsigned long)
                0x000099f8                IAPreadPartId(unsigned char*, unsigned char*, unsigned long)
                0x00009a38                IAP_EXECUTE_CMD(unsigned long*, unsigned long*)
                0x00009a48                u32IAP_PrepareSectors(unsigned long, unsigned long)
                0x00009a6e                u32IAP_CopyRAMToFlash(unsigned long, unsigned long, unsigned long)
                0x00009a9c                u32IAP_EraseSectors(unsigned long, unsigned long)
                0x00009ad0                u32IAP_BlankCheckSectors(unsigned long, unsigned long, unsigned long*)
                0x00009afe                u32IAP_ReadPartID(unsigned long*)
                0x00009b1e                u32IAP_ReadBootVersion(unsigned long*, unsigned long*)
                0x00009b44                u32IAP_Compare(unsigned long, unsigned long, unsigned long, unsigned long*)
                0x00009b6e                vIAP_ReinvokeISP()
                0x00009b82                u32IAP_ReadUID(unsigned long*)
                0x00009ba6                u32IAP_ErasePage(unsigned long, unsigned long)

.eh_frame       0x00009bdc        0x0
 .eh_frame      0x00009bdc        0x0 c:/program files (x86)/embitz/0.42/share/em_armgcc/bin/../lib/gcc/arm-none-eabi/4.8.4/armv6-m/crtbegin.o

.rel.dyn        0x00009bdc        0x0
 .rel.iplt      0x00000000        0x0 c:/program files (x86)/embitz/0.42/share/em_armgcc/bin/../lib/gcc/arm-none-eabi/4.8.4/armv6-m/crtbegin.o

.ARM.extab
 *(.ARM.extab* .gnu.linkonce.armextab.*)
                0x00009bdc                __exidx_start = .

.ARM.exidx
 *(.ARM.exidx* .gnu.linkonce.armexidx.*)
                0x00009bdc                __exidx_end = .
                0x00009bdc                _etext = .

.mtb_buffer_RAM2
 *(.mtb.$RAM2*)
 *(.mtb.$RAM1_2*)

.data_RAM2      0x20000000        0x0 load address 0x00009bdc
 FILL mask 0xff
 *(.ramfunc.$RAM2)
 *(.ramfunc.$Ram1_2)
 *(.data.$RAM2*)
 *(.data.$Ram1_2*)
                0x20000000                . = ALIGN (0x4)

.mtb_buffer_RAM3
 *(.mtb.$RAM3*)
 *(.mtb.$RAM2USB_2*)

.data_RAM3      0x20004000        0x0 load address 0x00009bdc
 FILL mask 0xff
 *(.ramfunc.$RAM3)
 *(.ramfunc.$Ram2USB_2)
 *(.data.$RAM3*)
 *(.data.$Ram2USB_2*)
                0x20004000                . = ALIGN (0x4)

.mtb_buffer_default
 *(.mtb*)

.uninit_RESERVED
                0x10000100        0x0
 *(.bss.$RESERVED*)
                0x10000100                . = ALIGN (0x4)
                0x10000100                _end_uninit_RESERVED = .

.data           0x10000100       0x88 load address 0x00009bdc
 FILL mask 0xff
                0x10000100                _data = .
 *(vtable)
 *(.ramfunc*)
 *(.data*)
 .data          0x10000100        0x4 c:/program files (x86)/embitz/0.42/share/em_armgcc/bin/../lib/gcc/arm-none-eabi/4.8.4/armv6-m/crtbegin.o
                0x10000100                __dso_handle
 .data.SystemCoreClock
                0x10000104        0x4 .objs\pokitto\mbed-pokitto\targets\cmsis\target_nxp\target_lpc11u6x\system_lpc11u6x.o
                0x10000104                SystemCoreClock
 .data.filemode
                0x10000108        0x1 .objs\pokitto\pokitto_core\pokittodisk.o
                0x10000108                filemode
 *fill*         0x10000109        0x1 
 .data._ZN7Pokitto7Display11directcolorE
                0x1000010a        0x2 .objs\pokitto\pokitto_core\pokittodisplay.o
                0x1000010a                Pokitto::Display::directcolor
 .data._ZN7Pokitto7Display14adjustLineStepE
                0x1000010c        0x1 .objs\pokitto\pokitto_core\pokittodisplay.o
                0x1000010c                Pokitto::Display::adjustLineStep
 .data._ZN7Pokitto7Display3bppE
                0x1000010d        0x1 .objs\pokitto\pokitto_core\pokittodisplay.o
                0x1000010d                Pokitto::Display::bpp
 .data._ZN7Pokitto7Display5colorE
                0x1000010e        0x2 .objs\pokitto\pokitto_core\pokittodisplay.o
                0x1000010e                Pokitto::Display::color
 .data._ZN7Pokitto7Display8textWrapE
                0x10000110        0x1 .objs\pokitto\pokitto_core\pokittodisplay.o
                0x10000110                Pokitto::Display::textWrap
 .data._ZN7Pokitto7Display8fontSizeE
                0x10000111        0x1 .objs\pokitto\pokitto_core\pokittodisplay.o
                0x10000111                Pokitto::Display::fontSize
 .data._ZN7Pokitto7Display14adjustCharStepE
                0x10000112        0x1 .objs\pokitto\pokitto_core\pokittodisplay.o
                0x10000112                Pokitto::Display::adjustCharStep
 .data._ZN7Pokitto7Display5widthE
                0x10000113        0x1 .objs\pokitto\pokitto_core\pokittodisplay.o
                0x10000113                Pokitto::Display::width
 .data._ZN7Pokitto7Display14invisiblecolorE
                0x10000114        0x2 .objs\pokitto\pokitto_core\pokittodisplay.o
                0x10000114                Pokitto::Display::invisiblecolor
 .data._ZN7Pokitto7Display6heightE
                0x10000116        0x1 .objs\pokitto\pokitto_core\pokittodisplay.o
                0x10000116                Pokitto::Display::height
 *fill*         0x10000117        0x1 
 .data._ZN7Pokitto5Sound9volumeMaxE
                0x10000118        0x2 .objs\pokitto\pokitto_core\pokittosound.o
                0x10000118                Pokitto::Sound::volumeMax
 .data.streamvol
                0x1000011a        0x1 .objs\pokitto\pokitto_hw\hwsound.o
                0x1000011a                streamvol
 *fill*         0x1000011b        0x1 
 .data.iap_entry
                0x1000011c        0x4 .objs\pokitto\pokitto_hw\iap.o
                0x1000011c                iap_entry
 .data.tempo    0x10000120        0x1 .objs\pokitto\pokitto_libs\synth\synth.o
                0x10000120                tempo
 *fill*         0x10000121        0x3 
 .data.impure_data
                0x10000124       0x60 c:/program files (x86)/embitz/0.42/share/em_armgcc/bin/../lib/gcc/arm-none-eabi/4.8.4/../../../../arm-none-eabi/lib/armv6-m\libc_n.a(lib_a-impure.o)
 .data._impure_ptr
                0x10000184        0x4 c:/program files (x86)/embitz/0.42/share/em_armgcc/bin/../lib/gcc/arm-none-eabi/4.8.4/../../../../arm-none-eabi/lib/armv6-m\libc_n.a(lib_a-impure.o)
                0x10000184                _impure_ptr
                0x10000188                . = ALIGN (0x4)
                0x10000188                _edata = .

.jcr            0x10000188        0x0 load address 0x00009c64
 .jcr           0x10000188        0x0 c:/program files (x86)/embitz/0.42/share/em_armgcc/bin/../lib/gcc/arm-none-eabi/4.8.4/armv6-m/crtbegin.o

.igot.plt       0x10000188        0x0 load address 0x00009c64
 .igot.plt      0x00000000        0x0 c:/program files (x86)/embitz/0.42/share/em_armgcc/bin/../lib/gcc/arm-none-eabi/4.8.4/armv6-m/crtbegin.o

.bss_RAM2       0x20000000        0x0
 *(.bss.$RAM2*)
 *(.bss.$Ram1_2*)
                0x20000000                . = ALIGN (0x4)

.bss_RAM3       0x20004000        0x0
 *(.bss.$RAM3*)
 *(.bss.$Ram2USB_2*)
                0x20004000                . = ALIGN (0x4)

.bss            0x10000188     0x562c
                0x10000188                _bss = .
 *(.bss*)
 .bss           0x10000188       0x1c c:/program files (x86)/embitz/0.42/share/em_armgcc/bin/../lib/gcc/arm-none-eabi/4.8.4/armv6-m/crtbegin.o
 .bss.mygame    0x100001a4        0x1 .objs\examples\helloworld\main.o
                0x100001a4                mygame
 .bss._ZL8CardType
                0x100001a5        0x1 .objs\pokitto\libpff\mmc.o
 *fill*         0x100001a6        0x2 
 .bss._ZL5FatFs
                0x100001a8        0x4 .objs\pokitto\libpff\pff.o
 .bss._ZN4mbed3SPI6_ownerE
                0x100001ac        0x4 .objs\pokitto\mbed-pokitto\common\spi.o
                0x100001ac                mbed::SPI::_owner
 .bss.events    0x100001b0        0x8 .objs\pokitto\mbed-pokitto\common\us_ticker_api.o
 .bss.gpio_enabled
                0x100001b8        0x4 .objs\pokitto\mbed-pokitto\targets\hal\target_nxp\target_lpc11u6x\gpio_api.o
 .bss.irq_handler
                0x100001bc        0x4 .objs\pokitto\mbed-pokitto\targets\hal\target_nxp\target_lpc11u6x\gpio_irq_api.o
 .bss.channel_ids
                0x100001c0       0x20 .objs\pokitto\mbed-pokitto\targets\hal\target_nxp\target_lpc11u6x\gpio_irq_api.o
 .bss.sct_used  0x100001e0        0x1 .objs\pokitto\mbed-pokitto\targets\hal\target_nxp\target_lpc11u6x\pwmout_api.o
 *fill*         0x100001e1        0x3 
 .bss.us_ticker_inited
                0x100001e4        0x4 .objs\pokitto\mbed-pokitto\targets\hal\target_nxp\target_lpc11u6x\us_ticker.o
                0x100001e4                us_ticker_inited
 .bss._ZN7Pokitto7Battery7voltageE
                0x100001e8        0x2 .objs\pokitto\pokitto_core\pokittobattery.o
                0x100001e8                Pokitto::Battery::voltage
 .bss._ZN7Pokitto7Battery5levelE
                0x100001ea        0x1 .objs\pokitto\pokitto_core\pokittobattery.o
                0x100001ea                Pokitto::Battery::level
 .bss._ZN7Pokitto7Battery4showE
                0x100001eb        0x1 .objs\pokitto\pokitto_core\pokittobattery.o
                0x100001eb                Pokitto::Battery::show
 .bss._ZN7Pokitto7Buttons13buttons_stateE
                0x100001ec        0x1 .objs\pokitto\pokitto_core\pokittobuttons.o
                0x100001ec                Pokitto::Buttons::buttons_state
 .bss._ZN7Pokitto7Buttons6statesE
                0x100001ed        0x7 .objs\pokitto\pokitto_core\pokittobuttons.o
                0x100001ed                Pokitto::Buttons::states
 .bss._ZN7Pokitto7Buttons16buttons_releasedE
                0x100001f4        0x1 .objs\pokitto\pokitto_core\pokittobuttons.o
                0x100001f4                Pokitto::Buttons::buttons_released
 .bss._ZN7Pokitto7Buttons12buttons_heldE
                0x100001f5        0x1 .objs\pokitto\pokitto_core\pokittobuttons.o
                0x100001f5                Pokitto::Buttons::buttons_held
 .bss._ZN7Pokitto7Console8conslastE
                0x100001f6        0x1 .objs\pokitto\pokitto_core\pokittoconsole.o
                0x100001f6                Pokitto::Console::conslast
 .bss.pConsole  0x100001f7        0x1 .objs\pokitto\pokitto_core\pokittoconsole.o
                0x100001f7                pConsole
 .bss._ZN7Pokitto7Console5colorE
                0x100001f8        0x2 .objs\pokitto\pokitto_core\pokittoconsole.o
                0x100001f8                Pokitto::Console::color
 .bss._ZN7Pokitto7Console4modeE
                0x100001fa        0x1 .objs\pokitto\pokitto_core\pokittoconsole.o
                0x100001fa                Pokitto::Console::mode
 .bss._ZN7Pokitto7Console11conspointerE
                0x100001fb        0x1 .objs\pokitto\pokitto_core\pokittoconsole.o
                0x100001fb                Pokitto::Console::conspointer
 .bss._ZN7Pokitto7Console11conscounterE
                0x100001fc        0x2 .objs\pokitto\pokitto_core\pokittoconsole.o
                0x100001fc                Pokitto::Console::conscounter
 *fill*         0x100001fe        0x2 
 .bss._ZN7Pokitto7Console4fontE
                0x10000200        0x4 .objs\pokitto\pokitto_core\pokittoconsole.o
                0x10000200                Pokitto::Console::font
 .bss._ZN7Pokitto7Console9consfirstE
                0x10000204        0x1 .objs\pokitto\pokitto_core\pokittoconsole.o
                0x10000204                Pokitto::Console::consfirst
 *fill*         0x10000205        0x3 
 .bss._ZN7Pokitto4Core10frameCountE
                0x10000208        0x4 .objs\pokitto\pokitto_core\pokittocore.o
                0x10000208                Pokitto::Core::frameCount
 .bss._ZN7Pokitto4Core14startMenuTimerE
                0x1000020c        0x1 .objs\pokitto\pokitto_core\pokittocore.o
                0x1000020c                Pokitto::Core::startMenuTimer
 *fill*         0x1000020d        0x3 
 .bss._ZN7Pokitto4Core9popupTextE
                0x10000210        0x4 .objs\pokitto\pokitto_core\pokittocore.o
                0x10000210                Pokitto::Core::popupText
 .bss._ZN7Pokitto4Core9run_stateE
                0x10000214        0x1 .objs\pokitto\pokitto_core\pokittocore.o
                0x10000214                Pokitto::Core::run_state
 .bss._ZN7Pokitto4Core12timePerFrameE
                0x10000215        0x1 .objs\pokitto\pokitto_core\pokittocore.o
                0x10000215                Pokitto::Core::timePerFrame
 .bss._ZN7Pokitto4Core14volbar_visibleE
                0x10000216        0x1 .objs\pokitto\pokitto_core\pokittocore.o
                0x10000216                Pokitto::Core::volbar_visible
 .bss._ZN7Pokitto4Core7displayE
                0x10000217        0x1 .objs\pokitto\pokitto_core\pokittocore.o
                0x10000217                Pokitto::Core::display
 .bss._ZN7Pokitto4Core14frameEndMicrosE
                0x10000218        0x4 .objs\pokitto\pokitto_core\pokittocore.o
                0x10000218                Pokitto::Core::frameEndMicros
 .bss._ZN7Pokitto4Core15nextFrameMillisE
                0x1000021c        0x4 .objs\pokitto\pokitto_core\pokittocore.o
                0x1000021c                Pokitto::Core::nextFrameMillis
 .bss._ZN7Pokitto4Core13popupTimeLeftE
                0x10000220        0x1 .objs\pokitto\pokitto_core\pokittocore.o
                0x10000220                Pokitto::Core::popupTimeLeft
 *fill*         0x10000221        0x3 
 .bss.fs        0x10000224       0x30 .objs\pokitto\pokitto_core\pokittodisk.o
                0x10000224                fs
 .bss.device    0x10000254       0x18 .objs\pokitto\pokitto_core\pokittodisk.o
                0x10000254                device
 .bss.currentfile
                0x1000026c        0xf .objs\pokitto\pokitto_core\pokittodisk.o
                0x1000026c                currentfile
 .bss.res       0x1000027b        0x1 .objs\pokitto\pokitto_core\pokittodisk.o
                0x1000027b                res
 .bss.dir       0x1000027c       0x14 .objs\pokitto\pokitto_core\pokittodisk.o
                0x1000027c                dir
 .bss.diropened
                0x10000290        0x1 .objs\pokitto\pokitto_core\pokittodisk.o
                0x10000290                diropened
 .bss           0x10000291     0x25d0 .objs\pokitto\pokitto_core\pokittodisplay.o
                0x10000291                Pokitto::Display::screenbuffer
 .bss._ZN7Pokitto7Display10fontHeightE
                0x10002861        0x1 .objs\pokitto\pokitto_core\pokittodisplay.o
                0x10002861                Pokitto::Display::fontHeight
 *fill*         0x10002862        0x2 
 .bss._ZN7Pokitto7Display8m_scrbufE
                0x10002864        0x4 .objs\pokitto\pokitto_core\pokittodisplay.o
                0x10002864                Pokitto::Display::m_scrbuf
 .bss._ZN7Pokitto7Display12m_colordepthE
                0x10002868        0x1 .objs\pokitto\pokitto_core\pokittodisplay.o
                0x10002868                Pokitto::Display::m_colordepth
 *fill*         0x10002869        0x1 
 .bss._ZN7Pokitto7Display3m_wE
                0x1000286a        0x2 .objs\pokitto\pokitto_core\pokittodisplay.o
                0x1000286a                Pokitto::Display::m_w
 .bss._ZN7Pokitto7Display7paletteE
                0x1000286c      0x200 .objs\pokitto\pokitto_core\pokittodisplay.o
                0x1000286c                Pokitto::Display::palette
 .bss._ZN7Pokitto7Display14m_tilecolorbufE
                0x10002a6c        0x4 .objs\pokitto\pokitto_core\pokittodisplay.o
                0x10002a6c                Pokitto::Display::m_tilecolorbuf
 .bss._ZN7Pokitto7Display11persistenceE
                0x10002a70        0x1 .objs\pokitto\pokitto_core\pokittodisplay.o
                0x10002a70                Pokitto::Display::persistence
 *fill*         0x10002a71        0x3 
 .bss._ZN7Pokitto7Display10paletteptrE
                0x10002a74        0x4 .objs\pokitto\pokitto_core\pokittodisplay.o
                0x10002a74                Pokitto::Display::paletteptr
 .bss._ZN7Pokitto7Display7cursorYE
                0x10002a78        0x2 .objs\pokitto\pokitto_core\pokittodisplay.o
                0x10002a78                Pokitto::Display::cursorY
 .bss.core      0x10002a7a        0x1 .objs\pokitto\pokitto_core\pokittodisplay.o
                0x10002a7a                core
 .bss._ZN7Pokitto7Display9fontWidthE
                0x10002a7b        0x1 .objs\pokitto\pokitto_core\pokittodisplay.o
                0x10002a7b                Pokitto::Display::fontWidth
 .bss._ZN7Pokitto7Display7bgcolorE
                0x10002a7c        0x2 .objs\pokitto\pokitto_core\pokittodisplay.o
                0x10002a7c                Pokitto::Display::bgcolor
 *fill*         0x10002a7e        0x2 
 .bss._ZN7Pokitto7Display4fontE
                0x10002a80        0x4 .objs\pokitto\pokitto_core\pokittodisplay.o
                0x10002a80                Pokitto::Display::font
 .bss._ZN7Pokitto7Display7cursorXE
                0x10002a84        0x2 .objs\pokitto\pokitto_core\pokittodisplay.o
                0x10002a84                Pokitto::Display::cursorX
 .bss._ZN7Pokitto7Display3m_hE
                0x10002a86        0x2 .objs\pokitto\pokitto_core\pokittodisplay.o
                0x10002a86                Pokitto::Display::m_h
 .bss._ZN7Pokitto7Display9m_spritesE
                0x10002a88       0x60 .objs\pokitto\pokitto_core\pokittodisplay.o
                0x10002a88                Pokitto::Display::m_sprites
 .bss._ZN7Pokitto7Display17directtextrotatedE
                0x10002ae8        0x1 .objs\pokitto\pokitto_core\pokittodisplay.o
                0x10002ae8                Pokitto::Display::directtextrotated
 *fill*         0x10002ae9        0x1 
 .bss._ZN7Pokitto7Display13directbgcolorE
                0x10002aea        0x2 .objs\pokitto\pokitto_core\pokittodisplay.o
                0x10002aea                Pokitto::Display::directbgcolor
 .bss._ZN7Pokitto7Display6m_modeE
                0x10002aec        0x1 .objs\pokitto\pokitto_core\pokittodisplay.o
                0x10002aec                Pokitto::Display::m_mode
 .bss._ZN7Pokitto5Sound16patternIsPlayingE
                0x10002aed        0x1 .objs\pokitto\pokitto_core\pokittosound.o
                0x10002aed                Pokitto::Sound::patternIsPlaying
 .bss._ZN7Pokitto5Sound19volumeSlideStepSizeE
                0x10002aee        0x1 .objs\pokitto\pokitto_core\pokittosound.o
                0x10002aee                Pokitto::Sound::volumeSlideStepSize
 .bss._ZN7Pokitto5Sound15tremoloStepSizeE
                0x10002aef        0x1 .objs\pokitto\pokitto_core\pokittosound.o
                0x10002aef                Pokitto::Sound::tremoloStepSize
 .bss._chanState
                0x10002af0        0x1 .objs\pokitto\pokitto_core\pokittosound.o
                0x10002af0                _chanState
 .bss._ZN7Pokitto5Sound11notePlayingE
                0x10002af1        0x1 .objs\pokitto\pokitto_core\pokittosound.o
                0x10002af1                Pokitto::Sound::notePlaying
 .bss._ZN7Pokitto5Sound9prescalerE
                0x10002af2        0x1 .objs\pokitto\pokitto_core\pokittosound.o
                0x10002af2                Pokitto::Sound::prescaler
 .bss._ZN7Pokitto5Sound17instrumentLoopingE
                0x10002af3        0x1 .objs\pokitto\pokitto_core\pokittosound.o
                0x10002af3                Pokitto::Sound::instrumentLooping
 .bss._ZN7Pokitto5Sound11chanVolumesE
                0x10002af4        0x1 .objs\pokitto\pokitto_core\pokittosound.o
                0x10002af4                Pokitto::Sound::chanVolumes
 .bss._ZN7Pokitto5Sound9notePitchE
                0x10002af5        0x1 .objs\pokitto\pokitto_core\pokittosound.o
                0x10002af5                Pokitto::Sound::notePitch
 .bss._ZN7Pokitto5Sound15commandsCounterE
                0x10002af6        0x1 .objs\pokitto\pokitto_core\pokittosound.o
                0x10002af6                Pokitto::Sound::commandsCounter
 .bss._chanOutputVolume
                0x10002af7        0x1 .objs\pokitto\pokitto_core\pokittosound.o
                0x10002af7                _chanOutputVolume
 .bss._ZN7Pokitto5Sound12outputVolumeE
                0x10002af8        0x1 .objs\pokitto\pokitto_core\pokittosound.o
                0x10002af8                Pokitto::Sound::outputVolume
 .bss._chanHalfPeriod
                0x10002af9        0x1 .objs\pokitto\pokitto_core\pokittosound.o
                0x10002af9                _chanHalfPeriod
 .bss._ZN7Pokitto5Sound14trackIsPlayingE
                0x10002afa        0x1 .objs\pokitto\pokitto_core\pokittosound.o
                0x10002afa                Pokitto::Sound::trackIsPlaying
 *fill*         0x10002afb        0x1 
 .bss._ZN7Pokitto5Sound11patternDataE
                0x10002afc        0x4 .objs\pokitto\pokitto_core\pokittosound.o
                0x10002afc                Pokitto::Sound::patternData
 .bss._ZN7Pokitto5Sound10stepVolumeE
                0x10002b00        0x1 .objs\pokitto\pokitto_core\pokittosound.o
                0x10002b00                Pokitto::Sound::stepVolume
 .bss._ZN7Pokitto5Sound12noteDurationE
                0x10002b01        0x1 .objs\pokitto\pokitto_core\pokittosound.o
                0x10002b01                Pokitto::Sound::noteDuration
 .bss._ZN7Pokitto5Sound13patternCursorE
                0x10002b02        0x2 .objs\pokitto\pokitto_core\pokittosound.o
                0x10002b02                Pokitto::Sound::patternCursor
 .bss._ZN7Pokitto5Sound16arpeggioStepSizeE
                0x10002b04        0x1 .objs\pokitto\pokitto_core\pokittosound.o
                0x10002b04                Pokitto::Sound::arpeggioStepSize
 *fill*         0x10002b05        0x3 
 .bss._ZN7Pokitto5Sound14instrumentDataE
                0x10002b08        0x4 .objs\pokitto\pokitto_core\pokittosound.o
                0x10002b08                Pokitto::Sound::instrumentData
 .bss._ZN7Pokitto5Sound10patternSetE
                0x10002b0c        0x4 .objs\pokitto\pokitto_core\pokittosound.o
                0x10002b0c                Pokitto::Sound::patternSet
 .bss._soundc   0x10002b10        0x1 .objs\pokitto\pokitto_core\pokittosound.o
                0x10002b10                _soundc
 .bss._ZN7Pokitto5Sound20instrumentNextChangeE
                0x10002b11        0x1 .objs\pokitto\pokitto_core\pokittosound.o
                0x10002b11                Pokitto::Sound::instrumentNextChange
 .bss._chanOutput