Archive member included to satisfy reference by file (symbol)

c:/program files (x86)/embitz/1.11/share/em_armgcc/bin/../lib/gcc/arm-none-eabi/5.4.1/../../../../arm-none-eabi/lib/armv6-m\libm.a(lib_a-s_floor.o)
                              .objs\pokitto\mbed-pokitto\targets\hal\target_nxp\target_lpc11u6x\spi_api.o (floor)
c:/program files (x86)/embitz/1.11/share/em_armgcc/bin/../lib/gcc/arm-none-eabi/5.4.1/../../../../arm-none-eabi/lib/armv6-m\libc_n.a(lib_a-abs.o)
                              .objs\pokitto\mbed-pokitto\targets\hal\target_nxp\target_lpc11u6x\serial_api.o (abs)
c:/program files (x86)/embitz/1.11/share/em_armgcc/bin/../lib/gcc/arm-none-eabi/5.4.1/../../../../arm-none-eabi/lib/armv6-m\libc_n.a(lib_a-errno.o)
                              .objs\pokitto\mbed-pokitto\common\retarget.o (__errno)
c:/program files (x86)/embitz/1.11/share/em_armgcc/bin/../lib/gcc/arm-none-eabi/5.4.1/../../../../arm-none-eabi/lib/armv6-m\libc_n.a(lib_a-fclose.o)
                              .objs\pokitto\mbed-pokitto\common\stream.o (fclose)
c:/program files (x86)/embitz/1.11/share/em_armgcc/bin/../lib/gcc/arm-none-eabi/5.4.1/../../../../arm-none-eabi/lib/armv6-m\libc_n.a(lib_a-fflush.o)
                              c:/program files (x86)/embitz/1.11/share/em_armgcc/bin/../lib/gcc/arm-none-eabi/5.4.1/../../../../arm-none-eabi/lib/armv6-m\libc_n.a(lib_a-fclose.o) (__sflush_r)
c:/program files (x86)/embitz/1.11/share/em_armgcc/bin/../lib/gcc/arm-none-eabi/5.4.1/../../../../arm-none-eabi/lib/armv6-m\libc_n.a(lib_a-fgetc.o)
                              .objs\pokitto\mbed-pokitto\common\retarget.o (fgetc)
c:/program files (x86)/embitz/1.11/share/em_armgcc/bin/../lib/gcc/arm-none-eabi/5.4.1/../../../../arm-none-eabi/lib/armv6-m\libc_n.a(lib_a-fgets.o)
                              .objs\pokitto\mbed-pokitto\common\retarget.o (fgets)
c:/program files (x86)/embitz/1.11/share/em_armgcc/bin/../lib/gcc/arm-none-eabi/5.4.1/../../../../arm-none-eabi/lib/armv6-m\libc_n.a(lib_a-findfp.o)
                              c:/program files (x86)/embitz/1.11/share/em_armgcc/bin/../lib/gcc/arm-none-eabi/5.4.1/../../../../arm-none-eabi/lib/armv6-m\libc_n.a(lib_a-fclose.o) (__sinit)
c:/program files (x86)/embitz/1.11/share/em_armgcc/bin/../lib/gcc/arm-none-eabi/5.4.1/../../../../arm-none-eabi/lib/armv6-m\libc_n.a(lib_a-fopen.o)
                              .objs\pokitto\mbed-pokitto\common\stream.o (fopen)
c:/program files (x86)/embitz/1.11/share/em_armgcc/bin/../lib/gcc/arm-none-eabi/5.4.1/../../../../arm-none-eabi/lib/armv6-m\libc_n.a(lib_a-fputc.o)
                              .objs\pokitto\mbed-pokitto\common\stream.o (fputc)
c:/program files (x86)/embitz/1.11/share/em_armgcc/bin/../lib/gcc/arm-none-eabi/5.4.1/../../../../arm-none-eabi/lib/armv6-m\libc_n.a(lib_a-fputs.o)
                              .objs\pokitto\mbed-pokitto\common\stream.o (fputs)
c:/program files (x86)/embitz/1.11/share/em_armgcc/bin/../lib/gcc/arm-none-eabi/5.4.1/../../../../arm-none-eabi/lib/armv6-m\libc_n.a(lib_a-fseek.o)
                              c:/program files (x86)/embitz/1.11/share/em_armgcc/bin/../lib/gcc/arm-none-eabi/5.4.1/../../../../arm-none-eabi/lib/armv6-m\libc_n.a(lib_a-fopen.o) (_fseek_r)
c:/program files (x86)/embitz/1.11/share/em_armgcc/bin/../lib/gcc/arm-none-eabi/5.4.1/../../../../arm-none-eabi/lib/armv6-m\libc_n.a(lib_a-fseeko.o)
                              c:/program files (x86)/embitz/1.11/share/em_armgcc/bin/../lib/gcc/arm-none-eabi/5.4.1/../../../../arm-none-eabi/lib/armv6-m\libc_n.a(lib_a-fseek.o) (_fseeko_r)
c:/program files (x86)/embitz/1.11/share/em_armgcc/bin/../lib/gcc/arm-none-eabi/5.4.1/../../../../arm-none-eabi/lib/armv6-m\libc_n.a(lib_a-fwalk.o)
                              c:/program files (x86)/embitz/1.11/share/em_armgcc/bin/../lib/gcc/arm-none-eabi/5.4.1/../../../../arm-none-eabi/lib/armv6-m\libc_n.a(lib_a-findfp.o) (_fwalk)
c:/program files (x86)/embitz/1.11/share/em_armgcc/bin/../lib/gcc/arm-none-eabi/5.4.1/../../../../arm-none-eabi/lib/armv6-m\libc_n.a(lib_a-impure.o)
                              c:/program files (x86)/embitz/1.11/share/em_armgcc/bin/../lib/gcc/arm-none-eabi/5.4.1/../../../../arm-none-eabi/lib/armv6-m\libc_n.a(lib_a-fflush.o) (_global_impure_ptr)
c:/program files (x86)/embitz/1.11/share/em_armgcc/bin/../lib/gcc/arm-none-eabi/5.4.1/../../../../arm-none-eabi/lib/armv6-m\libc_n.a(lib_a-init.o)
                              c:/program files (x86)/embitz/1.11/share/em_armgcc/bin/../lib/gcc/arm-none-eabi/5.4.1/../../../../arm-none-eabi/lib/armv6-m/crt0.o (__libc_init_array)
c:/program files (x86)/embitz/1.11/share/em_armgcc/bin/../lib/gcc/arm-none-eabi/5.4.1/../../../../arm-none-eabi/lib/armv6-m\libc_n.a(lib_a-makebuf.o)
                              c:/program files (x86)/embitz/1.11/share/em_armgcc/bin/../lib/gcc/arm-none-eabi/5.4.1/../../../../arm-none-eabi/lib/armv6-m\libc_n.a(lib_a-fseeko.o) (__smakebuf_r)
[...]
Memory Configuration

Name             Origin             Length             Attributes
MFlash256        0x00000000         0x00040000         xr
Ram0_32          0x10000100         0x00007f00         xrw
Ram1_2           0x20000000         0x00000800         xrw
Ram2USB_2        0x20004000         0x00000800         xrw
*default*        0x00000000         0xffffffff

Linker script and memory map

LOAD c:/program files (x86)/embitz/1.11/share/em_armgcc/bin/../lib/gcc/arm-none-eabi/5.4.1/armv6-m/crti.o
LOAD c:/program files (x86)/embitz/1.11/share/em_armgcc/bin/../lib/gcc/arm-none-eabi/5.4.1/armv6-m/crtbegin.o
LOAD c:/program files (x86)/embitz/1.11/share/em_armgcc/bin/../lib/gcc/arm-none-eabi/5.4.1/../../../../arm-none-eabi/lib/armv6-m/crt0.o
                0x00040000                __top_MFlash256 = 0x40000
                0x10008000                __top_Ram0_32 = 0x10008000
                0x20000800                __top_Ram1_2 = 0x20000800
                0x20004800                __top_Ram2USB_2 = 0x20004800

.text           0x00000000     0x6be0
 FILL mask 0xff
                0x00000000                __vectors_start__ = ABSOLUTE (.)
 *(.isr_vector)
 .isr_vector    0x00000000       0xc0 .objs\pokitto\mbed-pokitto\targets\cmsis\target_nxp\target_lpc11u6x\toolchain_gcc_arm\target_lpc11u68\startup_lpc11u68.o
                0x00000000                g_pfnVectors
                0x000000c0                . = ALIGN (0x4)
                0x000000c0                __section_table_start = .
                0x000000c0                __data_section_table = .
                0x000000c0        0x4 LONG 0x6be0 LOADADDR (.data)
                0x000000c4        0x4 LONG 0x10000100 ADDR (.data)
                0x000000c8        0x4 LONG 0x80 SIZEOF (.data)
                0x000000cc        0x4 LONG 0x6be0 LOADADDR (.data_RAM2)
                0x000000d0        0x4 LONG 0x20000000 ADDR (.data_RAM2)
                0x000000d4        0x4 LONG 0x0 SIZEOF (.data_RAM2)
                0x000000d8        0x4 LONG 0x6be0 LOADADDR (.data_RAM3)
                0x000000dc        0x4 LONG 0x20004000 ADDR (.data_RAM3)
                0x000000e0        0x4 LONG 0x0 SIZEOF (.data_RAM3)
                0x000000e4                __data_section_table_end = .
                0x000000e4                __bss_section_table = .
                0x000000e4        0x4 LONG 0x10000180 ADDR (.bss)
                0x000000e8        0x4 LONG 0x2920 SIZEOF (.bss)
                0x000000ec        0x4 LONG 0x20000000 ADDR (.bss_RAM2)
                0x000000f0        0x4 LONG 0x0 SIZEOF (.bss_RAM2)
                0x000000f4        0x4 LONG 0x20004000 ADDR (.bss_RAM3)
                0x000000f8        0x4 LONG 0x0 SIZEOF (.bss_RAM3)
                0x000000fc                __bss_section_table_end = .
                0x000000fc                __section_table_end = .
 *(.after_vectors*)
 .after_vectors
                0x000000fc       0x54 .objs\pokitto\mbed-pokitto\targets\cmsis\target_nxp\target_lpc11u6x\toolchain_gcc_arm\target_lpc11u68\startup_lpc11u68.o
                0x000000fc                ResetISR
 *(.text*)
 .text          0x00000150       0x60 c:/program files (x86)/embitz/1.11/share/em_armgcc/bin/../lib/gcc/arm-none-eabi/5.4.1/armv6-m/crtbegin.o
 .text.startup.main
                0x000001b0       0x28 .objs\main.o
                0x000001b0                main
 .text.startup._GLOBAL__sub_I_mygame
                0x000001d8       0x10 .objs\main.o
 .text.mbed_assert_internal
                0x000001e8       0x14 .objs\pokitto\mbed-pokitto\common\assert.o
                0x000001e8                mbed_assert_internal
 .text.error    0x000001fc        0x6 .objs\pokitto\mbed-pokitto\common\error.o
                0x000001fc                error
 .text._gpio_init_in
                0x00000202       0x22 .objs\pokitto\mbed-pokitto\common\gpio.o
 .text.gpio_init_in
                0x00000224        0xa .objs\pokitto\mbed-pokitto\common\gpio.o
                0x00000224                gpio_init_in
 *fill*         0x0000022e        0x2 ff
 .text._ZN4mbed11InterruptInD2Ev
                0x00000230       0x18 .objs\pokitto\mbed-pokitto\common\interruptin.o
                0x00000230                mbed::InterruptIn::~InterruptIn()
                0x00000230                mbed::InterruptIn::~InterruptIn()
 .text._ZN4mbed11InterruptInD0Ev
                0x00000248       0x12 .objs\pokitto\mbed-pokitto\common\interruptin.o
                0x00000248                mbed::InterruptIn::~InterruptIn()
 *fill*         0x0000025a        0x2 ff
 .text._ZN4mbed11InterruptInC2E7PinName
                0x0000025c       0x48 .objs\pokitto\mbed-pokitto\common\interruptin.o
                0x0000025c                mbed::InterruptIn::InterruptIn(PinName)
                0x0000025c                mbed::InterruptIn::InterruptIn(PinName)
 .text._ZN4mbed11InterruptIn4riseEPFvvE
                0x000002a4       0x1e .objs\pokitto\mbed-pokitto\common\interruptin.o
                0x000002a4                mbed::InterruptIn::rise(void (*)())
 .text._ZN4mbed11InterruptIn4fallEPFvvE
                0x000002c2       0x1c .objs\pokitto\mbed-pokitto\common\interruptin.o
                0x000002c2                mbed::InterruptIn::fall(void (*)())
 .text._ZN4mbed19FunctionPointerArg1IvvE4callEv
                0x000002de       0x20 .objs\pokitto\mbed-pokitto\common\interruptin.o
                0x000002de                mbed::FunctionPointerArg1<void, void>::call()
 .text._ZN4mbed11InterruptIn12_irq_handlerEm14gpio_irq_event
                0x000002fe       0x16 .objs\pokitto\mbed-pokitto\common\interruptin.o
                0x000002fe                mbed::InterruptIn::_irq_handler(unsigned long, gpio_irq_event)
 .text.pinmap_pinout
                0x00000314       0x34 .objs\pokitto\mbed-pokitto\common\pinmap_common.o
                0x00000314                pinmap_pinout
 .text.pinmap_merge
                0x00000348       0x28 .objs\pokitto\mbed-pokitto\common\pinmap_common.o
                0x00000348                pinmap_merge
 .text.pinmap_find_peripheral
                0x00000370       0x16 .objs\pokitto\mbed-pokitto\common\pinmap_common.o
                0x00000370                pinmap_find_peripheral
 *fill*         0x00000386        0x2 ff
 .text.pinmap_peripheral
                0x00000388       0x20 .objs\pokitto\mbed-pokitto\common\pinmap_common.o
                0x00000388                pinmap_peripheral
 .text.mbed_main
                0x000003a8        0x2 .objs\pokitto\mbed-pokitto\common\retarget.o
                0x000003a8                mbed_main
 .text.mbed_sdk_init
                0x000003aa        0x2 .objs\pokitto\mbed-pokitto\common\retarget.o
                0x000003aa                mbed_sdk_init
 .text.__wrap_main
                0x000003ac       0x10 .objs\pokitto\mbed-pokitto\common\retarget.o
                0x000003ac                __wrap_main
 .text._ZN4mbed3SPID2Ev
                0x000003bc        0x2 .objs\pokitto\mbed-pokitto\common\spi.o
                0x000003bc                mbed::SPI::~SPI()
                0x000003bc                mbed::SPI::~SPI()
 .text._ZN4mbed3SPID0Ev
                0x000003be        0xc .objs\pokitto\mbed-pokitto\common\spi.o
                0x000003be                mbed::SPI::~SPI()
 *fill*         0x000003ca        0x2 ff
 .text._ZN4mbed3SPIC2E7PinNameS1_S1_S1_
                0x000003cc       0x48 .objs\pokitto\mbed-pokitto\common\spi.o
                0x000003cc                mbed::SPI::SPI(PinName, PinName, PinName, PinName)
                0x000003cc                mbed::SPI::SPI(PinName, PinName, PinName, PinName)
 .text._ZN4mbed3SPI6aquireEv
                0x00000414       0x2c .objs\pokitto\mbed-pokitto\common\spi.o
                0x00000414                mbed::SPI::aquire()
 .text._ZN4mbed3SPI5writeEi
                0x00000440       0x14 .objs\pokitto\mbed-pokitto\common\spi.o
                0x00000440                mbed::SPI::write(int)
 .text.ticker_irq_handler
                0x00000454       0x44 .objs\pokitto\mbed-pokitto\common\ticker_api.o
                0x00000454                ticker_irq_handler
 .text.us_ticker_irq_handler
                0x00000498       0x10 .objs\pokitto\mbed-pokitto\common\us_ticker_api.o
                0x00000498                us_ticker_irq_handler
 .text.wait_us  0x000004a8       0x16 .objs\pokitto\mbed-pokitto\common\wait_api.o
                0x000004a8                wait_us
 .text.wait_ms  0x000004be        0xe .objs\pokitto\mbed-pokitto\common\wait_api.o
                0x000004be                wait_ms
 .text.NVIC_SetVector
                0x000004cc       0x30 .objs\pokitto\mbed-pokitto\targets\cmsis\target_nxp\target_lpc11u6x\cmsis_nvic.o
                0x000004cc                NVIC_SetVector
 .text.SystemInit
                0x000004fc      0x12c .objs\pokitto\mbed-pokitto\targets\cmsis\target_nxp\target_lpc11u6x\system_lpc11u6x.o
                0x000004fc                SystemInit
 .text.IntDefaultHandler
                0x00000628        0x2 .objs\pokitto\mbed-pokitto\targets\cmsis\target_nxp\target_lpc11u6x\toolchain_gcc_arm\target_lpc11u68\startup_lpc11u68.o
                0x00000628                TIMER16_0_IRQHandler
                0x00000628                I2C0_IRQHandler
                0x00000628                I2C1_IRQHandler
                0x00000628                TIMER32_0_IRQHandler
                0x00000628                ADCB_IRQHandler
                0x00000628                SCT0_1_IRQHandler
                0x00000628                TIMER32_1_IRQHandler
                0x00000628                PIN_INT6_IRQHandler
                0x00000628                IntDefaultHandler
                0x00000628                PIN_INT4_IRQHandler
                0x00000628                SSP0_IRQHandler
                0x00000628                RTC_IRQHandler
                0x00000628                USBWakeup_IRQHandler
                0x00000628                USART0_IRQHandler
                0x00000628                PIN_INT5_IRQHandler
                0x00000628                PIN_INT2_IRQHandler
                0x00000628                TIMER16_1_IRQHandler
                0x00000628                USB_FIQHandler
                0x00000628                USART1_4_IRQHandler
                0x00000628                SSP1_IRQHandler
                0x00000628                PIN_INT7_IRQHandler
                0x00000628                BOD_WDT_IRQHandler
                0x00000628                PIN_INT1_IRQHandler
                0x00000628                USB_IRQHandler
                0x00000628                USART2_3_IRQHandler
                0x00000628                PIN_INT0_IRQHandler
                0x00000628                GINT0_IRQHandler
                0x00000628                DMA_IRQHandler
                0x00000628                PIN_INT3_IRQHandler
                0x00000628                FMC_IRQHandler
                0x00000628                GINT1_IRQHandler
                0x00000628                ADCA_IRQHandler
 .text.NMI_Handler
                0x0000062a        0x2 .objs\pokitto\mbed-pokitto\targets\cmsis\target_nxp\target_lpc11u6x\toolchain_gcc_arm\target_lpc11u68\startup_lpc11u68.o
                0x0000062a                NMI_Handler
 .text.HardFault_Handler
                0x0000062c        0x2 .objs\pokitto\mbed-pokitto\targets\cmsis\target_nxp\target_lpc11u6x\toolchain_gcc_arm\target_lpc11u68\startup_lpc11u68.o
                0x0000062c                HardFault_Handler
 .text.SVC_Handler
                0x0000062e        0x2 .objs\pokitto\mbed-pokitto\targets\cmsis\target_nxp\target_lpc11u6x\toolchain_gcc_arm\target_lpc11u68\startup_lpc11u68.o
                0x0000062e                SVC_Handler
 .text.PendSV_Handler
                0x00000630        0x2 .objs\pokitto\mbed-pokitto\targets\cmsis\target_nxp\target_lpc11u6x\toolchain_gcc_arm\target_lpc11u68\startup_lpc11u68.o
                0x00000630                PendSV_Handler
 .text.data_init
                0x00000632       0x12 .objs\pokitto\mbed-pokitto\targets\cmsis\target_nxp\target_lpc11u6x\toolchain_gcc_arm\target_lpc11u68\startup_lpc11u68.o
                0x00000632                data_init
 .text.bss_init
                0x00000644       0x10 .objs\pokitto\mbed-pokitto\targets\cmsis\target_nxp\target_lpc11u6x\toolchain_gcc_arm\target_lpc11u68\startup_lpc11u68.o
                0x00000644                bss_init
 .text.__aeabi_atexit
                0x00000654        0x4 .objs\pokitto\mbed-pokitto\targets\cmsis\target_nxp\target_lpc11u6x\toolchain_gcc_arm\target_lpc11u68\startup_lpc11u68.o
                0x00000654                __aeabi_atexit
 .text._ZdlPv   0x00000658        0x8 .objs\pokitto\mbed-pokitto\targets\cmsis\target_nxp\target_lpc11u6x\toolchain_gcc_arm\target_lpc11u68\startup_lpc11u68.o
                0x00000658                operator delete(void*)
 .text.gpio_set
                0x00000660       0x94 .objs\pokitto\mbed-pokitto\targets\hal\target_nxp\target_lpc11u6x\gpio_api.o
                0x00000660                gpio_set
 .text.gpio_init
                0x000006f4       0x44 .objs\pokitto\mbed-pokitto\targets\hal\target_nxp\target_lpc11u6x\gpio_api.o
                0x000006f4                gpio_init
 .text.gpio_mode
                0x00000738        0xa .objs\pokitto\mbed-pokitto\targets\hal\target_nxp\target_lpc11u6x\gpio_api.o
                0x00000738                gpio_mode
 *fill*         0x00000742        0x2 ff
 .text.gpio_dir
                0x00000744       0x3c .objs\pokitto\mbed-pokitto\targets\hal\target_nxp\target_lpc11u6x\gpio_api.o
                0x00000744                gpio_dir
 .text.handle_interrupt_in
                0x00000780       0x64 .objs\pokitto\mbed-pokitto\targets\hal\target_nxp\target_lpc11u6x\gpio_irq_api.o
 .text.gpio_irq0
                0x000007e4        0xa .objs\pokitto\mbed-pokitto\targets\hal\target_nxp\target_lpc11u6x\gpio_irq_api.o
                0x000007e4                gpio_irq0
 .text.gpio_irq1
                0x000007ee        0xa .objs\pokitto\mbed-pokitto\targets\hal\target_nxp\target_lpc11u6x\gpio_irq_api.o
                0x000007ee                gpio_irq1
 .text.gpio_irq2
                0x000007f8        0xa .objs\pokitto\mbed-pokitto\targets\hal\target_nxp\target_lpc11u6x\gpio_irq_api.o
                0x000007f8                gpio_irq2
 .text.gpio_irq3
                0x00000802        0xa .objs\pokitto\mbed-pokitto\targets\hal\target_nxp\target_lpc11u6x\gpio_irq_api.o
                0x00000802                gpio_irq3
 .text.gpio_irq4
                0x0000080c        0xa .objs\pokitto\mbed-pokitto\targets\hal\target_nxp\target_lpc11u6x\gpio_irq_api.o
                0x0000080c                gpio_irq4
 .text.gpio_irq5
                0x00000816        0xa .objs\pokitto\mbed-pokitto\targets\hal\target_nxp\target_lpc11u6x\gpio_irq_api.o
                0x00000816                gpio_irq5
 .text.gpio_irq6
                0x00000820        0xa .objs\pokitto\mbed-pokitto\targets\hal\target_nxp\target_lpc11u6x\gpio_irq_api.o
                0x00000820                gpio_irq6
 .text.gpio_irq7
                0x0000082a        0xa .objs\pokitto\mbed-pokitto\targets\hal\target_nxp\target_lpc11u6x\gpio_irq_api.o
                0x0000082a                gpio_irq7
 .text.gpio_irq_init
                0x00000834       0xc4 .objs\pokitto\mbed-pokitto\targets\hal\target_nxp\target_lpc11u6x\gpio_irq_api.o
                0x00000834                gpio_irq_init
 .text.gpio_irq_free
                0x000008f8       0x28 .objs\pokitto\mbed-pokitto\targets\hal\target_nxp\target_lpc11u6x\gpio_irq_api.o
                0x000008f8                gpio_irq_free
 .text.gpio_irq_set
                0x00000920       0x4c .objs\pokitto\mbed-pokitto\targets\hal\target_nxp\target_lpc11u6x\gpio_irq_api.o
                0x00000920                gpio_irq_set
 .text.pin_function
                0x0000096c       0x38 .objs\pokitto\mbed-pokitto\targets\hal\target_nxp\target_lpc11u6x\pinmap.o
                0x0000096c                pin_function
 .text.pin_mode
                0x000009a4       0x5c .objs\pokitto\mbed-pokitto\targets\hal\target_nxp\target_lpc11u6x\pinmap.o
                0x000009a4                pin_mode
 .text.pwmout_write
                0x00000a00       0x46 .objs\pokitto\mbed-pokitto\targets\hal\target_nxp\target_lpc11u6x\pwmout_api.o
                0x00000a00                pwmout_write
 .text.pwmout_period_us
                0x00000a46       0x42 .objs\pokitto\mbed-pokitto\targets\hal\target_nxp\target_lpc11u6x\pwmout_api.o
                0x00000a46                pwmout_period_us
 .text.pwmout_init
                0x00000a88      0x18c .objs\pokitto\mbed-pokitto\targets\hal\target_nxp\target_lpc11u6x\pwmout_api.o
                0x00000a88                pwmout_init
 .text.spi_init
                0x00000c14      0x100 .objs\pokitto\mbed-pokitto\targets\hal\target_nxp\target_lpc11u6x\spi_api.o
                0x00000c14                spi_init
 .text.spi_format
                0x00000d14       0x6c .objs\pokitto\mbed-pokitto\targets\hal\target_nxp\target_lpc11u6x\spi_api.o
                0x00000d14                spi_format
 .text.spi_frequency
                0x00000d80       0x88 .objs\pokitto\mbed-pokitto\targets\hal\target_nxp\target_lpc11u6x\spi_api.o
                0x00000d80                spi_frequency
 .text.spi_master_write
                0x00000e08       0x18 .objs\pokitto\mbed-pokitto\targets\hal\target_nxp\target_lpc11u6x\spi_api.o
                0x00000e08                spi_master_write
 .text.us_ticker_init
                0x00000e20       0x60 .objs\pokitto\mbed-pokitto\targets\hal\target_nxp\target_lpc11u6x\us_ticker.o
                0x00000e20                us_ticker_init
 .text.us_ticker_read
                0x00000e80       0x1c .objs\pokitto\mbed-pokitto\targets\hal\target_nxp\target_lpc11u6x\us_ticker.o
                0x00000e80                us_ticker_read
 .text.us_ticker_set_interrupt
                0x00000e9c       0x14 .objs\pokitto\mbed-pokitto\targets\hal\target_nxp\target_lpc11u6x\us_ticker.o
                0x00000e9c                us_ticker_set_interrupt
 .text.us_ticker_disable_interrupt
                0x00000eb0       0x10 .objs\pokitto\mbed-pokitto\targets\hal\target_nxp\target_lpc11u6x\us_ticker.o
                0x00000eb0                us_ticker_disable_interrupt
 .text.us_ticker_clear_interrupt
                0x00000ec0        0xc .objs\pokitto\mbed-pokitto\targets\hal\target_nxp\target_lpc11u6x\us_ticker.o
                0x00000ec0                us_ticker_clear_interrupt
 .text._ZN7Pokitto9Backlight5beginEv
                0x00000ecc        0x2 .objs\pokitto\pokitto_core\pokittobacklight.o
                0x00000ecc                Pokitto::Backlight::begin()
 .text._ZN7Pokitto9Backlight3setEh
                0x00000ece        0x2 .objs\pokitto\pokitto_core\pokittobacklight.o
                0x00000ece                Pokitto::Backlight::set(unsigned char)
 .text._ZN7Pokitto9Backlight6updateEv
                0x00000ed0        0x2 .objs\pokitto\pokitto_core\pokittobacklight.o
                0x00000ed0                Pokitto::Backlight::update()
 .text._ZN7Pokitto7Battery5beginEv
                0x00000ed2        0x2 .objs\pokitto\pokitto_core\pokittobattery.o
                0x00000ed2                Pokitto::Battery::begin()
 .text._ZN7Pokitto7Battery6updateEv
                0x00000ed4        0xc .objs\pokitto\pokitto_core\pokittobattery.o
                0x00000ed4                Pokitto::Battery::update()
 .text._ZN7Pokitto7Buttons5beginEv
                0x00000ee0        0x8 .objs\pokitto\pokitto_core\pokittobuttons.o
                0x00000ee0                Pokitto::Buttons::begin()
 .text._ZN7Pokitto7Buttons6updateEv
                0x00000ee8       0x38 .objs\pokitto\pokitto_core\pokittobuttons.o
                0x00000ee8                Pokitto::Buttons::update()
 .text._ZN7Pokitto7Buttons11pollButtonsEv
                0x00000f20       0x8c .objs\pokitto\pokitto_core\pokittobuttons.o
                0x00000f20                Pokitto::Buttons::pollButtons()
 .text._ZN7Pokitto7Buttons4aBtnEv
                0x00000fac        0xc .objs\pokitto\pokitto_core\pokittobuttons.o
                0x00000fac                Pokitto::Buttons::aBtn()
 .text._ZN7Pokitto7ConsoleC2Ev
                0x00000fb8       0x48 .objs\pokitto\pokitto_core\pokittoconsole.o
                0x00000fb8                Pokitto::Console::Console()
                0x00000fb8                Pokitto::Console::Console()
 .text.startup._GLOBAL__sub_I_pConsole
                0x00001000       0x10 .objs\pokitto\pokitto_core\pokittoconsole.o
 .text._Z17start_applicationm
                0x00001010       0xb8 .objs\pokitto\pokitto_core\pokittocore.o
                0x00001010                start_application(unsigned long)
 .text._ZN7Pokitto4CoreC2Ev
                0x000010c8        0x2 .objs\pokitto\pokitto_core\pokittocore.o
                0x000010c8                Pokitto::Core::Core()
                0x000010c8                Pokitto::Core::Core()
 *fill*         0x000010ca        0x2 ff
 .text._ZN7Pokitto4Core12jumpToLoaderEv
                0x000010cc       0x7c .objs\pokitto\pokitto_core\pokittocore.o
                0x000010cc                Pokitto::Core::jumpToLoader()
 .text._ZN7Pokitto4Core9askLoaderEv
                0x00001148      0x158 .objs\pokitto\pokitto_core\pokittocore.o
                0x00001148                Pokitto::Core::askLoader()
 .text._ZN7Pokitto4Core10drawvolbarEiiib
                0x000012a0      0x1dc .objs\pokitto\pokitto_core\pokittocore.o
                0x000012a0                Pokitto::Core::drawvolbar(int, int, int, bool)
 .text._ZN7Pokitto4Core11setVolLimitEv
                0x0000147c      0x29c .objs\pokitto\pokitto_core\pokittocore.o
                0x0000147c                Pokitto::Core::setVolLimit()
 .text._ZN7Pokitto4Core4initEv
                0x00001718       0x30 .objs\pokitto\pokitto_core\pokittocore.o
                0x00001718                Pokitto::Core::init()
 .text._ZN7Pokitto4Core9isRunningEv
                0x00001748        0xc .objs\pokitto\pokitto_core\pokittocore.o
                0x00001748                Pokitto::Core::isRunning()
 .text._ZN7Pokitto4Core8showLogoEv
                0x00001754       0xb8 .objs\pokitto\pokitto_core\pokittocore.o
                0x00001754                Pokitto::Core::showLogo()
 .text._ZN7Pokitto4Core12readSettingsEv
                0x0000180c       0x20 .objs\pokitto\pokitto_core\pokittocore.o
                0x0000180c                Pokitto::Core::readSettings()
 .text._ZN7Pokitto4Core5beginEv
                0x0000182c       0xa4 .objs\pokitto\pokitto_core\pokittocore.o
                0x0000182c                Pokitto::Core::begin()
 .text._ZN7Pokitto4Core14displayBatteryEv
                0x000018d0       0xc8 .objs\pokitto\pokitto_core\pokittocore.o
                0x000018d0                Pokitto::Core::displayBattery()
 .text._ZN7Pokitto4Core11updatePopupEv
                0x00001998       0x98 .objs\pokitto\pokitto_core\pokittocore.o
                0x00001998                Pokitto::Core::updatePopup()
 .text._ZN7Pokitto4Core6updateEb
                0x00001a30       0x74 .objs\pokitto\pokitto_core\pokittocore.o
                0x00001a30                Pokitto::Core::update(bool)
 .text.startup._GLOBAL__sub_I_selectedfile
                0x00001aa4       0x10 .objs\pokitto\pokitto_core\pokittocore.o
 .text.startup._GLOBAL__sub_I_res
                0x00001ab4       0x38 .objs\pokitto\pokitto_core\pokittodisk.o
 .text._ZN7Pokitto7Display8clearLCDEv
                0x00001aec       0x1c .objs\pokitto\pokitto_core\pokittodisplay.o
                0x00001aec                Pokitto::Display::clearLCD()
 .text._ZN7Pokitto7Display7fillLCDEt
                0x00001b08        0x8 .objs\pokitto\pokitto_core\pokittodisplay.o
                0x00001b08                Pokitto::Display::fillLCD(unsigned short)
 .text._ZN7Pokitto7Display15directRectangleEsssst
                0x00001b10        0xe .objs\pokitto\pokitto_core\pokittodisplay.o
                0x00001b10                Pokitto::Display::directRectangle(short, short, short, short, unsigned short)
 .text._ZN7Pokitto7Display5beginEv
                0x00001b1e        0x8 .objs\pokitto\pokitto_core\pokittodisplay.o
                0x00001b1e                Pokitto::Display::begin()
 *fill*         0x00001b26        0x2 ff
 .text._ZN7Pokitto7Display9setCursorEss
                0x00001b28       0x14 .objs\pokitto\pokitto_core\pokittodisplay.o
                0x00001b28                Pokitto::Display::setCursor(short, short)
 .text._ZN7Pokitto7Display12directBitmapEssPKhhh
                0x00001b3c      0x234 .objs\pokitto\pokitto_core\pokittodisplay.o
                0x00001b3c                Pokitto::Display::directBitmap(short, short, unsigned char const*, unsigned char, unsigned char)
 .text._ZN7Pokitto7Display10directCharEsst
                0x00001d70      0x154 .objs\pokitto\pokitto_core\pokittodisplay.o
                0x00001d70                Pokitto::Display::directChar(short, short, unsigned short)
 .text._ZN7Pokitto7Display5clearEv
                0x00001ec4       0x60 .objs\pokitto\pokitto_core\pokittodisplay.o
                0x00001ec4                Pokitto::Display::clear()
 .text._ZN7Pokitto7Display6updateEv
                0x00001f24       0x28 .objs\pokitto\pokitto_core\pokittodisplay.o
                0x00001f24                Pokitto::Display::update()
 .text._ZN7Pokitto7Display17setDefaultPaletteEv
                0x00001f4c       0x10 .objs\pokitto\pokitto_core\pokittodisplay.o
                0x00001f4c                Pokitto::Display::setDefaultPalette()
 .text._ZN7Pokitto7Display8setColorEh
                0x00001f5c       0x10 .objs\pokitto\pokitto_core\pokittodisplay.o
                0x00001f5c                Pokitto::Display::setColor(unsigned char)
 .text._ZN7Pokitto7Display9drawPixelEssh
                0x00001f6c       0x80 .objs\pokitto\pokitto_core\pokittodisplay.o
                0x00001f6c                Pokitto::Display::drawPixel(short, short, unsigned char)
 .text._ZN7Pokitto7Display10bufferCharEsst
                0x00001fec       0xb4 .objs\pokitto\pokitto_core\pokittodisplay.o
                0x00001fec                Pokitto::Display::bufferChar(short, short, unsigned short)
 .text._ZN7Pokitto7Display9drawPixelEss
                0x000020a0       0x74 .objs\pokitto\pokitto_core\pokittodisplay.o
                0x000020a0                Pokitto::Display::drawPixel(short, short)
 .text._ZN7Pokitto7Display10drawColumnEsss
                0x00002114       0x48 .objs\pokitto\pokitto_core\pokittodisplay.o
                0x00002114                Pokitto::Display::drawColumn(short, short, short)
 .text._ZN7Pokitto7Display7drawRowEsss
                0x0000215c       0x48 .objs\pokitto\pokitto_core\pokittodisplay.o
                0x0000215c                Pokitto::Display::drawRow(short, short, short)
 .text._ZN7Pokitto7Display13drawFastVLineEsss
                0x000021a4       0x1a .objs\pokitto\pokitto_core\pokittodisplay.o
                0x000021a4                Pokitto::Display::drawFastVLine(short, short, short)
 .text._ZN7Pokitto7Display13drawFastHLineEsss
                0x000021be       0x20 .objs\pokitto\pokitto_core\pokittodisplay.o
                0x000021be                Pokitto::Display::drawFastHLine(short, short, short)
 .text._ZN7Pokitto7Display13drawRectangleEssss
                0x000021de       0x36 .objs\pokitto\pokitto_core\pokittodisplay.o
                0x000021de                Pokitto::Display::drawRectangle(short, short, short, short)
 .text._ZN7Pokitto7Display13fillRectangleEssss
                0x00002214       0x7c .objs\pokitto\pokitto_core\pokittodisplay.o
                0x00002214                Pokitto::Display::fillRectangle(short, short, short, short)
 .text._ZN7Pokitto7Display6scrollEs
                0x00002290      0x11c .objs\pokitto\pokitto_core\pokittodisplay.o
                0x00002290                Pokitto::Display::scroll(short)
 .text._ZN7Pokitto7Display16drawCircleHelperEssst
                0x000023ac       0xfe .objs\pokitto\pokitto_core\pokittodisplay.o
                0x000023ac                Pokitto::Display::drawCircleHelper(short, short, short, unsigned short)
 .text._ZN7Pokitto7Display16fillCircleHelperEsssts
                0x000024aa       0xf8 .objs\pokitto\pokitto_core\pokittodisplay.o
                0x000024aa                Pokitto::Display::fillCircleHelper(short, short, short, unsigned short, short)
 .text._ZN7Pokitto7Display13drawRoundRectEsssss
                0x000025a2       0xcc .objs\pokitto\pokitto_core\pokittodisplay.o
                0x000025a2                Pokitto::Display::drawRoundRect(short, short, short, short, short)
 .text._ZN7Pokitto7Display13fillRoundRectEsssss
                0x0000266e       0x78 .objs\pokitto\pokitto_core\pokittodisplay.o
                0x0000266e                Pokitto::Display::fillRoundRect(short, short, short, short, short)
 *fill*         0x000026e6        0x2 ff
 .text._ZN7Pokitto7Display7setFontEPKh
                0x000026e8       0x24 .objs\pokitto\pokitto_core\pokittodisplay.o
                0x000026e8                Pokitto::Display::setFont(unsigned char const*)
 .text._ZN7Pokitto7DisplayC2Ev
                0x0000270c       0x60 .objs\pokitto\pokitto_core\pokittodisplay.o
                0x0000270c                Pokitto::Display::Display()
                0x0000270c                Pokitto::Display::Display()
 .text._ZN7Pokitto7Display10print_charEhhh
                0x0000276c       0x2c .objs\pokitto\pokitto_core\pokittodisplay.o
                0x0000276c                Pokitto::Display::print_char(unsigned char, unsigned char, unsigned char)
 .text._ZN7Pokitto7Display23isDirectPrintingEnabledEv
                0x00002798       0x10 .objs\pokitto\pokitto_core\pokittodisplay.o
                0x00002798                Pokitto::Display::isDirectPrintingEnabled()
 .text._ZN7Pokitto7Display20enableDirectPrintingEh
                0x000027a8       0x3c .objs\pokitto\pokitto_core\pokittodisplay.o
                0x000027a8                Pokitto::Display::enableDirectPrinting(unsigned char)
 .text._ZN7Pokitto7Display11inc_txtlineEv
                0x000027e4       0x40 .objs\pokitto\pokitto_core\pokittodisplay.o
                0x000027e4                Pokitto::Display::inc_txtline()
 .text._ZN7Pokitto7Display5writeEh
                0x00002824       0xc8 .objs\pokitto\pokitto_core\pokittodisplay.o
                0x00002824                Pokitto::Display::write(unsigned char)
 .text._ZN7Pokitto7Display5writeEPKc
                0x000028ec       0x14 .objs\pokitto\pokitto_core\pokittodisplay.o
                0x000028ec                Pokitto::Display::write(char const*)
 .text._ZN7Pokitto7Display5printEPKc
                0x00002900        0x8 .objs\pokitto\pokitto_core\pokittodisplay.o
                0x00002900                Pokitto::Display::print(char const*)
 .text._ZN7Pokitto7Display7printlnEv
                0x00002908       0x10 .objs\pokitto\pokitto_core\pokittodisplay.o
                0x00002908                Pokitto::Display::println()
 .text._ZN7Pokitto7Display7printlnEPKc
                0x00002918        0xc .objs\pokitto\pokitto_core\pokittodisplay.o
                0x00002918                Pokitto::Display::println(char const*)
 .text._ZN7Pokitto7Display10set_cursorEhh
                0x00002924       0x14 .objs\pokitto\pokitto_core\pokittodisplay.o
                0x00002924                Pokitto::Display::set_cursor(unsigned char, unsigned char)
 .text._ZN7Pokitto7Display11printNumberEmh
                0x00002938       0x54 .objs\pokitto\pokitto_core\pokittodisplay.o
                0x00002938                Pokitto::Display::printNumber(unsigned long, unsigned char)
 .text._ZN7Pokitto7Display5printEli.part.4
                0x0000298c       0x18 .objs\pokitto\pokitto_core\pokittodisplay.o
 .text._ZN7Pokitto7Display5printEli
                0x000029a4       0x20 .objs\pokitto\pokitto_core\pokittodisplay.o
                0x000029a4                Pokitto::Display::print(long, int)
 .text._ZN7Pokitto7Display5printEci
                0x000029c4        0x8 .objs\pokitto\pokitto_core\pokittodisplay.o
                0x000029c4                Pokitto::Display::print(char, int)
 .text._ZN7Pokitto7Display5printEii
                0x000029cc        0x8 .objs\pokitto\pokitto_core\pokittodisplay.o
                0x000029cc                Pokitto::Display::print(int, int)
 .text._ZN7Pokitto7Display5printEhhii
                0x000029d4       0x1c .objs\pokitto\pokitto_core\pokittodisplay.o
                0x000029d4                Pokitto::Display::print(unsigned char, unsigned char, int, int)
 .text.startup._GLOBAL__sub_I_core
                0x000029f0       0x10 .objs\pokitto\pokitto_core\pokittodisplay.o
 .text._ZN7Pokitto7Display8RGBto565Ehhh
                0x00002a00       0x10 .objs\pokitto\pokitto_core\pokittopalette.o
                0x00002a00                Pokitto::Display::RGBto565(unsigned char, unsigned char, unsigned char)
 .text._ZN7Pokitto7Display14loadRGBPaletteEPKh
                0x00002a10       0x2c .objs\pokitto\pokitto_core\pokittopalette.o
                0x00002a10                Pokitto::Display::loadRGBPalette(unsigned char const*)
 .text._ZN7Pokitto7Display16interpolateColorEtth
                0x00002a3c       0x5c .objs\pokitto\pokitto_core\pokittopalette.o
                0x00002a3c                Pokitto::Display::interpolateColor(unsigned short, unsigned short, unsigned char)
 .text._ZN7Pokitto5Sound11stopPatternEv
                0x00002a98        0x2 .objs\pokitto\pokitto_core\pokittosound.o
                0x00002a98                Pokitto::Sound::stopPattern()
 *fill*         0x00002a9a        0x2 ff
 .text._ZN7Pokitto5Sound9setVolumeEs
                0x00002a9c       0x24 .objs\pokitto\pokitto_core\pokittosound.o
                0x00002a9c                Pokitto::Sound::setVolume(short)
 .text._ZN7Pokitto5Sound9setMaxVolEs
                0x00002ac0       0x28 .objs\pokitto\pokitto_core\pokittosound.o
                0x00002ac0                Pokitto::Sound::setMaxVol(short)
 .text._ZN7Pokitto5Sound8volumeUpEv
                0x00002ae8       0x1c .objs\pokitto\pokitto_core\pokittosound.o
                0x00002ae8                Pokitto::Sound::volumeUp()
 .text._ZN7Pokitto5Sound10volumeDownEv
                0x00002b04       0x1c .objs\pokitto\pokitto_core\pokittosound.o
                0x00002b04                Pokitto::Sound::volumeDown()
 .text._ZN7Pokitto5Sound9getVolumeEv
                0x00002b20        0xc .objs\pokitto\pokitto_core\pokittosound.o
                0x00002b20                Pokitto::Sound::getVolume()
 .text.startup._GLOBAL__sub_I_c
                0x00002b2c       0x10 .objs\pokitto\pokitto_core\pokittosound.o
 .text._Z8APressedv
                0x00002b3c        0xc .objs\pokitto\pokitto_hw\hwbuttons.o
                0x00002b3c                APressed()
 .text._Z9AReleasedv
                0x00002b48        0xc .objs\pokitto\pokitto_hw\hwbuttons.o
                0x00002b48                AReleased()
 .text._Z8BPressedv
                0x00002b54        0xc .objs\pokitto\pokitto_hw\hwbuttons.o
                0x00002b54                BPressed()
 .text._Z9BReleasedv
                0x00002b60        0xc .objs\pokitto\pokitto_hw\hwbuttons.o
                0x00002b60                BReleased()
 .text._Z8CPressedv
                0x00002b6c        0xc .objs\pokitto\pokitto_hw\hwbuttons.o
                0x00002b6c                CPressed()
 .text._Z9CReleasedv
                0x00002b78        0xc .objs\pokitto\pokitto_hw\hwbuttons.o
                0x00002b78                CReleased()
 .text._Z8UPressedv
                0x00002b84        0xc .objs\pokitto\pokitto_hw\hwbuttons.o
                0x00002b84                UPressed()
 .text._Z9UReleasedv
                0x00002b90        0xc .objs\pokitto\pokitto_hw\hwbuttons.o
                0x00002b90                UReleased()
 .text._Z8DPressedv
                0x00002b9c        0xc .objs\pokitto\pokitto_hw\hwbuttons.o
                0x00002b9c                DPressed()
 .text._Z9DReleasedv
                0x00002ba8        0xc .objs\pokitto\pokitto_hw\hwbuttons.o
                0x00002ba8                DReleased()
 .text._Z9RReleasedv
                0x00002bb4        0xc .objs\pokitto\pokitto_hw\hwbuttons.o
                0x00002bb4                RReleased()
 .text._Z9LReleasedv
                0x00002bc0        0xc .objs\pokitto\pokitto_hw\hwbuttons.o
                0x00002bc0                LReleased()
 .text._Z8RPressedv
                0x00002bcc       0x1c .objs\pokitto\pokitto_hw\hwbuttons.o
                0x00002bcc                RPressed()
 .text._Z8LPressedv
                0x00002be8       0x1c .objs\pokitto\pokitto_hw\hwbuttons.o
                0x00002be8                LPressed()
 .text._ZN7Pokitto11initButtonsEv
                0x00002c04       0xd8 .objs\pokitto\pokitto_hw\hwbuttons.o
                0x00002c04                Pokitto::initButtons()
 .text._ZN7Pokitto4Core4aBtnEv
                0x00002cdc        0xc .objs\pokitto\pokitto_hw\hwbuttons.o
                0x00002cdc                Pokitto::Core::aBtn()
 .text._ZN7Pokitto4Core4bBtnEv
                0x00002ce8        0xc .objs\pokitto\pokitto_hw\hwbuttons.o
                0x00002ce8                Pokitto::Core::bBtn()
 .text._ZN7Pokitto4Core4cBtnEv
                0x00002cf4        0xc .objs\pokitto\pokitto_hw\hwbuttons.o
                0x00002cf4                Pokitto::Core::cBtn()
 .text._ZN7Pokitto4Core7leftBtnEv
                0x00002d00        0xc .objs\pokitto\pokitto_hw\hwbuttons.o
                0x00002d00                Pokitto::Core::leftBtn()
 .text._ZN7Pokitto4Core8rightBtnEv
                0x00002d0c        0xc .objs\pokitto\pokitto_hw\hwbuttons.o
                0x00002d0c                Pokitto::Core::rightBtn()
 .text.startup._GLOBAL__sub_I__s
                0x00002d18       0xe0 .objs\pokitto\pokitto_hw\hwbuttons.o
 .text._ZL13setup_data_16t
                0x00002df8       0x30 .objs\pokitto\pokitto_hw\hwlcd.o
 .text._Z16write_command_16t
                0x00002e28       0x34 .objs\pokitto\pokitto_hw\hwlcd.o
                0x00002e28                write_command_16(unsigned short)
 .text._Z13write_data_16t
                0x00002e5c       0x34 .objs\pokitto\pokitto_hw\hwlcd.o
                0x00002e5c                write_data_16(unsigned short)
 .text._ZL10setDRAMptrhh.constprop.0
                0x00002e90       0x44 .objs\pokitto\pokitto_hw\hwlcd.o
 .text._ZN7Pokitto13initBacklightEv
                0x00002ed4       0x2c .objs\pokitto\pokitto_hw\hwlcd.o
                0x00002ed4                Pokitto::initBacklight()
 .text._ZN7Pokitto14lcdFillSurfaceEt
                0x00002f00       0x64 .objs\pokitto\pokitto_hw\hwlcd.o
                0x00002f00                Pokitto::lcdFillSurface(unsigned short)
 .text._ZN7Pokitto8lcdClearEv
                0x00002f64       0x60 .objs\pokitto\pokitto_hw\hwlcd.o
                0x00002f64                Pokitto::lcdClear()
 .text._ZN7Pokitto7lcdInitEv
                0x00002fc4      0x218 .objs\pokitto\pokitto_hw\hwlcd.o
                0x00002fc4                Pokitto::lcdInit()
 .text._ZN7Pokitto8lcdPixelEsst
                0x000031dc       0x64 .objs\pokitto\pokitto_hw\hwlcd.o
                0x000031dc                Pokitto::lcdPixel(short, short, unsigned short)
 .text._ZN7Pokitto12lcdRectangleEsssst
                0x00003240       0xc8 .objs\pokitto\pokitto_hw\hwlcd.o
                0x00003240                Pokitto::lcdRectangle(short, short, short, short, unsigned short)
 .text._ZN7Pokitto15lcdRefreshMode1EPhPt
                0x00003308      0x30c .objs\pokitto\pokitto_hw\hwlcd.o
                0x00003308                Pokitto::lcdRefreshMode1(unsigned char*, unsigned short*)
 .text.SysTick_Handler
                0x00003614       0x10 .objs\pokitto\pokitto_hw\pokittoclock.o
                0x00003614                SysTick_Handler
 .text._ZN7Pokitto4Core9initClockEv
                0x00003624       0x20 .objs\pokitto\pokitto_hw\pokittoclock.o
                0x00003624                Pokitto::Core::initClock()
 .text._ZN7Pokitto4Core7getTimeEv
                0x00003644        0xc .objs\pokitto\pokitto_hw\pokittoclock.o
                0x00003644                Pokitto::Core::getTime()
 .text._ZN7Pokitto4Core10initRandomEv
                0x00003650        0x2 .objs\pokitto\pokitto_hw\pokittohw.o
                0x00003650                Pokitto::Core::initRandom()
 *fill*         0x00003652        0x2 ff
 .text._ZN7Pokitto4Core8initGPIOEv
                0x00003654      0x108 .objs\pokitto\pokitto_hw\pokittohw.o
                0x00003654                Pokitto::Core::initGPIO()
 .text.startup._GLOBAL__sub_I_playing
                0x0000375c       0x2c .objs\pokitto\pokitto_libs\synth\synth.o
 .text.floor    0x00003788      0x130 c:/program files (x86)/embitz/1.11/share/em_armgcc/bin/../lib/gcc/arm-none-eabi/5.4.1/../../../../arm-none-eabi/lib/armv6-m\libm.a(lib_a-s_floor.o)
                0x00003788                floor
 .text.__libc_init_array
                0x000038b8       0x4c c:/program files (x86)/embitz/1.11/share/em_armgcc/bin/../lib/gcc/arm-none-eabi/5.4.1/../../../../arm-none-eabi/lib/armv6-m\libc_n.a(lib_a-init.o)
                0x000038b8                __libc_init_array
 .text.free     0x00003904       0x14 c:/program files (x86)/embitz/1.11/share/em_armgcc/bin/../lib/gcc/arm-none-eabi/5.4.1/../../../../arm-none-eabi/lib/armv6-m\libc_n.a(lib_a-malloc.o)
                0x00003904                free
 .text.memset   0x00003918       0x10 c:/program files (x86)/embitz/1.11/share/em_armgcc/bin/../lib/gcc/arm-none-eabi/5.4.1/../../../../arm-none-eabi/lib/armv6-m\libc_n.a(lib_a-memset.o)
                0x00003918                memset
 .text          0x00003928       0x14 c:/program files (x86)/embitz/1.11/share/em_armgcc/bin/../lib/gcc/arm-none-eabi/5.4.1/armv6-m\libgcc.a(_thumb1_case_uqi.o)
                0x00003928                __gnu_thumb1_case_uqi
 .text          0x0000393c      0x114 c:/program files (x86)/embitz/1.11/share/em_armgcc/bin/../lib/gcc/arm-none-eabi/5.4.1/armv6-m\libgcc.a(_udivsi3.o)
                0x0000393c                __aeabi_uidiv
                0x0000393c                __udivsi3
                0x00003a48                __aeabi_uidivmod
 .text          0x00003a50      0x1d4 c:/program files (x86)/embitz/1.11/share/em_armgcc/bin/../lib/gcc/arm-none-eabi/5.4.1/armv6-m\libgcc.a(_divsi3.o)
                0x00003a50                __divsi3
                0x00003a50                __aeabi_idiv
                0x00003c1c                __aeabi_idivmod
 .text          0x00003c24        0x4 c:/program files (x86)/embitz/1.11/share/em_armgcc/bin/../lib/gcc/arm-none-eabi/5.4.1/armv6-m\libgcc.a(_dvmd_tls.o)
                0x00003c24                __aeabi_idiv0
                0x00003c24                __aeabi_ldiv0
 .text          0x00003c28       0x7c c:/program files (x86)/embitz/1.11/share/em_armgcc/bin/../lib/gcc/arm-none-eabi/5.4.1/armv6-m\libgcc.a(_arm_cmpdf2.o)
                0x00003c28                __aeabi_cdrcmple
                0x00003c38                __aeabi_cdcmple
                0x00003c38                __aeabi_cdcmpeq
                0x00003c48                __aeabi_dcmpeq
                0x00003c54                __aeabi_dcmplt
                0x00003c68                __aeabi_dcmple
                0x00003c7c                __aeabi_dcmpgt
                0x00003c90                __aeabi_dcmpge
 .text          0x00003ca4       0x74 c:/program files (x86)/embitz/1.11/share/em_armgcc/bin/../lib/gcc/arm-none-eabi/5.4.1/armv6-m\libgcc.a(_arm_cmpsf2.o)
                0x00003ca4                __aeabi_cfrcmple
                0x00003cac                __aeabi_cfcmpeq
                0x00003cac                __aeabi_cfcmple
                0x00003cbc                __aeabi_fcmpeq
                0x00003cc8                __aeabi_fcmplt
                0x00003cdc                __aeabi_fcmple
                0x00003cf0                __aeabi_fcmpgt
                0x00003d04                __aeabi_fcmpge
 .text          0x00003d18       0x30 c:/program files (x86)/embitz/1.11/share/em_armgcc/bin/../lib/gcc/arm-none-eabi/5.4.1/armv6-m\libgcc.a(_fixunssfsi.o)
                0x00003d18                __fixunssfsi
                0x00003d18                __aeabi_f2uiz
 .text          0x00003d48      0x2ec c:/program files (x86)/embitz/1.11/share/em_armgcc/bin/../lib/gcc/arm-none-eabi/5.4.1/armv6-m\libgcc.a(addsf3.o)
                0x00003d48                __aeabi_fadd
 .text          0x00004034      0x234 c:/program files (x86)/embitz/1.11/share/em_armgcc/bin/../lib/gcc/arm-none-eabi/5.4.1/armv6-m\libgcc.a(divsf3.o)
                0x00004034                __aeabi_fdiv
 .text          0x00004268       0x50 c:/program files (x86)/embitz/1.11/share/em_armgcc/bin/../lib/gcc/arm-none-eabi/5.4.1/armv6-m\libgcc.a(eqsf2.o)
                0x00004268                __eqsf2
                0x00004268                __nesf2
 .text          0x000042b8       0x88 c:/program files (x86)/embitz/1.11/share/em_armgcc/bin/../lib/gcc/arm-none-eabi/5.4.1/armv6-m\libgcc.a(gesf2.o)
                0x000042b8                __gesf2
                0x000042b8                __gtsf2
 .text          0x00004340       0x88 c:/program files (x86)/embitz/1.11/share/em_armgcc/bin/../lib/gcc/arm-none-eabi/5.4.1/armv6-m\libgcc.a(lesf2.o)
                0x00004340                __ltsf2
                0x00004340                __lesf2
 .text          0x000043c8      0x228 c:/program files (x86)/embitz/1.11/share/em_armgcc/bin/../lib/gcc/arm-none-eabi/5.4.1/armv6-m\libgcc.a(mulsf3.o)
                0x000043c8                __aeabi_fmul
 .text          0x000045f0      0x30c c:/program files (x86)/embitz/1.11/share/em_armgcc/bin/../lib/gcc/arm-none-eabi/5.4.1/armv6-m\libgcc.a(subsf3.o)
                0x000045f0                __aeabi_fsub
 .text          0x000048fc       0x44 c:/program files (x86)/embitz/1.11/share/em_armgcc/bin/../lib/gcc/arm-none-eabi/5.4.1/armv6-m\libgcc.a(fixsfsi.o)
                0x000048fc                __aeabi_f2iz
 .text          0x00004940       0x90 c:/program files (x86)/embitz/1.11/share/em_armgcc/bin/../lib/gcc/arm-none-eabi/5.4.1/armv6-m\libgcc.a(floatsisf.o)
                0x00004940                __aeabi_i2f
 .text          0x000049d0       0x7c c:/program files (x86)/embitz/1.11/share/em_armgcc/bin/../lib/gcc/arm-none-eabi/5.4.1/armv6-m\libgcc.a(floatunsisf.o)
                0x000049d0                __aeabi_ui2f
 .text          0x00004a4c      0x658 c:/program files (x86)/embitz/1.11/share/em_armgcc/bin/../lib/gcc/arm-none-eabi/5.4.1/armv6-m\libgcc.a(adddf3.o)
                0x00004a4c                __aeabi_dadd
 .text          0x000050a4       0x80 c:/program files (x86)/embitz/1.11/share/em_armgcc/bin/../lib/gcc/arm-none-eabi/5.4.1/armv6-m\libgcc.a(eqdf2.o)
                0x000050a4                __nedf2
                0x000050a4                __eqdf2
 .text          0x00005124       0xc8 c:/program files (x86)/embitz/1.11/share/em_armgcc/bin/../lib/gcc/arm-none-eabi/5.4.1/armv6-m\libgcc.a(gedf2.o)
                0x00005124                __gedf2
                0x00005124                __gtdf2
 .text          0x000051ec       0xd4 c:/program files (x86)/embitz/1.11/share/em_armgcc/bin/../lib/gcc/arm-none-eabi/5.4.1/armv6-m\libgcc.a(ledf2.o)
                0x000051ec                __ledf2
                0x000051ec                __ltdf2
 .text          0x000052c0       0x6c c:/program files (x86)/embitz/1.11/share/em_armgcc/bin/../lib/gcc/arm-none-eabi/5.4.1/armv6-m\libgcc.a(fixdfsi.o)
                0x000052c0                __aeabi_d2iz
 .text          0x0000532c       0xa8 c:/program files (x86)/embitz/1.11/share/em_armgcc/bin/../lib/gcc/arm-none-eabi/5.4.1/armv6-m\libgcc.a(extendsfdf2.o)
                0x0000532c                __aeabi_f2d
 .text          0x000053d4       0x3c c:/program files (x86)/embitz/1.11/share/em_armgcc/bin/../lib/gcc/arm-none-eabi/5.4.1/armv6-m\libgcc.a(_clzsi2.o)
                0x000053d4                __clzsi2
 *(.rodata .rodata.*)
 .rodata.str1.1
                0x00005410        0xe .objs\main.o
 .rodata.str1.1
                0x0000541e       0x31 .objs\pokitto\mbed-pokitto\common\assert.o
 *fill*         0x0000544f        0x1 ff
 .rodata._ZTVN4mbed11InterruptInE
                0x00005450       0x10 .objs\pokitto\mbed-pokitto\common\interruptin.o
                0x00005450                vtable for mbed::InterruptIn
 .rodata.str1.1
                0x00005460       0x60 .objs\pokitto\mbed-pokitto\common\pinmap_common.o
 .rodata._ZTVN4mbed3SPIE
                0x000054c0       0x14 .objs\pokitto\mbed-pokitto\common\spi.o
                0x000054c0                vtable for mbed::SPI
 .rodata.us_interface
                0x000054d4       0x14 .objs\pokitto\mbed-pokitto\common\us_ticker_api.o
 .rodata.us_data
                0x000054e8        0x8 .objs\pokitto\mbed-pokitto\common\us_ticker_api.o
 .rodata.str1.1
                0x000054f0       0x5f .objs\pokitto\mbed-pokitto\targets\hal\target_nxp\target_lpc11u6x\gpio_api.o
                                 0x72 (size before relaxing)
 *fill*         0x0000554f        0x1 ff
 .rodata.CSWTCH.17
                0x00005550       0x20 .objs\pokitto\mbed-pokitto\targets\hal\target_nxp\target_lpc11u6x\gpio_irq_api.o
 .rodata.str1.1
                0x00005570       0x45 .objs\pokitto\mbed-pokitto\targets\hal\target_nxp\target_lpc11u6x\pinmap.o
                                 0x58 (size before relaxing)
 *fill*         0x000055b5        0x3 ff
 .rodata.PinMap_PWM
                0x000055b8       0x6c .objs\pokitto\mbed-pokitto\targets\hal\target_nxp\target_lpc11u6x\pwmout_api.o
 .rodata.str1.1
                0x00005624       0x2b .objs\pokitto\mbed-pokitto\targets\hal\target_nxp\target_lpc11u6x\pwmout_api.o
 *fill*         0x0000564f        0x1 ff
 .rodata.SCTs   0x00005650        0x8 .objs\pokitto\mbed-pokitto\targets\hal\target_nxp\target_lpc11u6x\pwmout_api.o
 .rodata.PinMap_SPI_MISO
                0x00005658       0x3c .objs\pokitto\mbed-pokitto\targets\hal\target_nxp\target_lpc11u6x\spi_api.o
 .rodata.PinMap_SPI_SCLK
                0x00005694       0x48 .objs\pokitto\mbed-pokitto\targets\hal\target_nxp\target_lpc11u6x\spi_api.o
 .rodata.str1.1
                0x000056dc       0xbf .objs\pokitto\mbed-pokitto\targets\hal\target_nxp\target_lpc11u6x\spi_api.o
 *fill*         0x0000579b        0x1 ff
 .rodata.PinMap_SPI_MOSI
                0x0000579c       0x3c .objs\pokitto\mbed-pokitto\targets\hal\target_nxp\target_lpc11u6x\spi_api.o
 .rodata.PinMap_SPI_SSEL
                0x000057d8       0x3c .objs\pokitto\mbed-pokitto\targets\hal\target_nxp\target_lpc11u6x\spi_api.o
 .rodata.font5x7
                0x00005814      0x304 .objs\pokitto\pokitto_core\fonts\font5x7.o
                0x00005814                font5x7
 .rodata.fontC64
                0x00005b18      0x364 .objs\pokitto\pokitto_core\fonts\fontc64.o
                0x00005b18                fontC64
 .rodata.fntC64UIGfx
                0x00005e7c      0x364 .objs\pokitto\pokitto_core\fonts\fontc64uigfx.o
                0x00005e7c                fntC64UIGfx
 .rodata.fontMini
                0x000061e0      0x13a .objs\pokitto\pokitto_core\fonts\mini4x6.o
                0x000061e0                fontMini
 .rodata.paletteCGA
                0x0000631a       0x30 .objs\pokitto\pokitto_core\palettes\palcga.o
                0x0000631a                paletteCGA
 .rodata.str1.1
                0x0000634a      0x1e5 .objs\pokitto\pokitto_core\pokittocore.o
                                0x1f6 (size before relaxing)
 .rodata.Pokitto_logo
                0x0000652f      0x50a .objs\pokitto\pokitto_core\pokittologos.o
                0x0000652f                Pokitto_logo
 .rodata.Pokitto_headphones
                0x00006a39       0x22 .objs\pokitto\pokitto_core\pokittologos.o
                0x00006a39                Pokitto_headphones
 .rodata.Pokitto_speaker
                0x00006a5b       0x22 .objs\pokitto\pokitto_core\pokittologos.o
                0x00006a5b                Pokitto_speaker
 .rodata.Pokitto_volumebar
                0x00006a7d        0x6 .objs\pokitto\pokitto_core\pokittologos.o
                0x00006a7d                Pokitto_volumebar
 *fill*         0x00006a83        0x1 ff
 .rodata.__sf_fake_stdin
                0x00006a84       0x20 c:/program files (x86)/embitz/1.11/share/em_armgcc/bin/../lib/gcc/arm-none-eabi/5.4.1/../../../../arm-none-eabi/lib/armv6-m\libc_n.a(lib_a-findfp.o)
                0x00006a84                __sf_fake_stdin
 .rodata.__sf_fake_stdout
                0x00006aa4       0x20 c:/program files (x86)/embitz/1.11/share/em_armgcc/bin/../lib/gcc/arm-none-eabi/5.4.1/../../../../arm-none-eabi/lib/armv6-m\libc_n.a(lib_a-findfp.o)
                0x00006aa4                __sf_fake_stdout
 .rodata.__sf_fake_stderr
                0x00006ac4       0x20 c:/program files (x86)/embitz/1.11/share/em_armgcc/bin/../lib/gcc/arm-none-eabi/5.4.1/../../../../arm-none-eabi/lib/armv6-m\libc_n.a(lib_a-findfp.o)
                0x00006ac4                __sf_fake_stderr
 .rodata.str1.1
                0x00006ae4      0x1e5 c:/program files (x86)/embitz/1.11/share/em_armgcc/bin/../lib/gcc/arm-none-eabi/5.4.1/../../../../arm-none-eabi/lib/armv6-m\libc_n.a(lib_a-impure.o)
                                  0x2 (size before relaxing)
 .rodata        0x00006ae4       0x80 c:/program files (x86)/embitz/1.11/share/em_armgcc/bin/../lib/gcc/arm-none-eabi/5.4.1/armv6-m\libgcc.a(divsf3.o)
 .rodata        0x00006b64       0x40 c:/program files (x86)/embitz/1.11/share/em_armgcc/bin/../lib/gcc/arm-none-eabi/5.4.1/armv6-m\libgcc.a(mulsf3.o)
                0x00006ccc                . = ALIGN (0x4)
                0x00006ccc                . = ALIGN (0x4)
 *(.init)
 .init          0x00006ba4        0x4 c:/program files (x86)/embitz/1.11/share/em_armgcc/bin/../lib/gcc/arm-none-eabi/5.4.1/armv6-m/crti.o
                0x00006ba4                _init
 .init          0x00006ba8        0x8 c:/program files (x86)/embitz/1.11/share/em_armgcc/bin/../lib/gcc/arm-none-eabi/5.4.1/armv6-m/crtn.o
                0x00006ccc                . = ALIGN (0x4)
                0x00006ccc                __preinit_array_start = .
 *(.preinit_array)
                0x00006ccc                __preinit_array_end = .
                0x00006ccc                . = ALIGN (0x4)
                0x00006ccc                __init_array_start = .
 *(SORT(.init_array.*))
 *(.init_array)
 .init_array    0x00006bb0        0x4 c:/program files (x86)/embitz/1.11/share/em_armgcc/bin/../lib/gcc/arm-none-eabi/5.4.1/armv6-m/crtbegin.o
 .init_array    0x00006bb4        0x4 .objs\main.o
 .init_array    0x00006bb8        0x4 .objs\pokitto\pokitto_core\pokittoconsole.o
 .init_array    0x00006bbc        0x4 .objs\pokitto\pokitto_core\pokittocore.o
 .init_array    0x00006bc0        0x4 .objs\pokitto\pokitto_core\pokittodisk.o
 .init_array    0x00006bc4        0x4 .objs\pokitto\pokitto_core\pokittodisplay.o
 .init_array    0x00006bc8        0x4 .objs\pokitto\pokitto_core\pokittosound.o
 .init_array    0x00006bcc        0x4 .objs\pokitto\pokitto_hw\hwbuttons.o
 .init_array    0x00006bd0        0x4 .objs\pokitto\pokitto_libs\synth\synth.o
                0x00006ccc                __init_array_end = .
 *(.fini)
 .fini          0x00006bd4        0x4 c:/program files (x86)/embitz/1.11/share/em_armgcc/bin/../lib/gcc/arm-none-eabi/5.4.1/armv6-m/crti.o
                0x00006bd4                _fini
 .fini          0x00006bd8        0x8 c:/program files (x86)/embitz/1.11/share/em_armgcc/bin/../lib/gcc/arm-none-eabi/5.4.1/armv6-m/crtn.o
                0x00006ccc                . = ALIGN (0x4)
 *crtbegin.o(.ctors)
 *(EXCLUDE_FILE(*crtend.o) .ctors)
 *(SORT(.ctors.*))
 *crtend.o(.ctors)
                0x00006ccc                . = ALIGN (0x4)
 *crtbegin.o(.dtors)
 *(EXCLUDE_FILE(*crtend.o) .dtors)
 *(SORT(.dtors.*))
 *crtend.o(.dtors)

.glue_7         0x00006be0        0x0
 .glue_7        0x00006be0        0x0 linker stubs

.glue_7t        0x00006be0        0x0
 .glue_7t       0x00006be0        0x0 linker stubs

.vfp11_veneer   0x00006be0        0x0
 .vfp11_veneer  0x00006be0        0x0 linker stubs

.v4_bx          0x00006be0        0x0
 .v4_bx         0x00006be0        0x0 linker stubs

.iplt           0x00006be0        0x0
 .iplt          0x00006be0        0x0 c:/program files (x86)/embitz/1.11/share/em_armgcc/bin/../lib/gcc/arm-none-eabi/5.4.1/armv6-m/crtbegin.o

.eh_frame       0x00006be0        0x0
 .eh_frame      0x00006be0        0x0 c:/program files (x86)/embitz/1.11/share/em_armgcc/bin/../lib/gcc/arm-none-eabi/5.4.1/armv6-m/crtbegin.o

.rel.dyn        0x00006be0        0x0
 .rel.iplt      0x00006be0        0x0 c:/program files (x86)/embitz/1.11/share/em_armgcc/bin/../lib/gcc/arm-none-eabi/5.4.1/armv6-m/crtbegin.o

.ARM.extab
 *(.ARM.extab* .gnu.linkonce.armextab.*)
                0x00006be0                __exidx_start = .

.ARM.exidx
 *(.ARM.exidx* .gnu.linkonce.armexidx.*)
                0x00006be0                __exidx_end = .
                0x00006be0                _etext = .

.mtb_buffer_RAM2
 *(.mtb.$RAM2*)
 *(.mtb.$RAM1_2*)

.data_RAM2      0x20000000        0x0 load address 0x00006be0
 FILL mask 0xff
 *(.ramfunc.$RAM2)
 *(.ramfunc.$Ram1_2)
 *(.data.$RAM2*)
 *(.data.$Ram1_2*)
                0x20000000                . = ALIGN (0x4)

.mtb_buffer_RAM3
 *(.mtb.$RAM3*)
 *(.mtb.$RAM2USB_2*)

.data_RAM3      0x20004000        0x0 load address 0x00006be0
 FILL mask 0xff
 *(.ramfunc.$RAM3)
 *(.ramfunc.$Ram2USB_2)
 *(.data.$RAM3*)
 *(.data.$Ram2USB_2*)
                0x20004000                . = ALIGN (0x4)

.mtb_buffer_default
 *(.mtb*)

.uninit_RESERVED
                0x10000100        0x0
 *(.bss.$RESERVED*)
                0x10000100                . = ALIGN (0x4)
                0x10000100                _end_uninit_RESERVED = .

.data           0x10000100       0x80 load address 0x00006be0
 FILL mask 0xff
                0x10000100                _data = .
 *(vtable)
 *(.ramfunc*)
 *(.data*)
 .data          0x10000100        0x4 c:/program files (x86)/embitz/1.11/share/em_armgcc/bin/../lib/gcc/arm-none-eabi/5.4.1/armv6-m/crtbegin.o
                0x10000100                __dso_handle
 .data.SystemCoreClock
                0x10000104        0x4 .objs\pokitto\mbed-pokitto\targets\cmsis\target_nxp\target_lpc11u6x\system_lpc11u6x.o
                0x10000104                SystemCoreClock
 .data._ZN7Pokitto7Display11directcolorE
                0x10000108        0x2 .objs\pokitto\pokitto_core\pokittodisplay.o
                0x10000108                Pokitto::Display::directcolor
 .data._ZN7Pokitto7Display14adjustLineStepE
                0x1000010a        0x1 .objs\pokitto\pokitto_core\pokittodisplay.o
                0x1000010a                Pokitto::Display::adjustLineStep
 .data._ZN7Pokitto7Display3bppE
                0x1000010b        0x1 .objs\pokitto\pokitto_core\pokittodisplay.o
                0x1000010b                Pokitto::Display::bpp
 .data._ZN7Pokitto7Display8textWrapE
                0x1000010c        0x1 .objs\pokitto\pokitto_core\pokittodisplay.o
                0x1000010c                Pokitto::Display::textWrap
 *fill*         0x1000010d        0x1 ff
 .data._ZN7Pokitto7Display5colorE
                0x1000010e        0x2 .objs\pokitto\pokitto_core\pokittodisplay.o
                0x1000010e                Pokitto::Display::color
 .data._ZN7Pokitto7Display8fontSizeE
                0x10000110        0x1 .objs\pokitto\pokitto_core\pokittodisplay.o
                0x10000110                Pokitto::Display::fontSize
 .data._ZN7Pokitto7Display14adjustCharStepE
                0x10000111        0x1 .objs\pokitto\pokitto_core\pokittodisplay.o
                0x10000111                Pokitto::Display::adjustCharStep
 .data._ZN7Pokitto7Display5widthE
                0x10000112        0x1 .objs\pokitto\pokitto_core\pokittodisplay.o
                0x10000112                Pokitto::Display::width
 *fill*         0x10000113        0x1 ff
 .data._ZN7Pokitto7Display14invisiblecolorE
                0x10000114        0x2 .objs\pokitto\pokitto_core\pokittodisplay.o
                0x10000114                Pokitto::Display::invisiblecolor
 .data._ZN7Pokitto7Display6heightE
                0x10000116        0x1 .objs\pokitto\pokitto_core\pokittodisplay.o
                0x10000116                Pokitto::Display::height
 *fill*         0x10000117        0x1 ff
 .data._ZN7Pokitto5Sound9volumeMaxE
                0x10000118        0x2 .objs\pokitto\pokitto_core\pokittosound.o
                0x10000118                Pokitto::Sound::volumeMax
 .data.tempo    0x1000011a        0x1 .objs\pokitto\pokitto_libs\synth\synth.o
                0x1000011a                tempo
 *fill*         0x1000011b        0x1 ff
 .data.impure_data
                0x1000011c       0x60 c:/program files (x86)/embitz/1.11/share/em_armgcc/bin/../lib/gcc/arm-none-eabi/5.4.1/../../../../arm-none-eabi/lib/armv6-m\libc_n.a(lib_a-impure.o)
 .data._impure_ptr
                0x1000017c        0x4 c:/program files (x86)/embitz/1.11/share/em_armgcc/bin/../lib/gcc/arm-none-eabi/5.4.1/../../../../arm-none-eabi/lib/armv6-m\libc_n.a(lib_a-impure.o)
                0x1000017c                _impure_ptr
                0x10000180                . = ALIGN (0x4)
                0x10000180                _edata = .

.jcr            0x10000180        0x0 load address 0x00006c60
 .jcr           0x10000180        0x0 c:/program files (x86)/embitz/1.11/share/em_armgcc/bin/../lib/gcc/arm-none-eabi/5.4.1/armv6-m/crtbegin.o

.igot.plt       0x10000180        0x0 load address 0x00006c60
 .igot.plt      0x10000180        0x0 c:/program files (x86)/embitz/1.11/share/em_armgcc/bin/../lib/gcc/arm-none-eabi/5.4.1/armv6-m/crtbegin.o

.bss_RAM2       0x20000000        0x0
 *(.bss.$RAM2*)
 *(.bss.$Ram1_2*)
                0x20000000                . = ALIGN (0x4)

.bss_RAM3       0x20004000        0x0
 *(.bss.$RAM3*)
 *(.bss.$Ram2USB_2*)
                0x20004000                . = ALIGN (0x4)

.bss            0x10000180     0x2920
                0x10000180                _bss = .
 *(.bss*)
 .bss           0x10000180       0x1c c:/program files (x86)/embitz/1.11/share/em_armgcc/bin/../lib/gcc/arm-none-eabi/5.4.1/armv6-m/crtbegin.o
 .bss.mygame    0x1000019c        0x1 .objs\main.o
                0x1000019c                mygame
 *fill*         0x1000019d        0x3 
 .bss._ZN4mbed3SPI6_ownerE
                0x100001a0        0x4 .objs\pokitto\mbed-pokitto\common\spi.o
                0x100001a0                mbed::SPI::_owner
 .bss.events    0x100001a4        0x8 .objs\pokitto\mbed-pokitto\common\us_ticker_api.o
 .bss.gpio_enabled
                0x100001ac        0x4 .objs\pokitto\mbed-pokitto\targets\hal\target_nxp\target_lpc11u6x\gpio_api.o
 .bss.irq_handler
                0x100001b0        0x4 .objs\pokitto\mbed-pokitto\targets\hal\target_nxp\target_lpc11u6x\gpio_irq_api.o
 .bss.channel_ids
                0x100001b4       0x20 .objs\pokitto\mbed-pokitto\targets\hal\target_nxp\target_lpc11u6x\gpio_irq_api.o
 .bss.sct_used  0x100001d4        0x1 .objs\pokitto\mbed-pokitto\targets\hal\target_nxp\target_lpc11u6x\pwmout_api.o
 *fill*         0x100001d5        0x3 
 .bss.us_ticker_inited
                0x100001d8        0x4 .objs\pokitto\mbed-pokitto\targets\hal\target_nxp\target_lpc11u6x\us_ticker.o
                0x100001d8                us_ticker_inited
 .bss._ZN7Pokitto7Battery7voltageE
                0x100001dc        0x2 .objs\pokitto\pokitto_core\pokittobattery.o
                0x100001dc                Pokitto::Battery::voltage
 .bss._ZN7Pokitto7Battery5levelE
                0x100001de        0x1 .objs\pokitto\pokitto_core\pokittobattery.o
                0x100001de                Pokitto::Battery::level
 .bss._ZN7Pokitto7Battery4showE
                0x100001df        0x1 .objs\pokitto\pokitto_core\pokittobattery.o
                0x100001df                Pokitto::Battery::show
 .bss._ZN7Pokitto7Buttons13buttons_stateE
                0x100001e0        0x1 .objs\pokitto\pokitto_core\pokittobuttons.o
                0x100001e0                Pokitto::Buttons::buttons_state
 .bss._ZN7Pokitto7Buttons6statesE
                0x100001e1        0x7 .objs\pokitto\pokitto_core\pokittobuttons.o
                0x100001e1                Pokitto::Buttons::states
 .bss._ZN7Pokitto7Buttons16buttons_releasedE
                0x100001e8        0x1 .objs\pokitto\pokitto_core\pokittobuttons.o
                0x100001e8                Pokitto::Buttons::buttons_released
 .bss._ZN7Pokitto7Buttons12buttons_heldE
                0x100001e9        0x1 .objs\pokitto\pokitto_core\pokittobuttons.o
                0x100001e9                Pokitto::Buttons::buttons_held
 .bss._ZN7Pokitto7Console8conslastE
                0x100001ea        0x1 .objs\pokitto\pokitto_core\pokittoconsole.o
                0x100001ea                Pokitto::Console::conslast
 .bss.pConsole  0x100001eb        0x1 .objs\pokitto\pokitto_core\pokittoconsole.o
                0x100001eb                pConsole
 .bss._ZN7Pokitto7Console5colorE
                0x100001ec        0x2 .objs\pokitto\pokitto_core\pokittoconsole.o
                0x100001ec                Pokitto::Console::color
 .bss._ZN7Pokitto7Console4modeE
                0x100001ee        0x1 .objs\pokitto\pokitto_core\pokittoconsole.o
                0x100001ee                Pokitto::Console::mode
 .bss._ZN7Pokitto7Console11conspointerE
                0x100001ef        0x1 .objs\pokitto\pokitto_core\pokittoconsole.o
                0x100001ef                Pokitto::Console::conspointer
 .bss._ZN7Pokitto7Console11conscounterE
                0x100001f0        0x2 .objs\pokitto\pokitto_core\pokittoconsole.o
                0x100001f0                Pokitto::Console::conscounter
 *fill*         0x100001f2        0x2 
 .bss._ZN7Pokitto7Console4fontE
                0x100001f4        0x4 .objs\pokitto\pokitto_core\pokittoconsole.o
                0x100001f4                Pokitto::Console::font
 .bss._ZN7Pokitto7Console9consfirstE
                0x100001f8        0x1 .objs\pokitto\pokitto_core\pokittoconsole.o
                0x100001f8                Pokitto::Console::consfirst
 *fill*         0x100001f9        0x3 
 .bss._ZN7Pokitto4Core10frameCountE
                0x100001fc        0x4 .objs\pokitto\pokitto_core\pokittocore.o
                0x100001fc                Pokitto::Core::frameCount
 .bss._ZN7Pokitto4Core14startMenuTimerE
                0x10000200        0x1 .objs\pokitto\pokitto_core\pokittocore.o
                0x10000200                Pokitto::Core::startMenuTimer
 .bss._ZN7Pokitto4Core9run_stateE
                0x10000201        0x1 .objs\pokitto\pokitto_core\pokittocore.o
                0x10000201                Pokitto::Core::run_state
 .bss._ZN7Pokitto4Core12timePerFrameE
                0x10000202        0x1 .objs\pokitto\pokitto_core\pokittocore.o
                0x10000202                Pokitto::Core::timePerFrame
 .bss._ZN7Pokitto4Core14volbar_visibleE
                0x10000203        0x1 .objs\pokitto\pokitto_core\pokittocore.o
                0x10000203                Pokitto::Core::volbar_visible
 .bss._ZN7Pokitto4Core7displayE
                0x10000204        0x1 .objs\pokitto\pokitto_core\pokittocore.o
                0x10000204                Pokitto::Core::display
 *fill*         0x10000205        0x3 
 .bss._ZN7Pokitto4Core14frameEndMicrosE
                0x10000208        0x4 .objs\pokitto\pokitto_core\pokittocore.o
                0x10000208                Pokitto::Core::frameEndMicros
 .bss._ZN7Pokitto4Core9popupTextE
                0x1000020c        0x4 .objs\pokitto\pokitto_core\pokittocore.o
                0x1000020c                Pokitto::Core::popupText
 .bss._ZN7Pokitto4Core15nextFrameMillisE
                0x10000210        0x4 .objs\pokitto\pokitto_core\pokittocore.o
                0x10000210                Pokitto::Core::nextFrameMillis
 .bss._ZN7Pokitto4Core13popupTimeLeftE
                0x10000214        0x1 .objs\pokitto\pokitto_core\pokittocore.o
                0x10000214                Pokitto::Core::popupTimeLeft
 *fill*         0x10000215        0x3 
 .bss.device    0x10000218       0x18 .objs\pokitto\pokitto_core\pokittodisk.o
                0x10000218                device
 .bss           0x10000230     0x25d0 .objs\pokitto\pokitto_core\pokittodisplay.o
                0x10000230                Pokitto::Display::screenbuffer
 .bss._ZN7Pokitto7Display12m_colordepthE
                0x10002800        0x1 .objs\pokitto\pokitto_core\pokittodisplay.o
                0x10002800                Pokitto::Display::m_colordepth
 *fill*         0x10002801        0x1 
 .bss._ZN7Pokitto7Display3m_wE
                0x10002802        0x2 .objs\pokitto\pokitto_core\pokittodisplay.o
                0x10002802                Pokitto::Display::m_w
 .bss._ZN7Pokitto7Display7paletteE
                0x10002804       0x20 .objs\pokitto\pokitto_core\pokittodisplay.o
                0x10002804                Pokitto::Display::palette
 .bss._ZN7Pokitto7Display8m_scrbufE
                0x10002824        0x4 .objs\pokitto\pokitto_core\pokittodisplay.o
                0x10002824                Pokitto::Display::m_scrbuf
 .bss._ZN7Pokitto7Display11persistenceE
                0x10002828        0x1 .objs\pokitto\pokitto_core\pokittodisplay.o
                0x10002828                Pokitto::Display::persistence
 *fill*         0x10002829        0x3 
 .bss._ZN7Pokitto7Display10paletteptrE
                0x1000282c        0x4 .objs\pokitto\pokitto_core\pokittodisplay.o
                0x1000282c                Pokitto::Display::paletteptr
 .bss._ZN7Pokitto7Display10fontHeightE
                0x10002830        0x1 .objs\pokitto\pokitto_core\pokittodisplay.o
                0x10002830                Pokitto::Display::fontHeight
 .bss._ZN7Pokitto7Display9fontWidthE
                0x10002831        0x1 .objs\pokitto\pokitto_core\pokittodisplay.o
                0x10002831                Pokitto::Display::fontWidth
 .bss._ZN7Pokitto7Display7bgcolorE
                0x10002832        0x2 .objs\pokitto\pokitto_core\pokittodisplay.o
                0x10002832                Pokitto::Display::bgcolor
 .bss._ZN7Pokitto7Display4fontE
                0x10002834        0x4 .objs\pokitto\pokitto_core\pokittodisplay.o
                0x10002834                Pokitto::Display::font
 .bss._ZN7Pokitto7Display7cursorXE
                0x10002838        0x2 .objs\pokitto\pokitto_core\pokittodisplay.o
                0x10002838                Pokitto::Display::cursorX
 .bss._ZN7Pokitto7Display3m_hE
                0x1000283a        0x2 .objs\pokitto\pokitto_core\pokittodisplay.o
                0x1000283a                Pokitto::Display::m_h
 .bss.core      0x1000283c        0x1 .objs\pokitto\pokitto_core\pokittodisplay.o
                0x1000283c                core
 *fill*         0x1000283d        0x1 
 .bss._ZN7Pokitto7Display7cursorYE
                0x1000283e        0x2 .objs\pokitto\pokitto_core\pokittodisplay.o
                0x1000283e                Pokitto::Display::cursorY
 .bss._ZN7Pokitto7Display13directbgcolorE
                0x10002840        0x2 .objs\pokitto\pokitto_core\pokittodisplay.o
                0x10002840                Pokitto::Display::directbgcolor
 .bss._ZN7Pokitto7Display6m_modeE
                0x10002842        0x1 .objs\pokitto\pokitto_core\pokittodisplay.o
                0x10002842                Pokitto::Display::m_mode
 .bss.c         0x10002843        0x1 .objs\pokitto\pokitto_core\pokittosound.o
                0x10002843                c
 .bss._ZN7Pokitto5Sound12globalVolumeE
                0x10002844        0x2 .objs\pokitto\pokitto_core\pokittosound.o
                0x10002844                Pokitto::Sound::globalVolume
 *fill*         0x10002846        0x2 
 .bss.CBtn      0x10002848       0x50 .objs\pokitto\pokitto_hw\hwbuttons.o
                0x10002848                CBtn
 .bss.DBtn      0x10002898       0x50 .objs\pokitto\pokitto_hw\hwbuttons.o
                0x10002898                DBtn
 .bss._bd       0x100028e8        0x1 .objs\pokitto\pokitto_hw\hwbuttons.o
                0x100028e8                _bd
 *fill*         0x100028e9        0x3 
 .bss.LBtn      0x100028ec       0x50 .objs\pokitto\pokitto_hw\hwbuttons.o
                0x100028ec                LBtn
 .bss.RBtn      0x1000293c       0x50 .objs\pokitto\pokitto_hw\hwbuttons.o
                0x1000293c                RBtn
 .bss.UBtn      0x1000298c       0x50 .objs\pokitto\pokitto_hw\hwbuttons.o
                0x1000298c                UBtn
 .bss._ZN7Pokitto10heldStatesE
                0x100029dc        0x7 .objs\pokitto\pokitto_hw\hwbuttons.o
                0x100029dc                Pokitto::heldStates
 *fill*         0x100029e3        0x1 
 .bss.ABtn      0x100029e4       0x50 .objs\pokitto\pokitto_hw\hwbuttons.o
                0x100029e4                ABtn
 .bss.BBtn      0x10002a34       0x50 .objs\pokitto\pokitto_hw\hwbuttons.o
                0x10002a34                BBtn
 .bss.prevdata  0x10002a84        0x2 .objs\pokitto\pokitto_hw\hwlcd.o
                0x10002a84                prevdata
 *fill*         0x10002a86        0x2 
 .bss.backlightpwm
                0x10002a88        0x8 .objs\pokitto\pokitto_hw\hwlcd.o
                0x10002a88                backlightpwm
 .bss.pt_count  0x10002a90        0x4 .objs\pokitto\pokitto_hw\pokittoclock.o
                0x10002a90                pt_count
 .bss._ZN7Pokitto4Core11refreshtimeE
                0x10002a94        0x4 .objs\pokitto\pokitto_hw\pokittoclock.o
                0x10002a94                Pokitto::Core::refreshtime
 .bss.samplespertick
                0x10002a98        0x2 .objs\pokitto\pokitto_libs\synth\synth.o
                0x10002a98                samplespertick
 *fill*         0x10002a9a        0x2 
 .bss.per       0x10002a9c        0x4 .objs\pokitto\pokitto_libs\synth\synth.o
                0x10002a9c                per
 *(COMMON)
                0x10002aa0                . = ALIGN (0x4)
                0x10002aa0                _ebss = .
                [!provide]                PROVIDE (end, .)
                0x10002aa0                __end__ = .

.noinit_RAM2    0x20000000        0x0
 *(.noinit.$RAM2*)
 *(.noinit.$Ram1_2*)
                0x20000000                . = ALIGN (0x4)

.noinit_RAM3    0x20004000        0x0
 *(.noinit.$RAM3*)
 *(.noinit.$Ram2USB_2*)
                0x20004000                . = ALIGN (0x4)

.noinit         0x10002aa0        0x0
                0x10002aa0                _noinit = .
 *(.noinit*)
                0x10002aa0                . = ALIGN (0x4)
                0x10002aa0                _end_noinit = .
                [!provide]                PROVIDE (_pvHeapStart, .)
                0x10008000                PROVIDE (_vStackTop, (__top_Ram0_32 - 0x0))
LOAD .objs\main.o
LOAD .objs\pokitto\libpff\mmc.o
LOAD .objs\pokitto\libpff\pff.o
LOAD .objs\pokitto\mbed-pokitto\common\assert.o
LOAD .objs\pokitto\mbed-pokitto\common\board.o
LOAD .objs\pokitto\mbed-pokitto\common\busin.o
LOAD .objs\pokitto\mbed-pokitto\common\businout.o
LOAD .objs\pokitto\mbed-pokitto\common\busout.o
LOAD .objs\pokitto\mbed-pokitto\common\callchain.o
LOAD .objs\pokitto\mbed-pokitto\common\can.o
LOAD .objs\pokitto\mbed-pokitto\common\error.o
LOAD .objs\pokitto\mbed-pokitto\common\ethernet.o
LOAD .objs\pokitto\mbed-pokitto\common\filebase.o
LOAD .objs\pokitto\mbed-pokitto\common\filelike.o
LOAD .objs\pokitto\mbed-pokitto\common\filepath.o
LOAD .objs\pokitto\mbed-pokitto\common\filesystemlike.o
LOAD .objs\pokitto\mbed-pokitto\common\gpio.o
LOAD .objs\pokitto\mbed-pokitto\common\i2c.o
LOAD .objs\pokitto\mbed-pokitto\common\i2cslave.o
LOAD .objs\pokitto\mbed-pokitto\common\interruptin.o
LOAD .objs\pokitto\mbed-pokitto\common\interruptmanager.o
LOAD .objs\pokitto\mbed-pokitto\common\localfilesystem.o
LOAD .objs\pokitto\mbed-pokitto\common\lp_ticker_api.o
LOAD .objs\pokitto\mbed-pokitto\common\mbed_interface.o
LOAD .objs\pokitto\mbed-pokitto\common\pinmap_common.o
LOAD .objs\pokitto\mbed-pokitto\common\rawserial.o
LOAD .objs\pokitto\mbed-pokitto\common\retarget.o
LOAD .objs\pokitto\mbed-pokitto\common\rtc_time.o
LOAD .objs\pokitto\mbed-pokitto\common\semihost_api.o
LOAD .objs\pokitto\mbed-pokitto\common\serial.o
LOAD .objs\pokitto\mbed-pokitto\common\serialbase.o
LOAD .objs\pokitto\mbed-pokitto\common\spi.o
LOAD .objs\pokitto\mbed-pokitto\common\spislave.o
LOAD .objs\pokitto\mbed-pokitto\common\stream.o
LOAD .objs\pokitto\mbed-pokitto\common\ticker.o
LOAD .objs\pokitto\mbed-pokitto\common\ticker_api.o
LOAD .objs\pokitto\mbed-pokitto\common\timeout.o
LOAD .objs\pokitto\mbed-pokitto\common\timer.o
LOAD .objs\pokitto\mbed-pokitto\common\timerevent.o
LOAD .objs\pokitto\mbed-pokitto\common\us_ticker_api.o
LOAD .objs\pokitto\mbed-pokitto\common\wait_api.o
LOAD .objs\pokitto\mbed-pokitto\targets\cmsis\target_nxp\target_lpc11u6x\cmsis_nvic.o
LOAD .objs\pokitto\mbed-pokitto\targets\cmsis\target_nxp\target_lpc11u6x\system_lpc11u6x.o
LOAD .objs\pokitto\mbed-pokitto\targets\cmsis\target_nxp\target_lpc11u6x\toolchain_gcc_arm\target_lpc11u68\startup_lpc11u68.o
LOAD .objs\pokitto\mbed-pokitto\targets\hal\target_nxp\target_lpc11u6x\analogin_api.o
LOAD .objs\pokitto\mbed-pokitto\targets\hal\target_nxp\target_lpc11u6x\gpio_api.o
LOAD .objs\pokitto\mbed-pokitto\targets\hal\target_nxp\target_lpc11u6x\gpio_irq_api.o
LOAD .objs\pokitto\mbed-pokitto\targets\hal\target_nxp\target_lpc11u6x\i2c_api.o
LOAD .objs\pokitto\mbed-pokitto\targets\hal\target_nxp\target_lpc11u6x\pinmap.o
LOAD .objs\pokitto\mbed-pokitto\targets\hal\target_nxp\target_lpc11u6x\pwmout_api.o
LOAD .objs\pokitto\mbed-pokitto\targets\hal\target_nxp\target_lpc11u6x\rtc_api.o
LOAD .objs\pokitto\mbed-pokitto\targets\hal\target_nxp\target_lpc11u6x\serial_api.o
LOAD .objs\pokitto\mbed-pokitto\targets\hal\target_nxp\target_lpc11u6x\sleep.o
LOAD .objs\pokitto\mbed-pokitto\targets\hal\target_nxp\target_lpc11u6x\spi_api.o
LOAD .objs\pokitto\mbed-pokitto\targets\hal\target_nxp\target_lpc11u6x\us_ticker.o
LOAD .objs\pokitto\pokitto_core\fonts\adventurer12x16.o
LOAD .objs\pokitto\pokitto_core\fonts\donut7x10.o
LOAD .objs\pokitto\pokitto_core\fonts\dragon6x8.o
LOAD .objs\pokitto\pokitto_core\fonts\font3x3.o
LOAD .objs\pokitto\pokitto_core\fonts\font3x5.o
LOAD .objs\pokitto\pokitto_core\fonts\font5x7.o
LOAD .objs\pokitto\pokitto_core\fonts\fontc64.o
LOAD .objs\pokitto\pokitto_core\fonts\fontc64uigfx.o
LOAD .objs\pokitto\pokitto_core\fonts\karateka8x11.o
LOAD .objs\pokitto\pokitto_core\fonts\koubit7x7.o
LOAD .objs\pokitto\pokitto_core\fonts\mini4x6.o
LOAD .objs\pokitto\pokitto_core\fonts\runes6x8.o
LOAD .objs\pokitto\pokitto_core\fonts\tic806x6.o
LOAD .objs\pokitto\pokitto_core\fonts\tight4x7.o
LOAD .objs\pokitto\pokitto_core\fonts\tiny5x7.o
LOAD .objs\pokitto\pokitto_core\fonts\zxspec.o
LOAD .objs\pokitto\pokitto_core\palettes\palaction.o
LOAD .objs\pokitto\pokitto_core\palettes\palcga.o
LOAD .objs\pokitto\pokitto_core\palettes\paldb16.o
LOAD .objs\pokitto\pokitto_core\palettes\paldefault.o
LOAD .objs\pokitto\pokitto_core\palettes\palgameboy.o
LOAD .objs\pokitto\pokitto_core\palettes\palmagma.o
LOAD .objs\pokitto\pokitto_core\palettes\palmono.o
LOAD .objs\pokitto\pokitto_core\palettes\palpico.o
LOAD .objs\pokitto\pokitto_core\palettes\palrainbow.o
LOAD .objs\pokitto\pokitto_core\palettes\palzxspec.o
LOAD .objs\pokitto\pokitto_core\pokittobacklight.o
LOAD .objs\pokitto\pokitto_core\pokittobattery.o
LOAD .objs\pokitto\pokitto_core\pokittobuttons.o
LOAD .objs\pokitto\pokitto_core\pokittoconsole.o
LOAD .objs\pokitto\pokitto_core\pokittocore.o
LOAD .objs\pokitto\pokitto_core\pokittodisk.o
LOAD .objs\pokitto\pokitto_core\pokittodisplay.o
LOAD .objs\pokitto\pokitto_core\pokittoitoa.o
LOAD .objs\pokitto\pokitto_core\pokittologos.o
LOAD .objs\pokitto\pokitto_core\pokittopalette.o
LOAD .objs\pokitto\pokitto_core\pokittosound.o
LOAD .objs\pokitto\pokitto_hw\hwbuttons.o
LOAD .objs\pokitto\pokitto_hw\hwlcd.o
LOAD .objs\pokitto\pokitto_hw\hwsound.o
LOAD .objs\pokitto\pokitto_hw\iap.o
LOAD .objs\pokitto\pokitto_hw\pokitto_extport.o
LOAD .objs\pokitto\pokitto_hw\pokittoclock.o
LOAD .objs\pokitto\pokitto_hw\pokittohw.o
LOAD .objs\pokitto\pokitto_hw\softwarei2c.o
LOAD .objs\pokitto\pokitto_libs\synth\synth.o
LOAD .objs\pokitto\pokitto_libs\synth\synth_envfuncs.o
LOAD .objs\pokitto\pokitto_libs\synth\synth_helpers.o
LOAD .objs\pokitto\pokitto_libs\synth\synth_mixfuncs.o
LOAD .objs\pokitto\pokitto_libs\synth\synth_oscfuncs.o
LOAD .objs\pokitto\pokitto_libs\synth\synth_songfuncs.o
LOAD .objs\pokitto\pokitto_libs\synth\synth_wavefuncs.o
LOAD c:/program files (x86)/embitz/1.11/share/em_armgcc/bin/../lib/gcc/arm-none-eabi/5.4.1/../../../../arm-none-eabi/lib/armv6-m\libstdc++_s.a
LOAD c:/program files (x86)/embitz/1.11/share/em_armgcc/bin/../lib/gcc/arm-none-eabi/5.4.1/../../../../arm-none-eabi/lib/armv6-m\libsupc++_s.a
LOAD c:/program files (x86)/embitz/1.11/share/em_armgcc/bin/../lib/gcc/arm-none-eabi/5.4.1/../../../../arm-none-eabi/lib/armv6-m\libm.a
LOAD c:/program files (x86)/embitz/1.11/share/em_armgcc/bin/../lib/gcc/arm-none-eabi/5.4.1/../../../../arm-none-eabi/lib/armv6-m\libc_n.a
LOAD c:/program files (x86)/embitz/1.11/share/em_armgcc/bin/../lib/gcc/arm-none-eabi/5.4.1/armv6-m\libgcc.a
LOAD c:/program files (x86)/embitz/1.11/share/em_armgcc/bin/../lib/gcc/arm-none-eabi/5.4.1/../../../../arm-none-eabi/lib/armv6-m\libnosys.a
START GROUP
LOAD c:/program files (x86)/embitz/1.11/share/em_armgcc/bin/../lib/gcc/arm-none-eabi/5.4.1/armv6-m\libgcc.a
LOAD c:/program files (x86)/embitz/1.11/share/em_armgcc/bin/../lib/gcc/arm-none-eabi/5.4.1/../../../../arm-none-eabi/lib/armv6-m\libg_n.a
LOAD c:/program files (x86)/embitz/1.11/share/em_armgcc/bin/../lib/gcc/arm-none-eabi/5.4.1/../../../../arm-none-eabi/lib/armv6-m\libc_n.a
END GROUP
START GROUP
LOAD c:/program files (x86)/embitz/1.11/share/em_armgcc/bin/../lib/gcc/arm-none-eabi/5.4.1/armv6-m\libgcc.a
LOAD c:/program files (x86)/embitz/1.11/share/em_armgcc/bin/../lib/gcc/arm-none-eabi/5.4.1/../../../../arm-none-eabi/lib/armv6-m\libc_n.a
LOAD c:/program files (x86)/embitz/1.11/share/em_armgcc/bin/../lib/gcc/arm-none-eabi/5.4.1/../../../../arm-none-eabi/lib/armv6-m\libnosys_s.a
END GROUP
LOAD c:/program files (x86)/embitz/1.11/share/em_armgcc/bin/../lib/gcc/arm-none-eabi/5.4.1/armv6-m/crtend.o
LOAD c:/program files (x86)/embitz/1.11/share/em_armgcc/bin/../lib/gcc/arm-none-eabi/5.4.1/armv6-m/crtn.o
OUTPUT(.\build\HelloWorld.elf elf32-littlearm)

.ARM.attributes
                0x00000000       0x28
 .ARM.attributes
                0x00000000       0x1e c:/program files (x86)/embitz/1.11/share/em_armgcc/bin/../lib/gcc/arm-none-eabi/5.4.1/armv6-m/crti.o
 .ARM.attributes
                0x0000001e       0x2c c:/program files (x86)/embitz/1.11/share/em_armgcc/bin/../lib/gcc/arm-none-eabi/5.4.1/armv6-m/crtbegin.o
 .ARM.attributes
                0x0000004a       0x32 .objs\main.o
 .ARM.attributes
                0x0000007c       0x32 .objs\pokitto\mbed-pokitto\common\assert.o
 .ARM.attributes
                0x000000ae       0x32 .objs\pokitto\mbed-pokitto\common\error.o
 .ARM.attributes
                0x000000e0       0x32 .objs\pokitto\mbed-pokitto\common\gpio.o
 .ARM.attributes
                0x00000112       0x32 .objs\pokitto\mbed-pokitto\common\interruptin.o
 .ARM.attributes
                0x00000144       0x32 .objs\pokitto\mbed-pokitto\common\pinmap_common.o
 .ARM.attributes
                0x00000176       0x32 .objs\pokitto\mbed-pokitto\common\retarget.o
 .ARM.attributes
                0x000001a8       0x32 .objs\pokitto\mbed-pokitto\common\spi.o
 .ARM.attributes
                0x000001da       0x32 .objs\pokitto\mbed-pokitto\common\ticker_api.o
 .ARM.attributes
                0x0000020c       0x32 .objs\pokitto\mbed-pokitto\common\us_ticker_api.o
 .ARM.attributes
                0x0000023e       0x32 .objs\pokitto\mbed-pokitto\common\wait_api.o
 .ARM.attributes
                0x00000270       0x32 .objs\pokitto\mbed-pokitto\targets\cmsis\target_nxp\target_lpc11u6x\cmsis_nvic.o
 .ARM.attributes
                0x000002a2       0x32 .objs\pokitto\mbed-pokitto\targets\cmsis\target_nxp\target_lpc11u6x\system_lpc11u6x.o
 .ARM.attributes
                0x000002d4       0x32 .objs\pokitto\mbed-pokitto\targets\cmsis\target_nxp\target_lpc11u6x\toolchain_gcc_arm\target_lpc11u68\startup_lpc11u68.o
 .ARM.attributes
                0x00000306       0x32 .objs\pokitto\mbed-pokitto\targets\hal\target_nxp\target_lpc11u6x\gpio_api.o
 .ARM.attributes
                0x00000338       0x32 .objs\pokitto\mbed-pokitto\targets\hal\target_nxp\target_lpc11u6x\gpio_irq_api.o
 .ARM.attributes
                0x0000036a       0x32 .objs\pokitto\mbed-pokitto\targets\hal\target_nxp\target_lpc11u6x\pinmap.o
 .ARM.attributes
                0x0000039c       0x32 .objs\pokitto\mbed-pokitto\targets\hal\target_nxp\target_lpc11u6x\pwmout_api.o
 .ARM.attributes
                0x000003ce       0x32 .objs\pokitto\mbed-pokitto\targets\hal\target_nxp\target_lpc11u6x\spi_api.o
 .ARM.attributes
                0x00000400       0x32 .objs\pokitto\mbed-pokitto\targets\hal\target_nxp\target_lpc11u6x\us_ticker.o
 .ARM.attributes
                0x00000432       0x32 .objs\pokitto\pokitto_core\fonts\font5x7.o
 .ARM.attributes
                0x00000464       0x32 .objs\pokitto\pokitto_core\fonts\fontc64.o
 .ARM.attributes
                0x00000496       0x32 .objs\pokitto\pokitto_core\fonts\fontc64uigfx.o
 .ARM.attributes
                0x000004c8       0x32 .objs\pokitto\pokitto_core\fonts\mini4x6.o
 .ARM.attributes
                0x000004fa       0x32 .objs\pokitto\pokitto_core\palettes\palcga.o
 .ARM.attributes
                0x0000052c       0x32 .objs\pokitto\pokitto_core\pokittobacklight.o
 .ARM.attributes
                0x0000055e       0x32 .objs\pokitto\pokitto_core\pokittobattery.o
 .ARM.attributes
                0x00000590       0x32 .objs\pokitto\pokitto_core\pokittobuttons.o
 .ARM.attributes
                0x000005c2       0x32 .objs\pokitto\pokitto_core\pokittoconsole.o
 .ARM.attributes
                0x000005f4       0x32 .objs\pokitto\pokitto_core\pokittocore.o
 .ARM.attributes
                0x00000626       0x32 .objs\pokitto\pokitto_core\pokittodisk.o
 .ARM.attributes
                0x00000658       0x32 .objs\pokitto\pokitto_core\pokittodisplay.o
 .ARM.attributes
                0x0000068a       0x32 .objs\pokitto\pokitto_core\pokittologos.o
 .ARM.attributes
                0x000006bc       0x32 .objs\pokitto\pokitto_core\pokittopalette.o
 .ARM.attributes
                0x000006ee       0x32 .objs\pokitto\pokitto_core\pokittosound.o
 .ARM.attributes
                0x00000720       0x32 .objs\pokitto\pokitto_hw\hwbuttons.o
 .ARM.attributes
                0x00000752       0x32 .objs\pokitto\pokitto_hw\hwlcd.o
 .ARM.attributes
                0x00000784       0x32 .objs\pokitto\pokitto_hw\pokittoclock.o
 .ARM.attributes
                0x000007b6       0x32 .objs\pokitto\pokitto_hw\pokittohw.o
 .ARM.attributes
                0x000007e8       0x32 .objs\pokitto\pokitto_libs\synth\synth.o
 .ARM.attributes
                0x0000081a       0x2c c:/program files (x86)/embitz/1.11/share/em_armgcc/bin/../lib/gcc/arm-none-eabi/5.4.1/../../../../arm-none-eabi/lib/armv6-m\libm.a(lib_a-s_floor.o)
 .ARM.attributes
                0x00000846       0x2c c:/program files (x86)/embitz/1.11/share/em_armgcc/bin/../lib/gcc/arm-none-eabi/5.4.1/../../../../arm-none-eabi/lib/armv6-m\libc_n.a(lib_a-findfp.o)
 .ARM.attributes
                0x00000872       0x2c c:/program files (x86)/embitz/1.11/share/em_armgcc/bin/../lib/gcc/arm-none-eabi/5.4.1/../../../../arm-none-eabi/lib/armv6-m\libc_n.a(lib_a-impure.o)
 .ARM.attributes
                0x0000089e       0x2c c:/program files (x86)/embitz/1.11/share/em_armgcc/bin/../lib/gcc/arm-none-eabi/5.4.1/../../../../arm-none-eabi/lib/armv6-m\libc_n.a(lib_a-init.o)
 .ARM.attributes
                0x000008ca       0x2c c:/program files (x86)/embitz/1.11/share/em_armgcc/bin/../lib/gcc/arm-none-eabi/5.4.1/../../../../arm-none-eabi/lib/armv6-m\libc_n.a(lib_a-malloc.o)
 .ARM.attributes
                0x000008f6       0x2c c:/program files (x86)/embitz/1.11/share/em_armgcc/bin/../lib/gcc/arm-none-eabi/5.4.1/../../../../arm-none-eabi/lib/armv6-m\libc_n.a(lib_a-memset.o)
 .ARM.attributes
                0x00000922       0x1e c:/program files (x86)/embitz/1.11/share/em_armgcc/bin/../lib/gcc/arm-none-eabi/5.4.1/armv6-m\libgcc.a(_thumb1_case_uqi.o)
 .ARM.attributes
                0x00000940       0x1e c:/program files (x86)/embitz/1.11/share/em_armgcc/bin/../lib/gcc/arm-none-eabi/5.4.1/armv6-m\libgcc.a(_udivsi3.o)
 .ARM.attributes
                0x0000095e       0x1e c:/program files (x86)/embitz/1.11/share/em_armgcc/bin/../lib/gcc/arm-none-eabi/5.4.1/armv6-m\libgcc.a(_divsi3.o)
 .ARM.attributes
                0x0000097c       0x1e c:/program files (x86)/embitz/1.11/share/em_armgcc/bin/../lib/gcc/arm-none-eabi/5.4.1/armv6-m\libgcc.a(_dvmd_tls.o)
 .ARM.attributes
                0x0000099a       0x1e c:/program files (x86)/embitz/1.11/share/em_armgcc/bin/../lib/gcc/arm-none-eabi/5.4.1/armv6-m\libgcc.a(_arm_cmpdf2.o)
 .ARM.attributes
                0x000009b8       0x1e c:/program files (x86)/embitz/1.11/share/em_armgcc/bin/../lib/gcc/arm-none-eabi/5.4.1/armv6-m\libgcc.a(_arm_cmpsf2.o)
 .ARM.attributes
                0x000009d6       0x2c c:/program files (x86)/embitz/1.11/share/em_armgcc/bin/../lib/gcc/arm-none-eabi/5.4.1/armv6-m\libgcc.a(_fixunssfsi.o)
 .ARM.attributes
                0x00000a02       0x2c c:/program files (x86)/embitz/1.11/share/em_armgcc/bin/../lib/gcc/arm-none-eabi/5.4.1/armv6-m\libgcc.a(addsf3.o)
 .ARM.attributes
                0x00000a2e       0x2c c:/program files (x86)/embitz/1.11/share/em_armgcc/bin/../lib/gcc/arm-none-eabi/5.4.1/armv6-m\libgcc.a(divsf3.o)
 .ARM.attributes
                0x00000a5a       0x2c c:/program files (x86)/embitz/1.11/share/em_armgcc/bin/../lib/gcc/arm-none-eabi/5.4.1/armv6-m\libgcc.a(eqsf2.o)
 .ARM.attributes
                0x00000a86       0x2c c:/program files (x86)/embitz/1.11/share/em_armgcc/bin/../lib/gcc/arm-none-eabi/5.4.1/armv6-m\libgcc.a(gesf2.o)
 .ARM.attributes
                0x00000ab2       0x2c c:/program files (x86)/embitz/1.11/share/em_armgcc/bin/../lib/gcc/arm-none-eabi/5.4.1/armv6-m\libgcc.a(lesf2.o)
 .ARM.attributes
                0x00000ade       0x2c c:/program files (x86)/embitz/1.11/share/em_armgcc/bin/../lib/gcc/arm-none-eabi/5.4.1/armv6-m\libgcc.a(mulsf3.o)
 .ARM.attributes
                0x00000b0a       0x2c c:/program files (x86)/embitz/1.11/share/em_armgcc/bin/../lib/gcc/arm-none-eabi/5.4.1/armv6-m\libgcc.a(subsf3.o)
 .ARM.attributes
                0x00000b36       0x2c c:/program files (x86)/embitz/1.11/share/em_armgcc/bin/../lib/gcc/arm-none-eabi/5.4.1/armv6-m\libgcc.a(fixsfsi.o)
 .ARM.attributes
                0x00000b62       0x2c c:/program files (x86)/embitz/1.11/share/em_armgcc/bin/../lib/gcc/arm-none-eabi/5.4.1/armv6-m\libgcc.a(floatsisf.o)
 .ARM.attributes
                0x00000b8e       0x2c c:/program files (x86)/embitz/1.11/share/em_armgcc/bin/../lib/gcc/arm-none-eabi/5.4.1/armv6-m\libgcc.a(floatunsisf.o)
 .ARM.attributes
                0x00000bba       0x2c c:/program files (x86)/embitz/1.11/share/em_armgcc/bin/../lib/gcc/arm-none-eabi/5.4.1/armv6-m\libgcc.a(adddf3.o)
 .ARM.attributes
                0x00000be6       0x2c c:/program files (x86)/embitz/1.11/share/em_armgcc/bin/../lib/gcc/arm-none-eabi/5.4.1/armv6-m\libgcc.a(eqdf2.o)
 .ARM.attributes
                0x00000c12       0x2c c:/program files (x86)/embitz/1.11/share/em_armgcc/bin/../lib/gcc/arm-none-eabi/5.4.1/armv6-m\libgcc.a(gedf2.o)
 .ARM.attributes
                0x00000c3e       0x2c c:/program files (x86)/embitz/1.11/share/em_armgcc/bin/../lib/gcc/arm-none-eabi/5.4.1/armv6-m\libgcc.a(ledf2.o)
 .ARM.attributes
                0x00000c6a       0x2c c:/program files (x86)/embitz/1.11/share/em_armgcc/bin/../lib/gcc/arm-none-eabi/5.4.1/armv6-m\libgcc.a(fixdfsi.o)
 .ARM.attributes
                0x00000c96       0x2c c:/program files (x86)/embitz/1.11/share/em_armgcc/bin/../lib/gcc/arm-none-eabi/5.4.1/armv6-m\libgcc.a(extendsfdf2.o)
 .ARM.attributes
                0x00000cc2       0x1e c:/program files (x86)/embitz/1.11/share/em_armgcc/bin/../lib/gcc/arm-none-eabi/5.4.1/armv6-m\libgcc.a(_clzsi2.o)
 .ARM.attributes
                0x00000ce0       0x1e c:/program files (x86)/embitz/1.11/share/em_armgcc/bin/../lib/gcc/arm-none-eabi/5.4.1/armv6-m/crtn.o

.comment        0x00000000       0x6e
 .comment       0x00000000       0x6e .objs\main.o
                                 0x6f (size before relaxing)
 .comment       0x0000006e       0x6f .objs\pokitto\mbed-pokitto\common\assert.o
 .comment       0x0000006e       0x6f .objs\pokitto\mbed-pokitto\common\error.o
 .comment       0x0000006e       0x6f .objs\pokitto\mbed-pokitto\common\gpio.o
 .comment       0x0000006e       0x6f .objs\pokitto\mbed-pokitto\common\interruptin.o
 .comment       0x0000006e       0x6f .objs\pokitto\mbed-pokitto\common\pinmap_common.o
 .comment       0x0000006e       0x6f .objs\pokitto\mbed-pokitto\common\retarget.o
 .comment       0x0000006e       0x6f .objs\pokitto\mbed-pokitto\common\spi.o
 .comment       0x0000006e       0x6f .objs\pokitto\mbed-pokitto\common\ticker_api.o
 .comment       0x0000006e       0x6f .objs\pokitto\mbed-pokitto\common\us_ticker_api.o
 .comment       0x0000006e       0x6f .objs\pokitto\mbed-pokitto\common\wait_api.o
 .comment       0x0000006e       0x6f .objs\pokitto\mbed-pokitto\targets\cmsis\target_nxp\target_lpc11u6x\cmsis_nvic.o
 .comment       0x0000006e       0x6f .objs\pokitto\mbed-pokitto\targets\cmsis\target_nxp\target_lpc11u6x\system_lpc11u6x.o
 .comment       0x0000006e       0x6f .objs\pokitto\mbed-pokitto\targets\cmsis\target_nxp\target_lpc11u6x\toolchain_gcc_arm\target_lpc11u68\startup_lpc11u68.o
 .comment       0x0000006e       0x6f .objs\pokitto\mbed-pokitto\targets\hal\target_nxp\target_lpc11u6x\gpio_api.o